$ pnpm test:unit
started: 2026-08-17T18:09:00.915Z  durationMs: 57861  exit: 0


> reputation-key@ test:unit /Users/bozhidardenev/kodes/projects/rep-key
> vitest run --project=unit


 RUN  v4.1.10 /Users/bozhidardenev/kodes/projects/rep-key

{"level":20,"time":1786990142283,"pid":22190,"hostname":"Bozhidars-MacBook-Air.local","span":"health.check","duration":6,"msg":"✓ health.check 6ms"}
{"level":50,"time":1786990142706,"pid":22189,"hostname":"Bozhidars-MacBook-Air.local","errorType":"AuthError","code":"unauthorized","status":401,"message":"Valid session required","msg":"← THROW AuthError(unauthorized) → 401"}
{"level":20,"time":1786990142285,"pid":22190,"hostname":"Bozhidars-MacBook-Air.local","span":"health.check","duration":0,"msg":"✓ health.check 0ms"}
{"level":20,"time":1786990142748,"pid":22190,"hostname":"Bozhidars-MacBook-Air.local","span":"health.check","duration":0,"msg":"✓ health.check 0ms"}
{"level":20,"time":1786990143069,"pid":22195,"hostname":"Bozhidars-MacBook-Air.local","span":"googleOAuth.exchangeCode","duration":5,"msg":"✓ googleOAuth.exchangeCode 5ms"}
{"level":20,"time":1786990143073,"pid":22195,"hostname":"Bozhidars-MacBook-Air.local","span":"googleOAuth.fetchJwks","duration":0,"msg":"✓ googleOAuth.fetchJwks 0ms"}
{"level":20,"time":1786990143181,"pid":22195,"hostname":"Bozhidars-MacBook-Air.local","span":"googleOAuth.exchangeCode","duration":0,"msg":"✓ googleOAuth.exchangeCode 0ms"}
{"level":20,"time":1786990143181,"pid":22195,"hostname":"Bozhidars-MacBook-Air.local","span":"googleOAuth.fetchJwks","duration":0,"msg":"✓ googleOAuth.fetchJwks 0ms"}
{"level":20,"time":1786990143183,"pid":22195,"hostname":"Bozhidars-MacBook-Air.local","span":"googleOAuth.exchangeCode","duration":0,"msg":"✓ googleOAuth.exchangeCode 0ms"}
{"level":20,"time":1786990143229,"pid":22195,"hostname":"Bozhidars-MacBook-Air.local","span":"googleOAuth.exchangeCode","duration":0,"msg":"✓ googleOAuth.exchangeCode 0ms"}
{"level":20,"time":1786990143229,"pid":22195,"hostname":"Bozhidars-MacBook-Air.local","span":"googleOAuth.fetchJwks","duration":0,"msg":"✓ googleOAuth.fetchJwks 0ms"}
{"level":20,"time":1786990143360,"pid":22195,"hostname":"Bozhidars-MacBook-Air.local","span":"googleOAuth.exchangeCode","duration":0,"msg":"✓ googleOAuth.exchangeCode 0ms"}
{"level":20,"time":1786990143360,"pid":22195,"hostname":"Bozhidars-MacBook-Air.local","span":"googleOAuth.fetchJwks","duration":0,"msg":"✓ googleOAuth.fetchJwks 0ms"}
{"level":20,"time":1786990143412,"pid":22195,"hostname":"Bozhidars-MacBook-Air.local","span":"googleOAuth.exchangeCode","duration":0,"msg":"✓ googleOAuth.exchangeCode 0ms"}
{"level":20,"time":1786990143412,"pid":22195,"hostname":"Bozhidars-MacBook-Air.local","span":"googleOAuth.fetchJwks","duration":0,"msg":"✓ googleOAuth.fetchJwks 0ms"}
{"level":20,"time":1786990143413,"pid":22195,"hostname":"Bozhidars-MacBook-Air.local","span":"googleOAuth.exchangeCode","duration":0,"msg":"✓ googleOAuth.exchangeCode 0ms"}
{"level":20,"time":1786990143413,"pid":22195,"hostname":"Bozhidars-MacBook-Air.local","span":"googleOAuth.fetchJwks","duration":0,"msg":"✓ googleOAuth.fetchJwks 0ms"}
{"level":20,"time":1786990143414,"pid":22195,"hostname":"Bozhidars-MacBook-Air.local","span":"googleOAuth.exchangeCode","duration":0,"msg":"✓ googleOAuth.exchangeCode 0ms"}
{"level":20,"time":1786990146577,"pid":22336,"hostname":"Bozhidars-MacBook-Air.local","span":"health.check","duration":8,"msg":"✓ health.check 8ms"}
{"level":50,"time":1786990146580,"pid":22336,"hostname":"Bozhidars-MacBook-Air.local","span":"health.check","duration":0,"error":{"name":"Error"},"msg":"Span health.check failed after 0ms"}
{"level":20,"time":1786990146581,"pid":22336,"hostname":"Bozhidars-MacBook-Air.local","span":"health.check","duration":0,"msg":"✓ health.check 0ms"}
{"level":20,"time":1786990146582,"pid":22336,"hostname":"Bozhidars-MacBook-Air.local","span":"health.check","duration":0,"msg":"✓ health.check 0ms"}
{"level":30,"time":1786990147899,"pid":22220,"hostname":"Bozhidars-MacBook-Air.local","releaseSha":"unknown","msg":"composition root boot"}
{"level":30,"time":1786990147960,"pid":22220,"hostname":"Bozhidars-MacBook-Air.local","job":"health-check","msg":"registered health-check job handler"}
{"level":30,"time":1786990147960,"pid":22220,"hostname":"Bozhidars-MacBook-Air.local","job":"process-image","capability":"portal.upload","msg":"registered capability-gated job handler"}
{"level":30,"time":1786990147960,"pid":22220,"hostname":"Bozhidars-MacBook-Air.local","job":"import-gbp-property-item-v2","capability":"property.import_gbp_v2","msg":"registered capability-gated job handler"}
{"level":30,"time":1786990147960,"pid":22220,"hostname":"Bozhidars-MacBook-Air.local","job":"sync-property-reviews","msg":"registered sync-property-reviews job handler"}
{"level":30,"time":1786990147961,"pid":22220,"hostname":"Bozhidars-MacBook-Air.local","jobs":["expire-review-provider-source","sweep-review-provider-tombstones"],"msg":"registered Review provider lifecycle handlers"}
{"level":30,"time":1786990147973,"pid":22220,"hostname":"Bozhidars-MacBook-Air.local","job":"refresh-expiring-reviews","msg":"registered refresh-expiring-reviews job handler"}
{"level":30,"time":1786990147973,"pid":22220,"hostname":"Bozhidars-MacBook-Air.local","job":"purge-expired-reviews","msg":"registered purge-expired-reviews job handler"}
{"level":30,"time":1786990147973,"pid":22220,"hostname":"Bozhidars-MacBook-Air.local","job":"publish-reply","msg":"registered publish-reply job handler"}
{"level":30,"time":1786990147973,"pid":22220,"hostname":"Bozhidars-MacBook-Air.local","job":"generate-property-ai-trend","capability":"ai.detect_trends","msg":"registered capability-gated job handler"}
{"level":30,"time":1786990147973,"pid":22220,"hostname":"Bozhidars-MacBook-Air.local","job":"generate-property-ai-trend","msg":"registered property AI trend job handler"}
{"level":30,"time":1786990147973,"pid":22220,"hostname":"Bozhidars-MacBook-Air.local","job":"schedule-property-ai-trends","capability":"ai.detect_trends","msg":"registered capability-gated job handler"}
{"level":30,"time":1786990147973,"pid":22220,"hostname":"Bozhidars-MacBook-Air.local","job":"schedule-property-ai-trends","msg":"registered property AI trend scheduler job handler"}
{"level":30,"time":1786990147979,"pid":22220,"hostname":"Bozhidars-MacBook-Air.local","job":"reconcile-ambiguous-publications","msg":"registered reconcile-ambiguous-publications job handler"}
{"level":30,"time":1786990147979,"pid":22220,"hostname":"Bozhidars-MacBook-Air.local","job":"refresh-daily-metrics","msg":"registered metric rollup refresh job handler"}
{"level":30,"time":1786990147979,"pid":22220,"hostname":"Bozhidars-MacBook-Air.local","job":"refresh-weekly-metrics","msg":"registered metric rollup refresh job handler"}
{"level":30,"time":1786990147979,"pid":22220,"hostname":"Bozhidars-MacBook-Air.local","job":"refresh-daily-inbox-metrics","msg":"registered metric rollup refresh job handler"}
{"level":30,"time":1786990147991,"pid":22220,"hostname":"Bozhidars-MacBook-Air.local","job":"retention-sweep","msg":"registered retention sweep job handler"}
{"level":30,"time":1786990147997,"pid":22220,"hostname":"Bozhidars-MacBook-Air.local","job":"quarantine-ttl-sweep","msg":"registered quarantine TTL sweep job handler"}
{"level":30,"time":1786990148004,"pid":22220,"hostname":"Bozhidars-MacBook-Air.local","job":"insert-activity-log","msg":"registered activity log insertion job handler"}
{"level":30,"time":1786990148011,"pid":22220,"hostname":"Bozhidars-MacBook-Air.local","job":"insert-notification","msg":"registered insert-notification job handler"}
{"level":30,"time":1786990148011,"pid":22220,"hostname":"Bozhidars-MacBook-Air.local","job":"urgent-email","capability":"notification.send_email","msg":"registered capability-gated job handler"}
{"level":30,"time":1786990148017,"pid":22220,"hostname":"Bozhidars-MacBook-Air.local","job":"digest-notification","capability":"notification.send_email","msg":"registered capability-gated job handler"}
{"level":20,"time":1786990148026,"pid":22220,"hostname":"Bozhidars-MacBook-Air.local","span":"badge.seedDefinitions","duration":8,"msg":"✓ badge.seedDefinitions 8ms"}
{"level":30,"time":1786990148026,"pid":22220,"hostname":"Bozhidars-MacBook-Air.local","msg":"seeded system badge definitions"}
{"level":30,"time":1786990148026,"pid":22220,"hostname":"Bozhidars-MacBook-Air.local","job":"leaderboard.reconcile","capability":"leaderboard.use","msg":"registered capability-gated job handler"}
{"level":30,"time":1786990148893,"pid":22341,"hostname":"Bozhidars-MacBook-Air.local","releaseSha":"unknown","msg":"composition root boot"}
{"level":40,"time":1786990148934,"pid":22341,"hostname":"Bozhidars-MacBook-Air.local","err":{"name":"Error"},"msg":"policy snapshot refresh failed — keeping previous snapshot"}
{"level":30,"time":1786990148940,"pid":22341,"hostname":"Bozhidars-MacBook-Air.local","releaseSha":"unknown","msg":"composition root boot"}
{"level":40,"time":1786990148943,"pid":22341,"hostname":"Bozhidars-MacBook-Air.local","err":{"name":"Error"},"msg":"policy snapshot refresh failed — keeping previous snapshot"}
{"level":30,"time":1786990148944,"pid":22341,"hostname":"Bozhidars-MacBook-Air.local","releaseSha":"unknown","msg":"composition root boot"}
{"level":40,"time":1786990148945,"pid":22341,"hostname":"Bozhidars-MacBook-Air.local","err":{"name":"Error"},"msg":"policy snapshot refresh failed — keeping previous snapshot"}
{"level":30,"time":1786990148946,"pid":22341,"hostname":"Bozhidars-MacBook-Air.local","releaseSha":"unknown","msg":"composition root boot"}
{"level":40,"time":1786990148948,"pid":22341,"hostname":"Bozhidars-MacBook-Air.local","err":{"name":"Error"},"msg":"policy snapshot refresh failed — keeping previous snapshot"}
{"level":40,"time":1786990149637,"pid":22393,"hostname":"Bozhidars-MacBook-Air.local","err":{"name":"Error"},"msg":"[cache] get failed"}
{"level":40,"time":1786990149640,"pid":22393,"hostname":"Bozhidars-MacBook-Air.local","err":{"name":"Error"},"msg":"[cache] set failed"}
{"level":40,"time":1786990149641,"pid":22393,"hostname":"Bozhidars-MacBook-Air.local","err":{"name":"Error"},"msg":"[cache] delete failed"}
{"level":40,"time":1786990149642,"pid":22393,"hostname":"Bozhidars-MacBook-Air.local","err":{"name":"Error"},"msg":"[cache] exists check failed"}
{"level":40,"time":1786990149822,"pid":22395,"hostname":"Bozhidars-MacBook-Air.local","contentLength":"101","limitBytes":100,"msg":"[request-guard] body limit exceeded — 413"}
{"level":50,"time":1786990150198,"pid":22397,"hostname":"Bozhidars-MacBook-Air.local","errorType":"PropertyError","code":"invalid_slug","status":400,"message":"slug must be URL-friendly","msg":"← THROW PropertyError(invalid_slug) → 400"}
{"level":50,"time":1786990150199,"pid":22397,"hostname":"Bozhidars-MacBook-Air.local","errorType":"PropertyError","code":"forbidden","status":403,"message":"Insufficient role","msg":"← THROW PropertyError(forbidden) → 403"}
{"level":50,"time":1786990150199,"pid":22397,"hostname":"Bozhidars-MacBook-Air.local","errorType":"PropertyError","code":"slug_taken","status":409,"message":"Slug already exists","msg":"← THROW PropertyError(slug_taken) → 409"}
{"level":50,"time":1786990150199,"pid":22397,"hostname":"Bozhidars-MacBook-Air.local","errorType":"PropertyError","code":"forbidden","status":403,"message":"test forbidden","msg":"← THROW PropertyError(forbidden) → 403"}
{"level":50,"time":1786990150199,"pid":22397,"hostname":"Bozhidars-MacBook-Air.local","errorType":"PropertyError","code":"property_not_found","status":404,"message":"test property_not_found","msg":"← THROW PropertyError(property_not_found) → 404"}
{"level":50,"time":1786990150200,"pid":22397,"hostname":"Bozhidars-MacBook-Air.local","errorType":"PropertyError","code":"slug_taken","status":409,"message":"test slug_taken","msg":"← THROW PropertyError(slug_taken) → 409"}
{"level":50,"time":1786990150200,"pid":22397,"hostname":"Bozhidars-MacBook-Air.local","errorType":"PropertyError","code":"region_locked","status":409,"message":"test region_locked","msg":"← THROW PropertyError(region_locked) → 409"}
{"level":50,"time":1786990150200,"pid":22397,"hostname":"Bozhidars-MacBook-Air.local","errorType":"PropertyError","code":"invalid_slug","status":400,"message":"test invalid_slug","msg":"← THROW PropertyError(invalid_slug) → 400"}
{"level":50,"time":1786990150200,"pid":22397,"hostname":"Bozhidars-MacBook-Air.local","errorType":"PropertyError","code":"invalid_name","status":400,"message":"test invalid_name","msg":"← THROW PropertyError(invalid_name) → 400"}
{"level":50,"time":1786990150200,"pid":22397,"hostname":"Bozhidars-MacBook-Air.local","errorType":"PropertyError","code":"invalid_timezone","status":400,"message":"test invalid_timezone","msg":"← THROW PropertyError(invalid_timezone) → 400"}
{"level":50,"time":1786990150200,"pid":22397,"hostname":"Bozhidars-MacBook-Air.local","errorType":"PropertyError","code":"invalid_country","status":400,"message":"test invalid_country","msg":"← THROW PropertyError(invalid_country) → 400"}
{"level":40,"time":1786990150545,"pid":22398,"hostname":"Bozhidars-MacBook-Air.local","err":{"name":"Error"},"msg":"Failed to auto-assign property on invitation acceptance"}
{"level":50,"time":1786990150859,"pid":22399,"hostname":"Bozhidars-MacBook-Air.local","errorType":"AuthError","code":"unauthorized","status":401,"message":"Valid session required","msg":"← THROW AuthError(unauthorized) → 401"}
{"level":50,"time":1786990150860,"pid":22399,"hostname":"Bozhidars-MacBook-Air.local","errorType":"AuthError","code":"no_active_org","status":400,"message":"No active organization selected","msg":"← THROW AuthError(no_active_org) → 400"}
{"level":50,"time":1786990150861,"pid":22399,"hostname":"Bozhidars-MacBook-Air.local","errorType":"AuthError","code":"forbidden","status":403,"message":"Not a member of the active organization","msg":"← THROW AuthError(forbidden) → 403"}
{"level":40,"time":1786990150861,"pid":22399,"hostname":"Bozhidars-MacBook-Air.local","memberRole":"content-manager","msg":"auth.unsupported_member_role: custom role rejected while custom roles are disabled"}
{"level":50,"time":1786990150861,"pid":22399,"hostname":"Bozhidars-MacBook-Air.local","errorType":"AuthError","code":"forbidden","status":403,"message":"Member role is not supported","msg":"← THROW AuthError(forbidden) → 403"}
{"level":40,"time":1786990150862,"pid":22399,"hostname":"Bozhidars-MacBook-Air.local","memberRole":"owner,admin","msg":"auth.unsupported_member_role: custom role rejected while custom roles are disabled"}
{"level":50,"time":1786990150862,"pid":22399,"hostname":"Bozhidars-MacBook-Air.local","errorType":"AuthError","code":"forbidden","status":403,"message":"Member role is not supported","msg":"← THROW AuthError(forbidden) → 403"}
{"level":50,"time":1786990150864,"pid":22399,"hostname":"Bozhidars-MacBook-Air.local","err":{"name":"Error"},"memberRole":"content-manager","msg":"auth.authorization_unavailable: dynamic resolver failed; fail-closed"}
{"level":50,"time":1786990150864,"pid":22399,"hostname":"Bozhidars-MacBook-Air.local","errorType":"AuthError","code":"authorization_unavailable","status":503,"message":"Authorization resolution failed","msg":"← THROW AuthError(authorization_unavailable) → 503"}
{"level":50,"time":1786990151747,"pid":22405,"hostname":"Bozhidars-MacBook-Air.local","errorType":"AuthError","code":"org_not_allowlisted","status":403,"message":"Authorization denied: org_not_allowlisted","msg":"← THROW AuthError(org_not_allowlisted) → 403"}
{"level":50,"time":1786990151750,"pid":22405,"hostname":"Bozhidars-MacBook-Air.local","errorType":"AuthError","code":"org_not_allowlisted","status":403,"message":"Authorization denied: org_not_allowlisted","msg":"← THROW AuthError(org_not_allowlisted) → 403"}
{"level":50,"time":1786990151750,"pid":22405,"hostname":"Bozhidars-MacBook-Air.local","errorType":"AuthError","code":"org_not_allowlisted","status":403,"message":"Authorization denied: org_not_allowlisted","msg":"← THROW AuthError(org_not_allowlisted) → 403"}
{"level":50,"time":1786990151751,"pid":22405,"hostname":"Bozhidars-MacBook-Air.local","errorType":"AuthError","code":"org_not_allowlisted","status":403,"message":"Authorization denied: org_not_allowlisted","msg":"← THROW AuthError(org_not_allowlisted) → 403"}
{"level":50,"time":1786990151751,"pid":22405,"hostname":"Bozhidars-MacBook-Air.local","errorType":"AuthError","code":"org_not_allowlisted","status":403,"message":"Authorization denied: org_not_allowlisted","msg":"← THROW AuthError(org_not_allowlisted) → 403"}
{"level":50,"time":1786990151752,"pid":22405,"hostname":"Bozhidars-MacBook-Air.local","errorType":"AuthError","code":"org_not_allowlisted","status":403,"message":"Authorization denied: org_not_allowlisted","msg":"← THROW AuthError(org_not_allowlisted) → 403"}
{"level":50,"time":1786990151752,"pid":22405,"hostname":"Bozhidars-MacBook-Air.local","errorType":"AuthError","code":"org_not_allowlisted","status":403,"message":"Authorization denied: org_not_allowlisted","msg":"← THROW AuthError(org_not_allowlisted) → 403"}
{"level":50,"time":1786990151752,"pid":22405,"hostname":"Bozhidars-MacBook-Air.local","errorType":"AuthError","code":"org_not_allowlisted","status":403,"message":"Authorization denied: org_not_allowlisted","msg":"← THROW AuthError(org_not_allowlisted) → 403"}
{"level":20,"time":1786990151802,"pid":22410,"hostname":"Bozhidars-MacBook-Air.local","requestId":"28981b84-cc17-4f","method":"GET","path":"/portal.listPortals","msg":"REQ 28981b84-cc17-4f GET /portal.listPortals"}
{"level":30,"time":1786990151820,"pid":22410,"hostname":"Bozhidars-MacBook-Air.local","component":"server-fn","fn":"portal.listPortals","method":"GET","useCase":"portal.listPortals","duration":18,"msg":"request complete"}
{"level":20,"time":1786990151820,"pid":22410,"hostname":"Bozhidars-MacBook-Air.local","useCase":"portal.listPortals","duration":26,"requestId":"28981b84-cc17-4f","method":"GET","path":"/portal.listPortals","msg":"REQ 28981b84-cc17-4f GET /portal.listPortals — 26ms"}
{"level":20,"time":1786990151822,"pid":22410,"hostname":"Bozhidars-MacBook-Air.local","requestId":"f3d7b8d1-3fbd-43","method":"GET","path":"/portal.listPortals","msg":"REQ f3d7b8d1-3fbd-43 GET /portal.listPortals"}
{"level":30,"time":1786990151823,"pid":22410,"hostname":"Bozhidars-MacBook-Air.local","component":"server-fn","fn":"portal.listPortals","method":"GET","useCase":"portal.listPortals","duration":1,"msg":"request complete"}
{"level":20,"time":1786990151823,"pid":22410,"hostname":"Bozhidars-MacBook-Air.local","useCase":"portal.listPortals","duration":0,"requestId":"f3d7b8d1-3fbd-43","method":"GET","path":"/portal.listPortals","msg":"REQ f3d7b8d1-3fbd-43 GET /portal.listPortals — 0ms"}
{"level":20,"time":1786990151823,"pid":22410,"hostname":"Bozhidars-MacBook-Air.local","requestId":"b72ab957-6eaa-45","method":"GET","path":"/portal.listPortals","msg":"REQ b72ab957-6eaa-45 GET /portal.listPortals"}
{"level":30,"time":1786990151823,"pid":22410,"hostname":"Bozhidars-MacBook-Air.local","component":"server-fn","fn":"portal.listPortals","method":"GET","useCase":"portal.listPortals","duration":0,"msg":"request complete"}
{"level":20,"time":1786990151823,"pid":22410,"hostname":"Bozhidars-MacBook-Air.local","useCase":"portal.listPortals","duration":0,"requestId":"b72ab957-6eaa-45","method":"GET","path":"/portal.listPortals","msg":"REQ b72ab957-6eaa-45 GET /portal.listPortals — 0ms"}
{"level":20,"time":1786990151825,"pid":22410,"hostname":"Bozhidars-MacBook-Air.local","requestId":"1ad6c1cc-ee31-49","method":"GET","path":"/portal.listPortals","msg":"REQ 1ad6c1cc-ee31-49 GET /portal.listPortals"}
{"level":50,"time":1786990151826,"pid":22410,"hostname":"Bozhidars-MacBook-Air.local","useCase":"portal.listPortals","requestId":"1ad6c1cc-ee31-49","method":"GET","path":"/portal.listPortals","duration":1,"error":{"name":"AuthError","code":"property_disabled"},"msg":"REQ 1ad6c1cc-ee31-49 GET /portal.listPortals — FAILED 1ms"}
{"level":20,"time":1786990151827,"pid":22410,"hostname":"Bozhidars-MacBook-Air.local","requestId":"408fa987-08b3-4a","method":"POST","path":"/portal.updatePortal","msg":"REQ 408fa987-08b3-4a POST /portal.updatePortal"}
{"level":50,"time":1786990151827,"pid":22410,"hostname":"Bozhidars-MacBook-Air.local","useCase":"portal.updatePortal","requestId":"408fa987-08b3-4a","method":"POST","path":"/portal.updatePortal","duration":0,"error":{"name":"AuthError","code":"property_disabled"},"msg":"REQ 408fa987-08b3-4a POST /portal.updatePortal — FAILED 0ms"}
{"level":20,"time":1786990151827,"pid":22410,"hostname":"Bozhidars-MacBook-Air.local","requestId":"406b46ef-ae12-49","method":"POST","path":"/portal.rotatePortalToken","msg":"REQ 406b46ef-ae12-49 POST /portal.rotatePortalToken"}
{"level":50,"time":1786990151828,"pid":22410,"hostname":"Bozhidars-MacBook-Air.local","useCase":"portal.rotatePortalToken","requestId":"406b46ef-ae12-49","method":"POST","path":"/portal.rotatePortalToken","duration":0,"error":{"name":"AuthError","code":"property_disabled"},"msg":"REQ 406b46ef-ae12-49 POST /portal.rotatePortalToken — FAILED 0ms"}
{"level":20,"time":1786990151828,"pid":22410,"hostname":"Bozhidars-MacBook-Air.local","requestId":"87afa2f6-84c4-4b","method":"POST","path":"/portal.deletePortal","msg":"REQ 87afa2f6-84c4-4b POST /portal.deletePortal"}
{"level":50,"time":1786990151828,"pid":22410,"hostname":"Bozhidars-MacBook-Air.local","useCase":"portal.deletePortal","requestId":"87afa2f6-84c4-4b","method":"POST","path":"/portal.deletePortal","duration":0,"error":{"name":"AuthError","code":"property_disabled"},"msg":"REQ 87afa2f6-84c4-4b POST /portal.deletePortal — FAILED 0ms"}
{"level":50,"time":1786990152353,"pid":22420,"hostname":"Bozhidars-MacBook-Air.local","err":{"name":"Error"},"tag":"identity.organization.created","msg":"event handler threw"}
{"level":50,"time":1786990152355,"pid":22420,"hostname":"Bozhidars-MacBook-Air.local","err":{"name":"Error"},"tag":"identity.organization.created","msg":"event handler threw"}
{"level":20,"time":1786990152710,"pid":22428,"hostname":"Bozhidars-MacBook-Air.local","span":"googleReviewApi.reviews.list","duration":7,"msg":"✓ googleReviewApi.reviews.list 7ms"}
{"level":20,"time":1786990152719,"pid":22428,"hostname":"Bozhidars-MacBook-Air.local","span":"googleReviewApi.reviews.list","duration":0,"msg":"✓ googleReviewApi.reviews.list 0ms"}
{"level":20,"time":1786990152724,"pid":22428,"hostname":"Bozhidars-MacBook-Air.local","span":"googleReviewApi.reviews.list","duration":0,"msg":"✓ googleReviewApi.reviews.list 0ms"}
{"level":20,"time":1786990152726,"pid":22428,"hostname":"Bozhidars-MacBook-Air.local","span":"googleReviewApi.reviews.list","duration":0,"msg":"✓ googleReviewApi.reviews.list 0ms"}
{"level":20,"time":1786990152940,"pid":22426,"hostname":"Bozhidars-MacBook-Air.local","requestId":"395c6c58-ef03-45","method":"GET","path":"/team.listMyTeam","msg":"REQ 395c6c58-ef03-45 GET /team.listMyTeam"}
{"level":30,"time":1786990152958,"pid":22426,"hostname":"Bozhidars-MacBook-Air.local","component":"server-fn","fn":"team.listMyTeam","method":"GET","useCase":"team.listMyTeam","duration":18,"msg":"request complete"}
{"level":20,"time":1786990152958,"pid":22426,"hostname":"Bozhidars-MacBook-Air.local","useCase":"team.listMyTeam","duration":25,"requestId":"395c6c58-ef03-45","method":"GET","path":"/team.listMyTeam","msg":"REQ 395c6c58-ef03-45 GET /team.listMyTeam — 25ms"}
{"level":20,"time":1786990152961,"pid":22426,"hostname":"Bozhidars-MacBook-Air.local","requestId":"d89058b2-f02f-44","method":"POST","path":"/team.addTeamMember","msg":"REQ d89058b2-f02f-44 POST /team.addTeamMember"}
{"level":50,"time":1786990152962,"pid":22426,"hostname":"Bozhidars-MacBook-Air.local","useCase":"team.addTeamMember","requestId":"d89058b2-f02f-44","method":"POST","path":"/team.addTeamMember","duration":1,"error":{"name":"AuthError","code":"property_disabled"},"msg":"REQ d89058b2-f02f-44 POST /team.addTeamMember — FAILED 1ms"}
{"level":20,"time":1786990152964,"pid":22426,"hostname":"Bozhidars-MacBook-Air.local","requestId":"33c3e9f1-6d08-44","method":"POST","path":"/team.setTeamLead","msg":"REQ 33c3e9f1-6d08-44 POST /team.setTeamLead"}
{"level":50,"time":1786990152964,"pid":22426,"hostname":"Bozhidars-MacBook-Air.local","useCase":"team.setTeamLead","requestId":"33c3e9f1-6d08-44","method":"POST","path":"/team.setTeamLead","duration":0,"error":{"name":"AuthError","code":"property_disabled"},"msg":"REQ 33c3e9f1-6d08-44 POST /team.setTeamLead — FAILED 0ms"}
{"level":50,"time":1786990153576,"pid":22429,"hostname":"Bozhidars-MacBook-Air.local","errorType":"AuthError","code":"unauthorized","status":401,"message":"Valid session required","msg":"← THROW AuthError(unauthorized) → 401"}
{"level":50,"time":1786990153579,"pid":22429,"hostname":"Bozhidars-MacBook-Air.local","errorType":"AuthError","code":"unauthorized","status":401,"message":"Valid session required","msg":"← THROW AuthError(unauthorized) → 401"}
{"level":50,"time":1786990154426,"pid":22441,"hostname":"Bozhidars-MacBook-Air.local","errorType":"AuthError","code":"scope_denied","status":403,"message":"Authorization denied: scope_denied","msg":"← THROW AuthError(scope_denied) → 403"}
{"level":20,"time":1786990154687,"pid":22467,"hostname":"Bozhidars-MacBook-Air.local","span":"event.onMetricRecorded","duration":9,"msg":"✓ event.onMetricRecorded 9ms"}
{"level":20,"time":1786990154690,"pid":22467,"hostname":"Bozhidars-MacBook-Air.local","span":"event.onMetricRecorded","duration":1,"msg":"✓ event.onMetricRecorded 1ms"}
{"level":20,"time":1786990154692,"pid":22467,"hostname":"Bozhidars-MacBook-Air.local","span":"event.onMetricRecorded","duration":0,"msg":"✓ event.onMetricRecorded 0ms"}
{"level":20,"time":1786990154693,"pid":22467,"hostname":"Bozhidars-MacBook-Air.local","span":"event.onMetricRecorded","duration":0,"msg":"✓ event.onMetricRecorded 0ms"}
{"level":20,"time":1786990154695,"pid":22467,"hostname":"Bozhidars-MacBook-Air.local","span":"event.onMetricRecorded","duration":0,"msg":"✓ event.onMetricRecorded 0ms"}
{"level":20,"time":1786990154695,"pid":22467,"hostname":"Bozhidars-MacBook-Air.local","span":"event.onMetricRecorded","duration":0,"msg":"✓ event.onMetricRecorded 0ms"}
{"level":20,"time":1786990154696,"pid":22467,"hostname":"Bozhidars-MacBook-Air.local","span":"event.onMetricRecorded","duration":0,"msg":"✓ event.onMetricRecorded 0ms"}
{"level":20,"time":1786990154696,"pid":22467,"hostname":"Bozhidars-MacBook-Air.local","span":"event.onMetricRecorded","duration":0,"msg":"✓ event.onMetricRecorded 0ms"}
{"level":20,"time":1786990154697,"pid":22467,"hostname":"Bozhidars-MacBook-Air.local","span":"event.onMetricRecorded","duration":0,"msg":"✓ event.onMetricRecorded 0ms"}
{"level":20,"time":1786990154697,"pid":22467,"hostname":"Bozhidars-MacBook-Air.local","span":"event.onMetricRecorded","duration":0,"msg":"✓ event.onMetricRecorded 0ms"}
{"level":20,"time":1786990154698,"pid":22467,"hostname":"Bozhidars-MacBook-Air.local","span":"event.onMetricRecorded","duration":0,"msg":"✓ event.onMetricRecorded 0ms"}
{"level":20,"time":1786990154698,"pid":22467,"hostname":"Bozhidars-MacBook-Air.local","span":"event.onMetricRecorded","duration":0,"msg":"✓ event.onMetricRecorded 0ms"}
{"level":20,"time":1786990154698,"pid":22467,"hostname":"Bozhidars-MacBook-Air.local","span":"event.onMetricRecorded","duration":0,"msg":"✓ event.onMetricRecorded 0ms"}
{"level":20,"time":1786990154699,"pid":22467,"hostname":"Bozhidars-MacBook-Air.local","span":"event.onMetricRecorded","duration":0,"msg":"✓ event.onMetricRecorded 0ms"}
{"level":20,"time":1786990154699,"pid":22467,"hostname":"Bozhidars-MacBook-Air.local","span":"event.onMetricRecorded","duration":0,"msg":"✓ event.onMetricRecorded 0ms"}
{"level":20,"time":1786990154699,"pid":22467,"hostname":"Bozhidars-MacBook-Air.local","span":"event.onMetricRecorded","duration":0,"msg":"✓ event.onMetricRecorded 0ms"}
{"level":20,"time":1786990154699,"pid":22467,"hostname":"Bozhidars-MacBook-Air.local","span":"event.onMetricRecorded","duration":0,"msg":"✓ event.onMetricRecorded 0ms"}
{"level":20,"time":1786990154700,"pid":22467,"hostname":"Bozhidars-MacBook-Air.local","span":"event.onMetricRecorded","duration":0,"msg":"✓ event.onMetricRecorded 0ms"}
{"level":20,"time":1786990154700,"pid":22467,"hostname":"Bozhidars-MacBook-Air.local","span":"event.onMetricRecorded","duration":1,"msg":"✓ event.onMetricRecorded 1ms"}
{"level":50,"time":1786990155422,"pid":22557,"hostname":"Bozhidars-MacBook-Air.local","errorType":"GoalError","code":"not_found","status":404,"message":"Goal not found","msg":"← THROW GoalError(not_found) → 404"}
{"level":50,"time":1786990155422,"pid":22557,"hostname":"Bozhidars-MacBook-Air.local","errorType":"GoalError","code":"forbidden","status":403,"message":"Insufficient role","msg":"← THROW GoalError(forbidden) → 403"}
{"level":50,"time":1786990155423,"pid":22557,"hostname":"Bozhidars-MacBook-Air.local","errorType":"GoalError","code":"immutable_goal","status":409,"message":"Goal is completed","msg":"← THROW GoalError(immutable_goal) → 409"}
{"level":50,"time":1786990155423,"pid":22557,"hostname":"Bozhidars-MacBook-Air.local","errorType":"GoalError","code":"forbidden","status":403,"message":"test forbidden","msg":"← THROW GoalError(forbidden) → 403"}
{"level":50,"time":1786990155423,"pid":22557,"hostname":"Bozhidars-MacBook-Air.local","errorType":"GoalError","code":"not_found","status":404,"message":"test not_found","msg":"← THROW GoalError(not_found) → 404"}
{"level":50,"time":1786990155423,"pid":22557,"hostname":"Bozhidars-MacBook-Air.local","errorType":"GoalError","code":"validation_error","status":400,"message":"test validation_error","msg":"← THROW GoalError(validation_error) → 400"}
{"level":50,"time":1786990155423,"pid":22557,"hostname":"Bozhidars-MacBook-Air.local","errorType":"GoalError","code":"immutable_goal","status":409,"message":"test immutable_goal","msg":"← THROW GoalError(immutable_goal) → 409"}
{"level":50,"time":1786990155424,"pid":22557,"hostname":"Bozhidars-MacBook-Air.local","errorType":"GoalError","code":"forbidden","status":403,"message":"No goal write permission","msg":"← THROW GoalError(forbidden) → 403"}
{"level":40,"time":1786990157887,"pid":22588,"hostname":"Bozhidars-MacBook-Air.local","msg":"[rate-limit] Redis unavailable — failing open (all requests allowed)"}
{"level":40,"time":1786990157888,"pid":22588,"hostname":"Bozhidars-MacBook-Air.local","msg":"[rate-limit] Redis unavailable — failing open (all requests allowed)"}
{"level":40,"time":1786990157888,"pid":22588,"hostname":"Bozhidars-MacBook-Air.local","msg":"[rate-limit] Redis unavailable — failing open (all requests allowed)"}
{"level":40,"time":1786990157888,"pid":22588,"hostname":"Bozhidars-MacBook-Air.local","msg":"[rate-limit] Redis unavailable — failing open (all requests allowed)"}
{"level":40,"time":1786990157888,"pid":22588,"hostname":"Bozhidars-MacBook-Air.local","msg":"[rate-limit] Redis unavailable — failing open (all requests allowed)"}
{"level":40,"time":1786990157888,"pid":22588,"hostname":"Bozhidars-MacBook-Air.local","msg":"[rate-limit] Redis unavailable — failing open (all requests allowed)"}
{"level":40,"time":1786990157888,"pid":22588,"hostname":"Bozhidars-MacBook-Air.local","msg":"[rate-limit] Redis unavailable — failing open (all requests allowed)"}
{"level":40,"time":1786990157888,"pid":22588,"hostname":"Bozhidars-MacBook-Air.local","msg":"[rate-limit] Redis unavailable — failing open (all requests allowed)"}
{"level":40,"time":1786990157888,"pid":22588,"hostname":"Bozhidars-MacBook-Air.local","msg":"[rate-limit] Redis unavailable — failing open (all requests allowed)"}
{"level":40,"time":1786990157888,"pid":22588,"hostname":"Bozhidars-MacBook-Air.local","msg":"[rate-limit] Redis unavailable — failing open (all requests allowed)"}
{"level":40,"time":1786990157888,"pid":22588,"hostname":"Bozhidars-MacBook-Air.local","msg":"[rate-limit] Redis unavailable — failing open (all requests allowed)"}
{"level":50,"time":1786990157890,"pid":22588,"hostname":"Bozhidars-MacBook-Air.local","msg":"[rate-limit] Redis unavailable — failing CLOSED (requests denied)"}
{"level":50,"time":1786990157891,"pid":22588,"hostname":"Bozhidars-MacBook-Air.local","err":{"name":"Error"},"msg":"[rate-limit] Redis error — failing CLOSED"}
{"level":50,"time":1786990157892,"pid":22588,"hostname":"Bozhidars-MacBook-Air.local","msg":"[rate-limit] Redis unavailable — failing CLOSED (requests denied)"}
{"level":40,"time":1786990157892,"pid":22588,"hostname":"Bozhidars-MacBook-Air.local","msg":"[rate-limit] Redis unavailable — failing open (all requests allowed)"}
{"level":50,"time":1786990157958,"pid":22587,"hostname":"Bozhidars-MacBook-Air.local","errorType":"GuestError","code":"invalid_rating","status":400,"message":"Rating must be between 1 and 5","msg":"← THROW GuestError(invalid_rating) → 400"}
{"level":50,"time":1786990157959,"pid":22587,"hostname":"Bozhidars-MacBook-Air.local","errorType":"GuestError","code":"portal_not_found","status":404,"message":"Portal missing","msg":"← THROW GuestError(portal_not_found) → 404"}
{"level":50,"time":1786990157959,"pid":22587,"hostname":"Bozhidars-MacBook-Air.local","errorType":"GuestError","code":"portal_inactive","status":410,"message":"Portal deactivated","msg":"← THROW GuestError(portal_inactive) → 410"}
{"level":50,"time":1786990157959,"pid":22587,"hostname":"Bozhidars-MacBook-Air.local","errorType":"GuestError","code":"rate_limit_exceeded","status":429,"message":"test rate_limit_exceeded","msg":"← THROW GuestError(rate_limit_exceeded) → 429"}
{"level":50,"time":1786990157959,"pid":22587,"hostname":"Bozhidars-MacBook-Air.local","errorType":"GuestError","code":"invalid_rating","status":400,"message":"test invalid_rating","msg":"← THROW GuestError(invalid_rating) → 400"}
{"level":50,"time":1786990157959,"pid":22587,"hostname":"Bozhidars-MacBook-Air.local","errorType":"GuestError","code":"duplicate_rating","status":400,"message":"test duplicate_rating","msg":"← THROW GuestError(duplicate_rating) → 400"}
{"level":50,"time":1786990157959,"pid":22587,"hostname":"Bozhidars-MacBook-Air.local","errorType":"GuestError","code":"feedback_too_long","status":400,"message":"test feedback_too_long","msg":"← THROW GuestError(feedback_too_long) → 400"}
{"level":50,"time":1786990157960,"pid":22587,"hostname":"Bozhidars-MacBook-Air.local","errorType":"GuestError","code":"feedback_empty","status":400,"message":"test feedback_empty","msg":"← THROW GuestError(feedback_empty) → 400"}
{"level":50,"time":1786990157960,"pid":22587,"hostname":"Bozhidars-MacBook-Air.local","errorType":"GuestError","code":"invalid_source","status":400,"message":"test invalid_source","msg":"← THROW GuestError(invalid_source) → 400"}
{"level":50,"time":1786990157960,"pid":22587,"hostname":"Bozhidars-MacBook-Air.local","errorType":"GuestError","code":"invalid_session","status":400,"message":"test invalid_session","msg":"← THROW GuestError(invalid_session) → 400"}
{"level":50,"time":1786990157960,"pid":22587,"hostname":"Bozhidars-MacBook-Air.local","errorType":"GuestError","code":"portal_not_found","status":404,"message":"test portal_not_found","msg":"← THROW GuestError(portal_not_found) → 404"}
{"level":50,"time":1786990157960,"pid":22587,"hostname":"Bozhidars-MacBook-Air.local","errorType":"GuestError","code":"portal_inactive","status":410,"message":"test portal_inactive","msg":"← THROW GuestError(portal_inactive) → 410"}
{"level":30,"time":1786990158134,"pid":22589,"hostname":"Bozhidars-MacBook-Air.local","type":"review.created","msg":"Processing insert-notification job"}
{"level":30,"time":1786990158135,"pid":22589,"hostname":"Bozhidars-MacBook-Air.local","type":"review.created","msg":"Notification inserted"}
{"level":20,"time":1786990158135,"pid":22589,"hostname":"Bozhidars-MacBook-Air.local","span":"job.insertNotification","duration":8,"msg":"✓ job.insertNotification 8ms"}
{"level":30,"time":1786990158139,"pid":22589,"hostname":"Bozhidars-MacBook-Air.local","type":"review.created","msg":"Processing insert-notification job"}
{"level":50,"time":1786990158140,"pid":22589,"hostname":"Bozhidars-MacBook-Air.local","type":"review.created","err":{"type":"Object","message":"propertyId is required","stack":"","_tag":"NotificationError","code":"invalid_input"},"msg":"insert-notification job failed"}
{"level":50,"time":1786990158140,"pid":22589,"hostname":"Bozhidars-MacBook-Air.local","span":"job.insertNotification","duration":1,"error":{"_tag":"NotificationError","code":"invalid_input","message":"propertyId is required"},"msg":"Span job.insertNotification failed after 1ms"}
{"level":20,"time":1786990158186,"pid":22603,"hostname":"Bozhidars-MacBook-Air.local","span":"event.onReplyPublished","duration":7,"msg":"✓ event.onReplyPublished 7ms"}
{"level":20,"time":1786990158190,"pid":22603,"hostname":"Bozhidars-MacBook-Air.local","span":"event.onReplyPublished","duration":0,"msg":"✓ event.onReplyPublished 0ms"}
{"level":40,"time":1786990158191,"pid":22603,"hostname":"Bozhidars-MacBook-Air.local","msg":"inbox: reply.published but no inbox item found"}
{"level":20,"time":1786990158192,"pid":22603,"hostname":"Bozhidars-MacBook-Air.local","span":"event.onReplyPublished","duration":0,"msg":"✓ event.onReplyPublished 0ms"}
{"level":20,"time":1786990158192,"pid":22603,"hostname":"Bozhidars-MacBook-Air.local","span":"event.onReplyPublished","duration":0,"msg":"✓ event.onReplyPublished 0ms"}
{"level":20,"time":1786990158193,"pid":22603,"hostname":"Bozhidars-MacBook-Air.local","span":"event.onReplyPublished","duration":0,"msg":"✓ event.onReplyPublished 0ms"}
{"level":20,"time":1786990158193,"pid":22603,"hostname":"Bozhidars-MacBook-Air.local","span":"event.onReplyPublished","duration":0,"msg":"✓ event.onReplyPublished 0ms"}
{"level":50,"time":1786990158194,"pid":22603,"hostname":"Bozhidars-MacBook-Air.local","err":{"name":"Error"},"msg":"inbox: failed to handle reply.published"}
{"level":20,"time":1786990158194,"pid":22603,"hostname":"Bozhidars-MacBook-Air.local","span":"event.onReplyPublished","duration":1,"msg":"✓ event.onReplyPublished 1ms"}
{"level":20,"time":1786990158853,"pid":22606,"hostname":"Bozhidars-MacBook-Air.local","span":"health.check","duration":6,"msg":"✓ health.check 6ms"}
{"level":20,"time":1786990158854,"pid":22606,"hostname":"Bozhidars-MacBook-Air.local","span":"health.check","duration":0,"msg":"✓ health.check 0ms"}
{"level":20,"time":1786990158855,"pid":22606,"hostname":"Bozhidars-MacBook-Air.local","span":"health.check","duration":0,"msg":"✓ health.check 0ms"}
{"level":20,"time":1786990158856,"pid":22606,"hostname":"Bozhidars-MacBook-Air.local","span":"health.check","duration":0,"msg":"✓ health.check 0ms"}
{"level":20,"time":1786990158856,"pid":22606,"hostname":"Bozhidars-MacBook-Air.local","span":"health.check","duration":0,"msg":"✓ health.check 0ms"}
{"level":20,"time":1786990158857,"pid":22606,"hostname":"Bozhidars-MacBook-Air.local","span":"health.check","duration":0,"msg":"✓ health.check 0ms"}
{"level":50,"time":1786990159045,"pid":22610,"hostname":"Bozhidars-MacBook-Air.local","errorType":"AuthError","code":"forbidden","status":403,"message":"No goal read permission","msg":"← THROW AuthError(forbidden) → 403"}
{"level":50,"time":1786990159238,"pid":22612,"hostname":"Bozhidars-MacBook-Air.local","errorType":"AuthError","code":"org_not_allowlisted","status":403,"message":"Authorization denied: org_not_allowlisted","msg":"← THROW AuthError(org_not_allowlisted) → 403"}
{"level":30,"time":1786990159611,"pid":22620,"hostname":"Bozhidars-MacBook-Air.local","templatesChecked":1,"spawned":1,"failed":0,"msg":"Spawned recurring instances"}
{"level":20,"time":1786990159612,"pid":22620,"hostname":"Bozhidars-MacBook-Air.local","span":"job.spawnRecurringInstances","duration":8,"msg":"✓ job.spawnRecurringInstances 8ms"}
{"level":30,"time":1786990159615,"pid":22620,"hostname":"Bozhidars-MacBook-Air.local","templatesChecked":1,"spawned":0,"failed":0,"msg":"Spawned recurring instances"}
{"level":20,"time":1786990159615,"pid":22620,"hostname":"Bozhidars-MacBook-Air.local","span":"job.spawnRecurringInstances","duration":0,"msg":"✓ job.spawnRecurringInstances 0ms"}
{"level":30,"time":1786990159616,"pid":22620,"hostname":"Bozhidars-MacBook-Air.local","templatesChecked":1,"spawned":1,"failed":0,"msg":"Spawned recurring instances"}
{"level":20,"time":1786990159616,"pid":22620,"hostname":"Bozhidars-MacBook-Air.local","span":"job.spawnRecurringInstances","duration":0,"msg":"✓ job.spawnRecurringInstances 0ms"}
{"level":30,"time":1786990159616,"pid":22620,"hostname":"Bozhidars-MacBook-Air.local","templatesChecked":1,"spawned":0,"failed":0,"msg":"Spawned recurring instances"}
{"level":20,"time":1786990159616,"pid":22620,"hostname":"Bozhidars-MacBook-Air.local","span":"job.spawnRecurringInstances","duration":0,"msg":"✓ job.spawnRecurringInstances 0ms"}
{"level":30,"time":1786990159616,"pid":22620,"hostname":"Bozhidars-MacBook-Air.local","templatesChecked":1,"spawned":1,"failed":0,"msg":"Spawned recurring instances"}
{"level":20,"time":1786990159616,"pid":22620,"hostname":"Bozhidars-MacBook-Air.local","span":"job.spawnRecurringInstances","duration":0,"msg":"✓ job.spawnRecurringInstances 0ms"}
{"level":30,"time":1786990159617,"pid":22620,"hostname":"Bozhidars-MacBook-Air.local","templatesChecked":1,"spawned":1,"failed":0,"msg":"Spawned recurring instances"}
{"level":20,"time":1786990159617,"pid":22620,"hostname":"Bozhidars-MacBook-Air.local","span":"job.spawnRecurringInstances","duration":0,"msg":"✓ job.spawnRecurringInstances 0ms"}
{"level":30,"time":1786990159617,"pid":22620,"hostname":"Bozhidars-MacBook-Air.local","templatesChecked":1,"spawned":1,"failed":0,"msg":"Spawned recurring instances"}
{"level":20,"time":1786990159617,"pid":22620,"hostname":"Bozhidars-MacBook-Air.local","span":"job.spawnRecurringInstances","duration":0,"msg":"✓ job.spawnRecurringInstances 0ms"}
{"level":30,"time":1786990159618,"pid":22620,"hostname":"Bozhidars-MacBook-Air.local","templatesChecked":1,"spawned":0,"failed":0,"msg":"Spawned recurring instances"}
{"level":20,"time":1786990159618,"pid":22620,"hostname":"Bozhidars-MacBook-Air.local","span":"job.spawnRecurringInstances","duration":0,"msg":"✓ job.spawnRecurringInstances 0ms"}
{"level":30,"time":1786990159618,"pid":22620,"hostname":"Bozhidars-MacBook-Air.local","templatesChecked":1,"spawned":0,"failed":0,"msg":"Spawned recurring instances"}
{"level":20,"time":1786990159618,"pid":22620,"hostname":"Bozhidars-MacBook-Air.local","span":"job.spawnRecurringInstances","duration":0,"msg":"✓ job.spawnRecurringInstances 0ms"}
{"level":30,"time":1786990159618,"pid":22620,"hostname":"Bozhidars-MacBook-Air.local","templatesChecked":1,"spawned":0,"failed":0,"msg":"Spawned recurring instances"}
{"level":20,"time":1786990159618,"pid":22620,"hostname":"Bozhidars-MacBook-Air.local","span":"job.spawnRecurringInstances","duration":0,"msg":"✓ job.spawnRecurringInstances 0ms"}
{"level":30,"time":1786990159619,"pid":22620,"hostname":"Bozhidars-MacBook-Air.local","templatesChecked":0,"spawned":0,"failed":0,"msg":"Spawned recurring instances"}
{"level":20,"time":1786990159619,"pid":22620,"hostname":"Bozhidars-MacBook-Air.local","span":"job.spawnRecurringInstances","duration":0,"msg":"✓ job.spawnRecurringInstances 0ms"}
{"level":50,"time":1786990159646,"pid":22617,"hostname":"Bozhidars-MacBook-Air.local","errorType":"AuthError","code":"permission_denied","status":403,"message":"Authorization denied: permission_denied","msg":"← THROW AuthError(permission_denied) → 403"}
{"level":50,"time":1786990159648,"pid":22617,"hostname":"Bozhidars-MacBook-Air.local","errorType":"AuthError","code":"permission_denied","status":403,"message":"Authorization denied: permission_denied","msg":"← THROW AuthError(permission_denied) → 403"}
{"level":50,"time":1786990159753,"pid":22618,"hostname":"Bozhidars-MacBook-Air.local","errorType":"IntegrationError","code":"oauth_failed","status":400,"message":"OAuth flow failed","msg":"← THROW IntegrationError(oauth_failed) → 400"}
{"level":50,"time":1786990159754,"pid":22618,"hostname":"Bozhidars-MacBook-Air.local","errorType":"IntegrationError","code":"forbidden","status":403,"message":"Insufficient role","msg":"← THROW IntegrationError(forbidden) → 403"}
{"level":50,"time":1786990159755,"pid":22618,"hostname":"Bozhidars-MacBook-Air.local","errorType":"IntegrationError","code":"connection_not_found","status":404,"message":"Not found","msg":"← THROW IntegrationError(connection_not_found) → 404"}
{"level":50,"time":1786990159755,"pid":22618,"hostname":"Bozhidars-MacBook-Air.local","errorType":"IntegrationError","code":"forbidden","status":403,"message":"test forbidden","msg":"← THROW IntegrationError(forbidden) → 403"}
{"level":50,"time":1786990159755,"pid":22618,"hostname":"Bozhidars-MacBook-Air.local","errorType":"IntegrationError","code":"connection_not_found","status":404,"message":"test connection_not_found","msg":"← THROW IntegrationError(connection_not_found) → 404"}
{"level":50,"time":1786990159755,"pid":22618,"hostname":"Bozhidars-MacBook-Air.local","errorType":"IntegrationError","code":"import_not_found","status":404,"message":"test import_not_found","msg":"← THROW IntegrationError(import_not_found) → 404"}
{"level":50,"time":1786990159755,"pid":22618,"hostname":"Bozhidars-MacBook-Air.local","errorType":"IntegrationError","code":"oauth_failed","status":400,"message":"test oauth_failed","msg":"← THROW IntegrationError(oauth_failed) → 400"}
{"level":50,"time":1786990159755,"pid":22618,"hostname":"Bozhidars-MacBook-Air.local","errorType":"IntegrationError","code":"oauth_denied","status":400,"message":"test oauth_denied","msg":"← THROW IntegrationError(oauth_denied) → 400"}
{"level":50,"time":1786990159755,"pid":22618,"hostname":"Bozhidars-MacBook-Air.local","errorType":"IntegrationError","code":"oauth_state_invalid","status":400,"message":"test oauth_state_invalid","msg":"← THROW IntegrationError(oauth_state_invalid) → 400"}
{"level":50,"time":1786990159756,"pid":22618,"hostname":"Bozhidars-MacBook-Air.local","errorType":"IntegrationError","code":"token_refresh_failed","status":400,"message":"test token_refresh_failed","msg":"← THROW IntegrationError(token_refresh_failed) → 400"}
{"level":50,"time":1786990159756,"pid":22618,"hostname":"Bozhidars-MacBook-Air.local","errorType":"IntegrationError","code":"gbp_api_error","status":400,"message":"test gbp_api_error","msg":"← THROW IntegrationError(gbp_api_error) → 400"}
{"level":50,"time":1786990159756,"pid":22618,"hostname":"Bozhidars-MacBook-Air.local","errorType":"IntegrationError","code":"invalid_visibility","status":400,"message":"test invalid_visibility","msg":"← THROW IntegrationError(invalid_visibility) → 400"}
{"level":50,"time":1786990159756,"pid":22618,"hostname":"Bozhidars-MacBook-Air.local","errorType":"IntegrationError","code":"encryption_error","status":400,"message":"test encryption_error","msg":"← THROW IntegrationError(encryption_error) → 400"}
{"level":50,"time":1786990159756,"pid":22618,"hostname":"Bozhidars-MacBook-Air.local","errorType":"IntegrationError","code":"gbp_api_rate_limited","status":429,"message":"test gbp_api_rate_limited","msg":"← THROW IntegrationError(gbp_api_rate_limited) → 429"}
{"level":50,"time":1786990159756,"pid":22618,"hostname":"Bozhidars-MacBook-Air.local","errorType":"IntegrationError","code":"connection_disconnected","status":409,"message":"test connection_disconnected","msg":"← THROW IntegrationError(connection_disconnected) → 409"}
{"level":30,"time":1786990159919,"pid":22623,"hostname":"Bozhidars-MacBook-Air.local","goalsReconciled":1,"updated":1,"expired":0,"completed":0,"failed":0,"msg":"Reconciled goal progress"}
{"level":20,"time":1786990159919,"pid":22623,"hostname":"Bozhidars-MacBook-Air.local","span":"job.reconcileGoalProgress","duration":8,"msg":"✓ job.reconcileGoalProgress 8ms"}
{"level":30,"time":1786990159920,"pid":22623,"hostname":"Bozhidars-MacBook-Air.local","goalsReconciled":1,"updated":0,"expired":0,"completed":0,"failed":0,"msg":"Reconciled goal progress"}
{"level":20,"time":1786990159920,"pid":22623,"hostname":"Bozhidars-MacBook-Air.local","span":"job.reconcileGoalProgress","duration":0,"msg":"✓ job.reconcileGoalProgress 0ms"}
{"level":30,"time":1786990159921,"pid":22623,"hostname":"Bozhidars-MacBook-Air.local","goalsReconciled":1,"updated":0,"expired":1,"completed":0,"failed":0,"msg":"Reconciled goal progress"}
{"level":20,"time":1786990159921,"pid":22623,"hostname":"Bozhidars-MacBook-Air.local","span":"job.reconcileGoalProgress","duration":0,"msg":"✓ job.reconcileGoalProgress 0ms"}
{"level":30,"time":1786990159922,"pid":22623,"hostname":"Bozhidars-MacBook-Air.local","goalsReconciled":1,"updated":0,"expired":0,"completed":0,"failed":0,"msg":"Reconciled goal progress"}
{"level":20,"time":1786990159922,"pid":22623,"hostname":"Bozhidars-MacBook-Air.local","span":"job.reconcileGoalProgress","duration":0,"msg":"✓ job.reconcileGoalProgress 0ms"}
{"level":30,"time":1786990159923,"pid":22623,"hostname":"Bozhidars-MacBook-Air.local","goalsReconciled":1,"updated":1,"expired":0,"completed":1,"failed":0,"msg":"Reconciled goal progress"}
{"level":20,"time":1786990159923,"pid":22623,"hostname":"Bozhidars-MacBook-Air.local","span":"job.reconcileGoalProgress","duration":0,"msg":"✓ job.reconcileGoalProgress 0ms"}
{"level":30,"time":1786990159923,"pid":22623,"hostname":"Bozhidars-MacBook-Air.local","goalsReconciled":1,"updated":1,"expired":0,"completed":1,"failed":0,"msg":"Reconciled goal progress"}
{"level":20,"time":1786990159923,"pid":22623,"hostname":"Bozhidars-MacBook-Air.local","span":"job.reconcileGoalProgress","duration":0,"msg":"✓ job.reconcileGoalProgress 0ms"}
{"level":30,"time":1786990159923,"pid":22623,"hostname":"Bozhidars-MacBook-Air.local","goalsReconciled":1,"updated":0,"expired":1,"completed":0,"failed":0,"msg":"Reconciled goal progress"}
{"level":20,"time":1786990159923,"pid":22623,"hostname":"Bozhidars-MacBook-Air.local","span":"job.reconcileGoalProgress","duration":0,"msg":"✓ job.reconcileGoalProgress 0ms"}
{"level":30,"time":1786990159924,"pid":22623,"hostname":"Bozhidars-MacBook-Air.local","goalsReconciled":1,"updated":1,"expired":0,"completed":0,"failed":0,"msg":"Reconciled goal progress"}
{"level":20,"time":1786990159924,"pid":22623,"hostname":"Bozhidars-MacBook-Air.local","span":"job.reconcileGoalProgress","duration":0,"msg":"✓ job.reconcileGoalProgress 0ms"}
{"level":30,"time":1786990159924,"pid":22623,"hostname":"Bozhidars-MacBook-Air.local","goalsReconciled":1,"updated":0,"expired":0,"completed":0,"failed":0,"msg":"Reconciled goal progress"}
{"level":20,"time":1786990159924,"pid":22623,"hostname":"Bozhidars-MacBook-Air.local","span":"job.reconcileGoalProgress","duration":0,"msg":"✓ job.reconcileGoalProgress 0ms"}
{"level":30,"time":1786990159924,"pid":22623,"hostname":"Bozhidars-MacBook-Air.local","goalsReconciled":1,"updated":0,"expired":0,"completed":0,"failed":0,"msg":"Reconciled goal progress"}
{"level":20,"time":1786990159924,"pid":22623,"hostname":"Bozhidars-MacBook-Air.local","span":"job.reconcileGoalProgress","duration":0,"msg":"✓ job.reconcileGoalProgress 0ms"}
{"level":40,"time":1786990160016,"pid":22626,"hostname":"Bozhidars-MacBook-Air.local","role":"orphan-role","msg":"resolve_permissions: custom role missing definition or policy; skipping (fail-closed)"}
{"level":40,"time":1786990160017,"pid":22626,"hostname":"Bozhidars-MacBook-Air.local","role":"no-def","msg":"resolve_permissions: custom role missing definition or policy; skipping (fail-closed)"}
{"level":40,"time":1786990160282,"pid":22630,"hostname":"Bozhidars-MacBook-Air.local","raw":"{not json","msg":"permission_catalogue: organizationRole.permission is not valid JSON; treating as no permissions"}
{"level":40,"time":1786990160283,"pid":22630,"hostname":"Bozhidars-MacBook-Air.local","raw":"[1,2,3]","msg":"permission_catalogue: organizationRole.permission is not a record; treating as no permissions"}
{"level":40,"time":1786990160283,"pid":22630,"hostname":"Bozhidars-MacBook-Air.local","raw":"42","msg":"permission_catalogue: organizationRole.permission is not a record; treating as no permissions"}
{"level":40,"time":1786990160283,"pid":22630,"hostname":"Bozhidars-MacBook-Air.local","raw":"\"a string\"","msg":"permission_catalogue: organizationRole.permission is not a record; treating as no permissions"}
{"level":40,"time":1786990160283,"pid":22630,"hostname":"Bozhidars-MacBook-Air.local","raw":"null","msg":"permission_catalogue: organizationRole.permission is not a record; treating as no permissions"}
{"level":40,"time":1786990160283,"pid":22630,"hostname":"Bozhidars-MacBook-Air.local","permission":"bogus.x","msg":"permission_catalogue: unknown permission in role statement; dropping"}
{"level":40,"time":1786990160283,"pid":22630,"hostname":"Bozhidars-MacBook-Air.local","permission":"dashboard.nope","msg":"permission_catalogue: unknown permission in role statement; dropping"}
{"level":30,"time":1786990160546,"pid":22633,"hostname":"Bozhidars-MacBook-Air.local","queue":"default","msg":"region move: queue paused"}
{"level":30,"time":1786990160550,"pid":22633,"hostname":"Bozhidars-MacBook-Air.local","queue":"default","msg":"region move: queue paused"}
{"level":30,"time":1786990160550,"pid":22633,"hostname":"Bozhidars-MacBook-Air.local","queue":"default","msg":"region move: queue paused"}
{"level":30,"time":1786990160554,"pid":22633,"hostname":"Bozhidars-MacBook-Air.local","queue":"default","msg":"region move: queue resumed"}
{"level":20,"time":1786990160643,"pid":22636,"hostname":"Bozhidars-MacBook-Air.local","span":"metric.event.onFeedbackSubmitted","duration":6,"msg":"✓ metric.event.onFeedbackSubmitted 6ms"}
{"level":20,"time":1786990160646,"pid":22636,"hostname":"Bozhidars-MacBook-Air.local","span":"metric.event.onFeedbackSubmitted","duration":0,"msg":"✓ metric.event.onFeedbackSubmitted 0ms"}
{"level":20,"time":1786990160647,"pid":22636,"hostname":"Bozhidars-MacBook-Air.local","span":"metric.event.onFeedbackSubmitted","duration":0,"msg":"✓ metric.event.onFeedbackSubmitted 0ms"}
{"level":50,"time":1786990160648,"pid":22636,"hostname":"Bozhidars-MacBook-Air.local","err":{"name":"Error"},"event":"guest.feedback.submitted","msg":"metric: failed to record portal.feedback"}
{"level":20,"time":1786990160648,"pid":22636,"hostname":"Bozhidars-MacBook-Air.local","span":"metric.event.onFeedbackSubmitted","duration":1,"msg":"✓ metric.event.onFeedbackSubmitted 1ms"}
{"level":30,"time":1786990161129,"pid":22637,"hostname":"Bozhidars-MacBook-Air.local","count":1,"msg":"Relay claimed outbox events"}
{"level":20,"time":1786990161130,"pid":22637,"hostname":"Bozhidars-MacBook-Air.local","span":"outbox.relay.poll","duration":2,"msg":"✓ outbox.relay.poll 2ms"}
{"level":30,"time":1786990161133,"pid":22637,"hostname":"Bozhidars-MacBook-Air.local","count":2,"msg":"Relay claimed outbox events"}
{"level":20,"time":1786990161133,"pid":22637,"hostname":"Bozhidars-MacBook-Air.local","span":"outbox.relay.poll","duration":0,"msg":"✓ outbox.relay.poll 0ms"}
{"level":30,"time":1786990161134,"pid":22637,"hostname":"Bozhidars-MacBook-Air.local","count":2,"msg":"Relay claimed outbox events"}
{"level":30,"time":1786990161134,"pid":22637,"hostname":"Bozhidars-MacBook-Air.local","eventType":"integration.property_import.completed","msg":"Outbox publication denied by lifecycle fence"}
{"level":20,"time":1786990161134,"pid":22637,"hostname":"Bozhidars-MacBook-Air.local","span":"outbox.relay.poll","duration":0,"msg":"✓ outbox.relay.poll 0ms"}
{"level":30,"time":1786990161135,"pid":22637,"hostname":"Bozhidars-MacBook-Air.local","count":25,"msg":"Relay claimed outbox events"}
{"level":20,"time":1786990161135,"pid":22637,"hostname":"Bozhidars-MacBook-Air.local","span":"outbox.relay.poll","duration":0,"msg":"✓ outbox.relay.poll 0ms"}
{"level":30,"time":1786990161136,"pid":22637,"hostname":"Bozhidars-MacBook-Air.local","count":10,"msg":"Relay claimed outbox events"}
{"level":20,"time":1786990161136,"pid":22637,"hostname":"Bozhidars-MacBook-Air.local","span":"outbox.relay.poll","duration":0,"msg":"✓ outbox.relay.poll 0ms"}
{"level":30,"time":1786990161136,"pid":22637,"hostname":"Bozhidars-MacBook-Air.local","count":12,"msg":"Relay claimed outbox events"}
{"level":40,"time":1786990161136,"pid":22637,"hostname":"Bozhidars-MacBook-Air.local","err":{"name":"Error"},"count":2,"msg":"Outbox lease renewal failed"}
{"level":20,"time":1786990161136,"pid":22637,"hostname":"Bozhidars-MacBook-Air.local","span":"outbox.relay.poll","duration":0,"msg":"✓ outbox.relay.poll 0ms"}
{"level":30,"time":1786990161137,"pid":22637,"hostname":"Bozhidars-MacBook-Air.local","count":2,"msg":"Relay claimed outbox events"}
{"level":50,"time":1786990161137,"pid":22637,"hostname":"Bozhidars-MacBook-Air.local","err":{"name":"Error"},"eventType":"test.unregistered_poison","msg":"Failed to publish outbox event to BullMQ"}
{"level":20,"time":1786990161137,"pid":22637,"hostname":"Bozhidars-MacBook-Air.local","span":"outbox.relay.poll","duration":0,"msg":"✓ outbox.relay.poll 0ms"}
{"level":30,"time":1786990161137,"pid":22637,"hostname":"Bozhidars-MacBook-Air.local","count":1,"msg":"Relay claimed outbox events"}
{"level":40,"time":1786990161137,"pid":22637,"hostname":"Bozhidars-MacBook-Air.local","eventType":"test.unregistered_poison","msg":"No domain-events queue — skipping publish"}
{"level":20,"time":1786990161137,"pid":22637,"hostname":"Bozhidars-MacBook-Air.local","span":"outbox.relay.poll","duration":0,"msg":"✓ outbox.relay.poll 0ms"}
{"level":20,"time":1786990161138,"pid":22637,"hostname":"Bozhidars-MacBook-Air.local","span":"outbox.relay.poll","duration":0,"msg":"✓ outbox.relay.poll 0ms"}
{"level":40,"time":1786990161643,"pid":22647,"hostname":"Bozhidars-MacBook-Air.local","permission":"bogus.read","msg":"permission_catalogue: unknown permission in role statement; dropping"}
{"level":40,"time":1786990161643,"pid":22647,"hostname":"Bozhidars-MacBook-Air.local","raw":"not json","msg":"permission_catalogue: organizationRole.permission is not valid JSON; treating as no permissions"}
{"level":50,"time":1786990161922,"pid":22648,"hostname":"Bozhidars-MacBook-Air.local","errorType":"StaffError","code":"forbidden","status":403,"message":"Access denied","msg":"← THROW StaffError(forbidden) → 403"}
{"level":50,"time":1786990161923,"pid":22648,"hostname":"Bozhidars-MacBook-Air.local","errorType":"StaffError","code":"already_assigned","status":409,"message":"Duplicate assignment","msg":"← THROW StaffError(already_assigned) → 409"}
{"level":50,"time":1786990161924,"pid":22648,"hostname":"Bozhidars-MacBook-Air.local","errorType":"StaffError","code":"assignment_not_found","status":404,"message":"Not found","msg":"← THROW StaffError(assignment_not_found) → 404"}
{"level":50,"time":1786990161924,"pid":22648,"hostname":"Bozhidars-MacBook-Air.local","errorType":"StaffError","code":"invalid_input","status":400,"message":"Bad data","msg":"← THROW StaffError(invalid_input) → 400"}
{"level":50,"time":1786990162643,"pid":22639,"hostname":"Bozhidars-MacBook-Air.local","errorType":"PortalError","code":"invalid_slug","status":400,"message":"slug must be URL-friendly","msg":"← THROW PortalError(invalid_slug) → 400"}
{"level":50,"time":1786990162644,"pid":22639,"hostname":"Bozhidars-MacBook-Air.local","errorType":"PortalError","code":"forbidden","status":403,"message":"Insufficient role","msg":"← THROW PortalError(forbidden) → 403"}
{"level":50,"time":1786990162645,"pid":22639,"hostname":"Bozhidars-MacBook-Air.local","errorType":"PortalError","code":"slug_taken","status":409,"message":"Slug already exists","msg":"← THROW PortalError(slug_taken) → 409"}
{"level":50,"time":1786990162645,"pid":22639,"hostname":"Bozhidars-MacBook-Air.local","errorType":"PortalError","code":"forbidden","status":403,"message":"test forbidden","msg":"← THROW PortalError(forbidden) → 403"}
{"level":50,"time":1786990162645,"pid":22639,"hostname":"Bozhidars-MacBook-Air.local","errorType":"PortalError","code":"portal_not_found","status":404,"message":"test portal_not_found","msg":"← THROW PortalError(portal_not_found) → 404"}
{"level":50,"time":1786990162645,"pid":22639,"hostname":"Bozhidars-MacBook-Air.local","errorType":"PortalError","code":"property_not_found","status":404,"message":"test property_not_found","msg":"← THROW PortalError(property_not_found) → 404"}
{"level":50,"time":1786990162645,"pid":22639,"hostname":"Bozhidars-MacBook-Air.local","errorType":"PortalError","code":"category_not_found","status":404,"message":"test category_not_found","msg":"← THROW PortalError(category_not_found) → 404"}
{"level":50,"time":1786990162645,"pid":22639,"hostname":"Bozhidars-MacBook-Air.local","errorType":"PortalError","code":"link_not_found","status":404,"message":"test link_not_found","msg":"← THROW PortalError(link_not_found) → 404"}
{"level":50,"time":1786990162645,"pid":22639,"hostname":"Bozhidars-MacBook-Air.local","errorType":"PortalError","code":"slug_taken","status":409,"message":"test slug_taken","msg":"← THROW PortalError(slug_taken) → 409"}
{"level":50,"time":1786990162645,"pid":22639,"hostname":"Bozhidars-MacBook-Air.local","errorType":"PortalError","code":"upload_failed","status":422,"message":"test upload_failed","msg":"← THROW PortalError(upload_failed) → 422"}
{"level":50,"time":1786990162645,"pid":22639,"hostname":"Bozhidars-MacBook-Air.local","errorType":"PortalError","code":"invalid_slug","status":400,"message":"test invalid_slug","msg":"← THROW PortalError(invalid_slug) → 400"}
{"level":50,"time":1786990162645,"pid":22639,"hostname":"Bozhidars-MacBook-Air.local","errorType":"PortalError","code":"invalid_name","status":400,"message":"test invalid_name","msg":"← THROW PortalError(invalid_name) → 400"}
{"level":50,"time":1786990162646,"pid":22639,"hostname":"Bozhidars-MacBook-Air.local","errorType":"PortalError","code":"invalid_description","status":400,"message":"test invalid_description","msg":"← THROW PortalError(invalid_description) → 400"}
{"level":50,"time":1786990162646,"pid":22639,"hostname":"Bozhidars-MacBook-Air.local","errorType":"PortalError","code":"invalid_theme","status":400,"message":"test invalid_theme","msg":"← THROW PortalError(invalid_theme) → 400"}
{"level":50,"time":1786990162646,"pid":22639,"hostname":"Bozhidars-MacBook-Air.local","errorType":"PortalError","code":"invalid_threshold","status":400,"message":"test invalid_threshold","msg":"← THROW PortalError(invalid_threshold) → 400"}
{"level":50,"time":1786990162646,"pid":22639,"hostname":"Bozhidars-MacBook-Air.local","errorType":"PortalError","code":"invalid_url","status":400,"message":"test invalid_url","msg":"← THROW PortalError(invalid_url) → 400"}
{"level":50,"time":1786990162646,"pid":22639,"hostname":"Bozhidars-MacBook-Air.local","errorType":"PortalError","code":"invalid_label","status":400,"message":"test invalid_label","msg":"← THROW PortalError(invalid_label) → 400"}
{"level":50,"time":1786990162646,"pid":22639,"hostname":"Bozhidars-MacBook-Air.local","errorType":"PortalError","code":"invalid_title","status":400,"message":"test invalid_title","msg":"← THROW PortalError(invalid_title) → 400"}
{"level":20,"time":1786990163309,"pid":22666,"hostname":"Bozhidars-MacBook-Air.local","span":"metric.event.onReviewLinkClicked","duration":7,"msg":"✓ metric.event.onReviewLinkClicked 7ms"}
{"level":20,"time":1786990163312,"pid":22666,"hostname":"Bozhidars-MacBook-Air.local","span":"metric.event.onReviewLinkClicked","duration":0,"msg":"✓ metric.event.onReviewLinkClicked 0ms"}
{"level":20,"time":1786990163313,"pid":22666,"hostname":"Bozhidars-MacBook-Air.local","span":"metric.event.onReviewLinkClicked","duration":0,"msg":"✓ metric.event.onReviewLinkClicked 0ms"}
{"level":50,"time":1786990163314,"pid":22666,"hostname":"Bozhidars-MacBook-Air.local","err":{"name":"Error"},"event":"guest.review_link.clicked","msg":"metric: failed to record portal.review_link_click"}
{"level":20,"time":1786990163314,"pid":22666,"hostname":"Bozhidars-MacBook-Air.local","span":"metric.event.onReviewLinkClicked","duration":1,"msg":"✓ metric.event.onReviewLinkClicked 1ms"}
{"level":20,"time":1786990163572,"pid":22668,"hostname":"Bozhidars-MacBook-Air.local","span":"mybusinessNotifications.subscribe","duration":6,"msg":"✓ mybusinessNotifications.subscribe 6ms"}
{"level":20,"time":1786990163575,"pid":22668,"hostname":"Bozhidars-MacBook-Air.local","span":"mybusinessNotifications.unsubscribe","duration":0,"msg":"✓ mybusinessNotifications.unsubscribe 0ms"}
{"level":20,"time":1786990163576,"pid":22668,"hostname":"Bozhidars-MacBook-Air.local","span":"mybusinessNotifications.subscribe","duration":0,"msg":"✓ mybusinessNotifications.subscribe 0ms"}
{"level":20,"time":1786990163577,"pid":22668,"hostname":"Bozhidars-MacBook-Air.local","span":"mybusinessNotifications.unsubscribe","duration":0,"msg":"✓ mybusinessNotifications.unsubscribe 0ms"}
{"level":20,"time":1786990163645,"pid":22665,"hostname":"Bozhidars-MacBook-Air.local","span":"health.check","duration":8,"msg":"✓ health.check 8ms"}
{"level":20,"time":1786990164550,"pid":22673,"hostname":"Bozhidars-MacBook-Air.local","span":"staff.getAccessiblePropertyIds","duration":6,"msg":"✓ staff.getAccessiblePropertyIds 6ms"}
{"level":20,"time":1786990164551,"pid":22673,"hostname":"Bozhidars-MacBook-Air.local","span":"staff.getAccessiblePropertyIds","duration":0,"msg":"✓ staff.getAccessiblePropertyIds 0ms"}
{"level":50,"time":1786990164552,"pid":22673,"hostname":"Bozhidars-MacBook-Air.local","span":"staff.getAccessiblePropertyIds","duration":0,"error":{"name":"Error"},"msg":"Span staff.getAccessiblePropertyIds failed after 0ms"}
{"level":20,"time":1786990164840,"pid":22681,"hostname":"Bozhidars-MacBook-Air.local","span":"event.onFeedbackSubmitted","duration":4,"msg":"✓ event.onFeedbackSubmitted 4ms"}
{"level":20,"time":1786990164843,"pid":22681,"hostname":"Bozhidars-MacBook-Air.local","span":"event.onFeedbackSubmitted","duration":1,"msg":"✓ event.onFeedbackSubmitted 1ms"}
{"level":50,"time":1786990164844,"pid":22681,"hostname":"Bozhidars-MacBook-Air.local","err":{"name":"Error"},"msg":"inbox: failed to handle feedback.submitted"}
{"level":20,"time":1786990164844,"pid":22681,"hostname":"Bozhidars-MacBook-Air.local","span":"event.onFeedbackSubmitted","duration":0,"msg":"✓ event.onFeedbackSubmitted 0ms"}
{"level":20,"time":1786990165106,"pid":22767,"hostname":"Bozhidars-MacBook-Air.local","span":"metric.event.onScanRecorded","duration":6,"msg":"✓ metric.event.onScanRecorded 6ms"}
{"level":20,"time":1786990165109,"pid":22767,"hostname":"Bozhidars-MacBook-Air.local","span":"metric.event.onScanRecorded","duration":0,"msg":"✓ metric.event.onScanRecorded 0ms"}
{"level":20,"time":1786990165110,"pid":22767,"hostname":"Bozhidars-MacBook-Air.local","span":"metric.event.onScanRecorded","duration":0,"msg":"✓ metric.event.onScanRecorded 0ms"}
{"level":50,"time":1786990165111,"pid":22767,"hostname":"Bozhidars-MacBook-Air.local","err":{"name":"Error"},"event":"guest.scan.recorded","msg":"metric: failed to record portal.scan"}
{"level":20,"time":1786990165111,"pid":22767,"hostname":"Bozhidars-MacBook-Air.local","span":"metric.event.onScanRecorded","duration":1,"msg":"✓ metric.event.onScanRecorded 1ms"}
{"level":20,"time":1786990165128,"pid":22779,"hostname":"Bozhidars-MacBook-Air.local","span":"metric.event.onRatingSubmitted","duration":6,"msg":"✓ metric.event.onRatingSubmitted 6ms"}
{"level":20,"time":1786990165131,"pid":22779,"hostname":"Bozhidars-MacBook-Air.local","span":"metric.event.onRatingSubmitted","duration":0,"msg":"✓ metric.event.onRatingSubmitted 0ms"}
{"level":20,"time":1786990165131,"pid":22779,"hostname":"Bozhidars-MacBook-Air.local","span":"metric.event.onRatingSubmitted","duration":0,"msg":"✓ metric.event.onRatingSubmitted 0ms"}
{"level":50,"time":1786990165132,"pid":22779,"hostname":"Bozhidars-MacBook-Air.local","err":{"name":"Error"},"event":"guest.rating.submitted","msg":"metric: failed to record portal.rating"}
{"level":20,"time":1786990165132,"pid":22779,"hostname":"Bozhidars-MacBook-Air.local","span":"metric.event.onRatingSubmitted","duration":1,"msg":"✓ metric.event.onRatingSubmitted 1ms"}
{"level":50,"time":1786990165473,"pid":22790,"hostname":"Bozhidars-MacBook-Air.local","errorType":"APIError","status":"FORBIDDEN","code":"api_error","message":"You don't have permission to do that.","msg":"← THROW APIError(FORBIDDEN) → 403"}
{"level":50,"time":1786990165475,"pid":22790,"hostname":"Bozhidars-MacBook-Air.local","errorType":"APIError","status":"FORBIDDEN","code":"api_error","message":"You don't have permission to do that.","msg":"← THROW APIError(FORBIDDEN) → 403"}
{"level":50,"time":1786990165476,"pid":22790,"hostname":"Bozhidars-MacBook-Air.local","errorType":"APIError","status":"UNAUTHORIZED","code":"api_error","message":"Not authenticated","msg":"← THROW APIError(UNAUTHORIZED) → 401"}
{"level":50,"time":1786990165477,"pid":22790,"hostname":"Bozhidars-MacBook-Air.local","error":"relation \"organizationRole\" does not exist","stack":"Error: relation \"organizationRole\" does not exist\n    at /Users/bozhidardenev/kodes/projects/rep-key/src/shared/auth/server-errors.test.ts:49:28\n    at file:///Users/bozhidardenev/kodes/projects/rep-key/node_modules/.pnpm/@vitest+runner@4.1.10/node_modules/@vitest/runner/dist/chunk-artifact.js:302:11\n    at file:///Users/bozhidardenev/kodes/projects/rep-key/node_modules/.pnpm/@vitest+runner@4.1.10/node_modules/@vitest/runner/dist/chunk-artifact.js:1903:26\n    at file:///Users/bozhidardenev/kodes/projects/rep-key/node_modules/.pnpm/@vitest+runner@4.1.10/node_modules/@vitest/runner/dist/chunk-artifact.js:2326:20\n    at new Promise (<anonymous>)\n    at runWithCancel (file:///Users/bozhidardenev/kodes/projects/rep-key/node_modules/.pnpm/@vitest+runner@4.1.10/node_modules/@vitest/runner/dist/chunk-artifact.js:2323:10)\n    at file:///Users/bozhidardenev/kodes/projects/rep-key/node_modules/.pnpm/@vitest+runner@4.1.10/node_modules/@vitest/runner/dist/chunk-artifact.js:2305:20\n    at new Promise (<anonymous>)\n    at runWithTimeout (file:///Users/bozhidardenev/kodes/projects/rep-key/node_modules/.pnpm/@vitest+runner@4.1.10/node_modules/@vitest/runner/dist/chunk-artifact.js:2272:10)\n    at file:///Users/bozhidardenev/kodes/projects/rep-key/node_modules/.pnpm/@vitest+runner@4.1.10/node_modules/@vitest/runner/dist/chunk-artifact.js:2955:64","errorType":"UntaggedError","msg":"← THROW InternalError → 500"}
{"level":20,"time":1786990167445,"pid":22823,"hostname":"Bozhidars-MacBook-Air.local","span":"publicPortal.findByToken","duration":7,"msg":"✓ publicPortal.findByToken 7ms"}
{"level":20,"time":1786990167446,"pid":22823,"hostname":"Bozhidars-MacBook-Air.local","span":"publicPortal.findByToken","duration":0,"msg":"✓ publicPortal.findByToken 0ms"}
{"level":50,"time":1786990167447,"pid":22823,"hostname":"Bozhidars-MacBook-Air.local","span":"publicPortal.findByToken","duration":0,"error":{"name":"Error"},"msg":"Span publicPortal.findByToken failed after 0ms"}
{"level":50,"time":1786990175554,"pid":22920,"hostname":"Bozhidars-MacBook-Air.local","errorType":"IdentityError","code":"forbidden","status":403,"message":"Insufficient role","msg":"← THROW IdentityError(forbidden) → 403"}
{"level":50,"time":1786990175555,"pid":22920,"hostname":"Bozhidars-MacBook-Air.local","errorType":"IdentityError","code":"forbidden","status":403,"message":"Insufficient role","msg":"← THROW IdentityError(forbidden) → 403"}
{"level":50,"time":1786990175555,"pid":22920,"hostname":"Bozhidars-MacBook-Air.local","errorType":"IdentityError","code":"org_setup_failed","status":409,"message":"Slug conflict","msg":"← THROW IdentityError(org_setup_failed) → 409"}
{"level":50,"time":1786990175555,"pid":22920,"hostname":"Bozhidars-MacBook-Air.local","errorType":"IdentityError","code":"forbidden","status":403,"message":"test forbidden","msg":"← THROW IdentityError(forbidden) → 403"}
{"level":50,"time":1786990175555,"pid":22920,"hostname":"Bozhidars-MacBook-Air.local","errorType":"IdentityError","code":"invalid_slug","status":400,"message":"test invalid_slug","msg":"← THROW IdentityError(invalid_slug) → 400"}
{"level":50,"time":1786990175555,"pid":22920,"hostname":"Bozhidars-MacBook-Air.local","errorType":"IdentityError","code":"invalid_name","status":400,"message":"test invalid_name","msg":"← THROW IdentityError(invalid_name) → 400"}
{"level":50,"time":1786990175556,"pid":22920,"hostname":"Bozhidars-MacBook-Air.local","errorType":"IdentityError","code":"registration_failed","status":400,"message":"test registration_failed","msg":"← THROW IdentityError(registration_failed) → 400"}
{"level":50,"time":1786990175556,"pid":22920,"hostname":"Bozhidars-MacBook-Air.local","errorType":"IdentityError","code":"org_setup_failed","status":409,"message":"test org_setup_failed","msg":"← THROW IdentityError(org_setup_failed) → 409"}
{"level":50,"time":1786990175556,"pid":22920,"hostname":"Bozhidars-MacBook-Air.local","errorType":"IdentityError","code":"member_not_found","status":404,"message":"test member_not_found","msg":"← THROW IdentityError(member_not_found) → 404"}
{"level":50,"time":1786990175556,"pid":22920,"hostname":"Bozhidars-MacBook-Air.local","errorType":"IdentityError","code":"invitation_not_found","status":404,"message":"test invitation_not_found","msg":"← THROW IdentityError(invitation_not_found) → 404"}
{"level":50,"time":1786990186278,"pid":23199,"hostname":"Bozhidars-MacBook-Air.local","errorType":"TeamError","code":"forbidden","status":403,"message":"Access denied","msg":"← THROW TeamError(forbidden) → 403"}
{"level":50,"time":1786990186282,"pid":23199,"hostname":"Bozhidars-MacBook-Air.local","errorType":"TeamError","code":"name_taken","status":409,"message":"Duplicate name","msg":"← THROW TeamError(name_taken) → 409"}

 Test Files  620 passed (620)
      Tests  6298 passed | 146 skipped (6444)
   Start at  21:09:01
   Duration  57.01s (transform 8.46s, setup 38.93s, import 70.28s, tests 19.33s, environment 65ms)


