$ pnpm check:dependency-audit
started: 2026-08-17T18:02:32.634Z  durationMs: 6925  exit: 0


> reputation-key@ check:dependency-audit /Users/bozhidardenev/kodes/projects/rep-key
> node scripts/check-dependency-audit.mjs

[dependency-audit] prod tree: {"info":0,"low":2,"moderate":2,"high":0,"critical":0} (fail threshold: high)
  • reported (below high threshold): moderate esbuild (GHSA-67mh-4wv8-2f99) patched: >=0.25.0 — esbuild enables any website to send any requests to the development server and read the response
    via (no dependency path reported)
  • reported (below high threshold): low esbuild (GHSA-g7r4-m6w7-qqqr) patched: >=0.28.1 — esbuild allows arbitrary file read when running the development server on Windows
    via (no dependency path reported)
  • reported (below high threshold): moderate postcss (GHSA-fxqj-rqcc-2cmp) patched: >=8.5.23 — PostCSS: incomplete fix of GHSA-6g55-p6wh-862q — attacker-controlled sourceMappingURL reads arbitrary .map files when `from` is unset
    via (no dependency path reported)
[dependency-audit] full tree: {"info":0,"low":4,"moderate":12,"high":16,"critical":0} (fail threshold: critical)
  • reported (below critical threshold): moderate esbuild (GHSA-67mh-4wv8-2f99) patched: >=0.25.0 — esbuild enables any website to send any requests to the development server and read the response
    via (no dependency path reported)
  • reported (below critical threshold): moderate uuid (GHSA-w5hq-g745-h8pq) patched: >=11.1.1 — uuid: Missing buffer bounds check in v3/v5/v6 when buf is provided
    via (no dependency path reported)
  • reported (below critical threshold): low esbuild (GHSA-g7r4-m6w7-qqqr) patched: >=0.28.1 — esbuild allows arbitrary file read when running the development server on Windows
    via (no dependency path reported)
  • reported (below critical threshold): moderate launch-editor (GHSA-v6wh-96g9-6wx3) patched: >=2.14.1 — launch-editor: NTLMv2 hash disclosure via UNC path handling on Windows
    via (no dependency path reported)
  • reported (below critical threshold): high brace-expansion (GHSA-3jxr-9vmj-r5cp) patched: >=2.1.2 — brace-expansion: DoS via exponential-time expansion of consecutive non-expanding {} groups
    via (no dependency path reported)
  • reported (below critical threshold): high brace-expansion (GHSA-3jxr-9vmj-r5cp) patched: >=1.1.16 — brace-expansion: DoS via exponential-time expansion of consecutive non-expanding {} groups
    via (no dependency path reported)
  • reported (below critical threshold): high brace-expansion (GHSA-3jxr-9vmj-r5cp) patched: >=5.0.7 — brace-expansion: DoS via exponential-time expansion of consecutive non-expanding {} groups
    via (no dependency path reported)
  • reported (below critical threshold): high shell-quote (GHSA-395f-4hp3-45gv) patched: >=1.9.0 — shell-quote: Quadratic-complexity Denial of Service in `parse()` (CWE-407)
    via (no dependency path reported)
  • reported (below critical threshold): low body-parser (GHSA-v422-hmwv-36x6) patched: >=2.3.0 — body-parser vulnerable to denial of service when invalid limit value silently disables size enforcement
    via (no dependency path reported)
  • reported (below critical threshold): high fast-uri (GHSA-v2hh-gcrm-f6hx) patched: >=3.1.4 — fast-uri vulnerable to host confusion via literal backslash authority delimiter
    via (no dependency path reported)
  • reported (below critical threshold): high sharp (GHSA-f88m-g3jw-g9cj) patched: >=0.35.0 — sharp inherited vulnerabilities in libvips: CVE-2026-33327, CVE-2026-33328, CVE-2026-35590, CVE-2026-35591
    via (no dependency path reported)
  • reported (below critical threshold): moderate valibot (GHSA-5qjj-4xww-7phc) patched: >=1.4.2 — Valibot: record() issue paths can make flatten() throw for inherited Object property names
    via (no dependency path reported)
  • reported (below critical threshold): high brace-expansion (GHSA-mh99-v99m-4gvg) patched: >=1.1.17 — brace-expansion: DoS via unbounded expansion length causing an out-of-memory process crash
    via (no dependency path reported)
  • reported (below critical threshold): high brace-expansion (GHSA-mh99-v99m-4gvg) patched: >=2.1.3 — brace-expansion: DoS via unbounded expansion length causing an out-of-memory process crash
    via (no dependency path reported)
  • reported (below critical threshold): high brace-expansion (GHSA-mh99-v99m-4gvg) patched: >=5.0.8 — brace-expansion: DoS via unbounded expansion length causing an out-of-memory process crash
    via (no dependency path reported)
  • reported (below critical threshold): moderate postcss (GHSA-fxqj-rqcc-2cmp) patched: >=8.5.23 — PostCSS: incomplete fix of GHSA-6g55-p6wh-862q — attacker-controlled sourceMappingURL reads arbitrary .map files when `from` is unset
    via (no dependency path reported)
  • reported (below critical threshold): high fast-uri (GHSA-7p8r-x3mc-p8w7) patched: >=3.1.5 — fast-uri vulnerable to host confusion via backslash authority introducer
    via (no dependency path reported)
  • reported (below critical threshold): high ip-address (GHSA-mwp4-54f8-5fhr) patched: >=10.3.1 — ip-address: Address4 decodes leading-zero octets as decimal while resolvers decode them as octal, allowing SSRF and trust-boundary bypass
    via (no dependency path reported)
  • reported (below critical threshold): moderate ip-address (GHSA-4xrf-jv44-h6hh) patched: >=10.2.2 — ip-address: a CIDR suffix on the parsed address suppresses special-use classification and can bypass SSRF and trust-boundary checks
    via (no dependency path reported)
  • reported (below critical threshold): moderate ip-address (GHSA-22jq-vg5j-6vgg) patched: >=10.2.1 — ip-address: misclassification of IPv4-mapped/NAT64 IPv6 addresses can bypass SSRF and trust-boundary checks
    via (no dependency path reported)
  • reported (below critical threshold): moderate hono (GHSA-8j4g-w8fx-2239) patched: >=4.12.34 — Hono: ReDoS in CORS middleware via Access-Control-Request-Headers
    via (no dependency path reported)
  • reported (below critical threshold): high brace-expansion (GHSA-rgw5-rvv9-x895) patched: >=5.0.9 — brace-expansion: DoS via unbounded intermediate arrays, bypassing the CVE-2026-14257 mitigation
    via (no dependency path reported)
  • reported (below critical threshold): high brace-expansion (GHSA-rgw5-rvv9-x895) patched: >=2.1.4 — brace-expansion: DoS via unbounded intermediate arrays, bypassing the CVE-2026-14257 mitigation
    via (no dependency path reported)
  • reported (below critical threshold): high brace-expansion (GHSA-rgw5-rvv9-x895) patched: >=1.1.18 — brace-expansion: DoS via unbounded intermediate arrays, bypassing the CVE-2026-14257 mitigation
    via (no dependency path reported)
  • reported (below critical threshold): moderate hono (GHSA-f23p-vx2j-j53r) patched: >=4.12.34 — Hono: `memo()` retains SSR output across requests, leading to cross-user data disclosure
    via (no dependency path reported)
  • reported (below critical threshold): low hono (GHSA-79qm-7rj5-m7r9) patched: >=4.12.34 — Hono: Proxy Helper does not remove response headers listed in the `Connection` header
    via (no dependency path reported)
  • reported (below critical threshold): moderate hono (GHSA-54fx-42gc-7vw4) patched: >=4.12.34 — Hono: Algorithmic Complexity DoS in Language Middleware
    via (no dependency path reported)
  • reported (below critical threshold): moderate @hono/node-server (GHSA-frvp-7c67-39w9) patched: >=1.19.15 — Node.js Adapter for Hono: Path traversal in `serve-static` on Windows via encoded backslash (`%5C`)
    via (no dependency path reported)
  • reported (below critical threshold): high postcss (GHSA-r28c-9q8g-f849) patched: >=8.5.18 — PostCSS: Path Traversal in Previous Source Map Auto-Loading (sourceMappingURL) leads to Arbitrary .map File Disclosure
    via (no dependency path reported)
  • reported (below critical threshold): high fast-uri (GHSA-4c8g-83qw-93j6) patched: >=3.1.3 — fast-uri vulnerable to host confusion via failed IDN canonicalization
    via (no dependency path reported)
[dependency-audit] OK — no advisories at/above threshold (0 active exception(s))

