$ pnpm build
started: 2026-08-08T14:34:44.273Z  durationMs: 6350  exit: 0


> reputation-key@ build /Users/bozhidardenev/kodes/projects/rep-key
> vite build

vite v8.1.4 building client environment for production...
[2Ktransforming...✓ 3269 modules transformed.
rendering chunks...
computing gzip size...
.output/public/assets/styles-CahafcXQ.css                     122.40 kB │ gzip:  19.67 kB
.output/public/assets/root-DLTE-HSj.js                          0.03 kB │ gzip:   0.05 kB
.output/public/assets/_portalSlug-SlrDIJyB.js                   0.07 kB │ gzip:   0.09 kB
.output/public/assets/_portalSlug-Cm58mMkJ.js                   0.07 kB │ gzip:   0.09 kB
.output/public/assets/check-CmtciQMI.js                         0.12 kB │ gzip:   0.14 kB
.output/public/assets/useRouteContext-BDRZpO6D.js               0.13 kB │ gzip:   0.12 kB
.output/public/assets/loader-circle-CPBFAXS4.js                 0.14 kB │ gzip:   0.15 kB
.output/public/assets/plus-Dx_LAGqY.js                          0.15 kB │ gzip:   0.15 kB
.output/public/assets/x-CSdGIl2i.js                             0.15 kB │ gzip:   0.15 kB
.output/public/assets/arrow-left-CuJWExN6.js                    0.16 kB │ gzip:   0.16 kB
.output/public/assets/arrow-right-CC8-SaJX.js                   0.16 kB │ gzip:   0.16 kB
.output/public/assets/clock-BCTKRDnm.js                         0.16 kB │ gzip:   0.16 kB
.output/public/assets/dark-route-gate-CXQ2HLwl.js               0.16 kB │ gzip:   0.16 kB
.output/public/assets/status-SOxnqXvV.js                        0.17 kB │ gzip:   0.15 kB
.output/public/assets/circle-check-OtjLQS7o.js                  0.17 kB │ gzip:   0.16 kB
.output/public/assets/matchContext-DDjvmOMX.js                  0.18 kB │ gzip:   0.15 kB
.output/public/assets/circle-x-DnS34KTR.js                      0.20 kB │ gzip:   0.17 kB
.output/public/assets/useSearch-BnSF2Xq0.js                     0.21 kB │ gzip:   0.16 kB
.output/public/assets/target-CblI-pfE.js                        0.22 kB │ gzip:   0.16 kB
.output/public/assets/message-square-ChZ0hzNM.js                0.23 kB │ gzip:   0.20 kB
.output/public/assets/globe-BXpknsim.js                         0.24 kB │ gzip:   0.19 kB
.output/public/assets/circle-alert-BJIPrEWI.js                  0.25 kB │ gzip:   0.18 kB
.output/public/assets/chart-column-mCZfVCFn.js                  0.25 kB │ gzip:   0.19 kB
.output/public/assets/triangle-alert-DCpxenJt.js                0.26 kB │ gzip:   0.21 kB
.output/public/assets/useNavigate-D-TtMzRD.js                   0.26 kB │ gzip:   0.22 kB
.output/public/assets/auth.functions-DQTpOTKi.js                0.27 kB │ gzip:   0.22 kB
.output/public/assets/shield-D2N0TEKd.js                        0.27 kB │ gzip:   0.22 kB
.output/public/assets/award-B-YfA1Ps.js                         0.27 kB │ gzip:   0.22 kB
.output/public/assets/pencil-ebIfPPzV.js                        0.27 kB │ gzip:   0.22 kB
.output/public/assets/staff-goals-Bsf3zw3P.js                   0.28 kB │ gzip:   0.24 kB
.output/public/assets/inbox-DpKRD2Zy.js                         0.28 kB │ gzip:   0.23 kB
.output/public/assets/plug-CfvK5Gud.js                          0.28 kB │ gzip:   0.20 kB
.output/public/assets/dist-BzLZOIkJ.js                          0.30 kB │ gzip:   0.21 kB
.output/public/assets/users-B9pPAknj.js                         0.30 kB │ gzip:   0.22 kB
.output/public/assets/user-plus-Cfck35iw.js                     0.31 kB │ gzip:   0.23 kB
.output/public/assets/refresh-cw-BDAoAMNX.js                    0.32 kB │ gzip:   0.22 kB
.output/public/assets/trash-2-CkXQTWxf.js                       0.32 kB │ gzip:   0.21 kB
.output/public/assets/goals-BWV5mlWk.js                         0.33 kB │ gzip:   0.26 kB
.output/public/assets/dashboard-BrjujVd0.js                     0.36 kB │ gzip:   0.28 kB
.output/public/assets/gbp-import-BcTzPZl5.js                    0.37 kB │ gzip:   0.26 kB
.output/public/assets/building-2-KYTy7e4P.js                    0.38 kB │ gzip:   0.24 kB
.output/public/assets/auth-settings-bUv8PjpT.js                 0.38 kB │ gzip:   0.27 kB
.output/public/assets/skeleton-C1_oj7GP.js                      0.38 kB │ gzip:   0.29 kB
.output/public/assets/usePermissions-CPjwi13n.js                0.39 kB │ gzip:   0.26 kB
.output/public/assets/dist-DuwySQCX.js                          0.41 kB │ gzip:   0.29 kB
.output/public/assets/layers-DchVE73l.js                        0.42 kB │ gzip:   0.24 kB
.output/public/assets/staff-empty-state-3aHTRzuz.js             0.42 kB │ gzip:   0.32 kB
.output/public/assets/dashboard.dto-Do3CuPTq.js                 0.42 kB │ gzip:   0.24 kB
.output/public/assets/QueryClientProvider-BXGFlRGR.js           0.42 kB │ gzip:   0.30 kB
.output/public/assets/useServerFn-BUf6fbx-.js                   0.44 kB │ gzip:   0.30 kB
.output/public/assets/_teamId-Dzv3CvcD.js                       0.46 kB │ gzip:   0.27 kB
.output/public/assets/settings-Dw24UfvJ.js                      0.46 kB │ gzip:   0.31 kB
.output/public/assets/star-CahoRpqx.js                          0.47 kB │ gzip:   0.29 kB
.output/public/assets/badges-Dl-K4ECP.js                        0.47 kB │ gzip:   0.31 kB
.output/public/assets/page-shell-BGGtR7uw.js                    0.47 kB │ gzip:   0.35 kB
.output/public/assets/settings-jLEy7TVe.js                      0.48 kB │ gzip:   0.26 kB
.output/public/assets/monitor-alWeW92b.js                       0.49 kB │ gzip:   0.33 kB
.output/public/assets/palette-HVtFDsIa.js                       0.51 kB │ gzip:   0.28 kB
.output/public/assets/scan-line-C4Dx-BxW.js                     0.51 kB │ gzip:   0.31 kB
.output/public/assets/useRouterState-JP45j2i3.js                0.53 kB │ gzip:   0.32 kB
.output/public/assets/-inbox-fns-BrmIBck7.js                    0.56 kB │ gzip:   0.38 kB
.output/public/assets/google-connections-D6f1BzTr.js            0.58 kB │ gzip:   0.36 kB
.output/public/assets/permissions-DKW0-9AL.js                   0.58 kB │ gzip:   0.36 kB
.output/public/assets/dist-ORUheO4f.js                          0.59 kB │ gzip:   0.38 kB
.output/public/assets/metric-keys-BgvsFskD.js                   0.60 kB │ gzip:   0.21 kB
.output/public/assets/dist-C7SEBSz0.js                          0.60 kB │ gzip:   0.42 kB
.output/public/assets/sun-879x9Qvk.js                           0.63 kB │ gzip:   0.34 kB
.output/public/assets/dist-ClrE5rWc.js                          0.64 kB │ gzip:   0.40 kB
.output/public/assets/use-action-Ce10NLmI.js                    0.66 kB │ gzip:   0.37 kB
.output/public/assets/preferences-RY6CDbSS.js                   0.69 kB │ gzip:   0.41 kB
.output/public/assets/textarea-G-5yjNbP.js                      0.69 kB │ gzip:   0.47 kB
.output/public/assets/team-BLkHU3RM.js                          0.74 kB │ gzip:   0.45 kB
.output/public/assets/inbox-CEkcu-p4.js                         0.74 kB │ gzip:   0.46 kB
.output/public/assets/accept-invitation-K9ftTVcy.js             0.75 kB │ gzip:   0.47 kB
.output/public/assets/useMatch-CH4etoQt.js                      0.78 kB │ gzip:   0.44 kB
.output/public/assets/dashboard-DX7jHcx8.js                     0.82 kB │ gzip:   0.51 kB
.output/public/assets/security-BFEsbPm4.js                      0.86 kB │ gzip:   0.49 kB
.output/public/assets/members-naUzu77d.js                       0.90 kB │ gzip:   0.52 kB
.output/public/assets/label-IZeoulLI.js                         0.90 kB │ gzip:   0.58 kB
.output/public/assets/portals-BQiBPqOH.js                       0.90 kB │ gzip:   0.49 kB
.output/public/assets/form-textarea-FwAq2qzF.js                 0.91 kB │ gzip:   0.49 kB
.output/public/assets/clipboard-BHzXxpDT.js                     0.91 kB │ gzip:   0.55 kB
.output/public/assets/notifications-FcDfTGwF.js                 0.91 kB │ gzip:   0.49 kB
.output/public/assets/_teamId-Da_IREYm.js                       0.93 kB │ gzip:   0.56 kB
.output/public/assets/unavailable-C6alxB64.js                   0.93 kB │ gzip:   0.50 kB
.output/public/assets/empty-state-BvCEmQgM.js                   0.94 kB │ gzip:   0.43 kB
.output/public/assets/route-queries-GKZauMuS.js                 0.96 kB │ gzip:   0.55 kB
.output/public/assets/reviews-BQzIVUPo.js                       0.96 kB │ gzip:   0.54 kB
.output/public/assets/redirect-Coy-z-9D.js                      1.00 kB │ gzip:   0.54 kB
.output/public/assets/qr-code-CPZbo5m8.js                       1.01 kB │ gzip:   0.47 kB
.output/public/assets/portal-links-CzagArfc.js                  1.02 kB │ gzip:   0.54 kB
.output/public/assets/progress-bar-PNDp23GF.js                  1.03 kB │ gzip:   0.54 kB
.output/public/assets/input-CkZYiY8m.js                         1.04 kB │ gzip:   0.59 kB
.output/public/assets/_propertyId-D_008eBa.js                   1.13 kB │ gzip:   0.61 kB
.output/public/assets/jsx-dev-runtime-HcPKhm1S.js               1.17 kB │ gzip:   0.63 kB
.output/public/assets/notifications-Cv2tVTcT.js                 1.17 kB │ gzip:   0.62 kB
.output/public/assets/createLucideIcon-DSXIwo47.js              1.24 kB │ gzip:   0.72 kB
.output/public/assets/profile-BrVTzXYk.js                       1.27 kB │ gzip:   0.66 kB
.output/public/assets/metrics-C8TliFZq.js                       1.29 kB │ gzip:   0.67 kB
.output/public/assets/integrations-D37AgVa8.js                  1.34 kB │ gzip:   0.68 kB
.output/public/assets/_portalSlug-Bs9n75Hc.js                   1.36 kB │ gzip:   0.78 kB
.output/public/assets/lookups-BRMzJwzS.js                       1.38 kB │ gzip:   0.72 kB
.output/public/assets/card-CF2u-Eai.js                          1.38 kB │ gzip:   0.56 kB
.output/public/assets/dist-BLeTwY5T.js                          1.38 kB │ gzip:   0.69 kB
.output/public/assets/people-Bz3Z1BmD.js                        1.40 kB │ gzip:   0.74 kB
.output/public/assets/page-states-DVS6MBZX.js                   1.41 kB │ gzip:   0.64 kB
.output/public/assets/alert-NfMthhoD.js                         1.41 kB │ gzip:   0.68 kB
.output/public/assets/inbox-BkShZ9VE.js                         1.42 kB │ gzip:   0.74 kB
.output/public/assets/_importId-CfUv7u1_.js                     1.45 kB │ gzip:   0.71 kB
.output/public/assets/public-api-DSh4_40K.js                    1.47 kB │ gzip:   0.76 kB
.output/public/assets/register-DMjM8DOX.js                      1.47 kB │ gzip:   0.69 kB
.output/public/assets/new-DQoYixXl.js                           1.50 kB │ gzip:   0.75 kB
.output/public/assets/login-D94gK8gG.js                         1.50 kB │ gzip:   0.76 kB
.output/public/assets/badge-DGoHtVNz.js                         1.56 kB │ gzip:   0.76 kB
.output/public/assets/join-C05ETtjV.js                          1.57 kB │ gzip:   0.75 kB
.output/public/assets/reset-password-DWfyH6N6.js                1.60 kB │ gzip:   0.78 kB
.output/public/assets/recognition-BPa-hOrS.js                   1.60 kB │ gzip:   0.79 kB
.output/public/assets/table-Dq2oSxt0.js                         1.84 kB │ gzip:   0.66 kB
.output/public/assets/auth-layout-zWWeny91.js                   1.86 kB │ gzip:   0.68 kB
.output/public/assets/query-keys-VXLF11To.js                    1.88 kB │ gzip:   0.67 kB
.output/public/assets/dist-Lt_0g0yG.js                          1.98 kB │ gzip:   0.91 kB
.output/public/assets/preload-helper-B9SI0RnK.js                2.03 kB │ gzip:   1.08 kB
.output/public/assets/button-B-j8E3vd.js                        2.04 kB │ gzip:   0.92 kB
.output/public/assets/dist-Bs9W_yXu.js                          2.14 kB │ gzip:   0.95 kB
.output/public/assets/goal.dto-DlBok7Ch.js                      2.19 kB │ gzip:   0.97 kB
.output/public/assets/organizations-CMpg0VOt.js                 2.33 kB │ gzip:   1.08 kB
.output/public/assets/import-COxZ1_gv.js                        2.37 kB │ gzip:   1.04 kB
.output/public/assets/dist-BJvkT3cK.js                          2.50 kB │ gzip:   1.15 kB
.output/public/assets/routes-CNU8gcqD.js                        2.61 kB │ gzip:   1.04 kB
.output/public/assets/field-BIKAUGAc.js                         2.85 kB │ gzip:   1.08 kB
.output/public/assets/_teamId-DVVKYEJi.js                       2.97 kB │ gzip:   1.21 kB
.output/public/assets/switch-D-XwxR1R.js                        3.21 kB │ gzip:   1.53 kB
.output/public/assets/_portalId-DDLY2dTD.js                     3.31 kB │ gzip:   1.40 kB
.output/public/assets/members-DQY4Todi.js                       3.61 kB │ gzip:   1.37 kB
.output/public/assets/dist-DW-L5Nvv.js                          3.65 kB │ gzip:   1.61 kB
.output/public/assets/dialog-C_LEqrfQ.js                        3.66 kB │ gzip:   1.17 kB
.output/public/assets/progress-B3BVx1L5.js                      3.85 kB │ gzip:   1.33 kB
.output/public/assets/page-header-D4_DIUkl.js                   3.93 kB │ gzip:   1.21 kB
.output/public/assets/property-dashboard-helpers-C47by_Ly.js    4.09 kB │ gzip:   1.28 kB
.output/public/assets/route-BUsKFSNB.js                         4.27 kB │ gzip:   1.26 kB
.output/public/assets/checkbox-DAQXeDjJ.js                      4.65 kB │ gzip:   1.98 kB
.output/public/assets/dist-cKzCKaJo.js                          5.38 kB │ gzip:   2.06 kB
.output/public/assets/properties-C5UoZUq8.js                    5.38 kB │ gzip:   1.63 kB
.output/public/assets/tabs-CrRJQj6L.js                          5.61 kB │ gzip:   2.00 kB
.output/public/assets/popover-Bya-lPoS.js                       6.04 kB │ gzip:   2.16 kB
.output/public/assets/use-action-mutation-UF6cPpvF.js           6.16 kB │ gzip:   2.07 kB
.output/public/assets/link-DY8XMFQJ.js                          6.20 kB │ gzip:   2.60 kB
.output/public/assets/alert-dialog-CRSah3Sx.js                  7.18 kB │ gzip:   2.23 kB
.output/public/assets/removable-Dc8OY8z6.js                     7.37 kB │ gzip:   2.83 kB
.output/public/assets/helpers-DyJ9TQEz.js                       7.43 kB │ gzip:   2.82 kB
.output/public/assets/portals-CsfTDTIi.js                       8.20 kB │ gzip:   2.25 kB
.output/public/assets/leaderboard-Hu3UMDou.js                   9.04 kB │ gzip:   2.35 kB
.output/public/assets/guest-BKL67933.js                         9.23 kB │ gzip:   2.64 kB
.output/public/assets/image-upload-field-DY72xHwL.js           10.32 kB │ gzip:   2.97 kB
.output/public/assets/home-By_UoCqs.js                         10.45 kB │ gzip:   2.57 kB
.output/public/assets/_propertyId-SQ1XQ9Cf.js                  10.85 kB │ gzip:   2.89 kB
.output/public/assets/settings-D3G-c0Wm.js                     12.29 kB │ gzip:   2.93 kB
.output/public/assets/tooltip-BqcFIWAq.js                      12.43 kB │ gzip:   4.08 kB
.output/public/assets/_goalId-Bh265NOr.js                      13.27 kB │ gzip:   3.28 kB
.output/public/assets/organization-Be5P_z94.js                 13.76 kB │ gzip:   3.78 kB
.output/public/assets/sidebar-DAu_eym4.js                      14.43 kB │ gzip:   4.37 kB
.output/public/assets/goals-IzjubGHF.js                        14.82 kB │ gzip:   3.88 kB
.output/public/assets/integration-BP71VVc0.js                  15.01 kB │ gzip:   3.72 kB
.output/public/assets/queryOptions-Hq0MIVAr.js                 16.69 kB │ gzip:   5.61 kB
.output/public/assets/useStore-CIWs_wvU.js                     18.11 kB │ gzip:   6.49 kB
.output/public/assets/es2015-BpjDwTq5.js                       20.10 kB │ gzip:   7.28 kB
.output/public/assets/select-DgReKXi1.js                       23.19 kB │ gzip:   7.67 kB
.output/public/assets/_authenticated-crP1LUUy.js               26.50 kB │ gzip:   5.79 kB
.output/public/assets/dist-BICDmRsY.js                         26.62 kB │ gzip:  10.29 kB
.output/public/assets/utils--RXTWceY.js                        26.94 kB │ gzip:   8.60 kB
.output/public/assets/new-CZkX4o1U.js                          29.15 kB │ gzip:   7.72 kB
.output/public/assets/dist-CitcoR1b.js                         32.58 kB │ gzip:   9.14 kB
.output/public/assets/identity-CEtm_3GL.js                     34.70 kB │ gzip:   7.00 kB
.output/public/assets/createServerFn-Bh-IIRZr.js               35.56 kB │ gzip:  11.62 kB
.output/public/assets/_authenticated-CxhO_WTF.js               40.65 kB │ gzip:  12.20 kB
.output/public/assets/vendor-dnd-DGwK_riF.js                   44.30 kB │ gzip:  14.53 kB
.output/public/assets/form-text-field-BBCE_mMi.js              65.67 kB │ gzip:  16.35 kB
.output/public/assets/schemas-BOzKo5v6.js                      67.02 kB │ gzip:  17.92 kB
.output/public/assets/inbox-page-v2-DehmpTZu.js               105.92 kB │ gzip:  26.89 kB
.output/public/assets/portal-B9SKN6tn.js                      122.69 kB │ gzip:  33.63 kB
.output/public/assets/vendor-charts-CvDAMwS6.js               381.59 kB │ gzip: 112.00 kB
.output/public/assets/index-CkGJazZ5.js                       401.99 kB │ gzip: 119.13 kB

✓ built in 1.75s
vite v8.1.4 building ssr environment for production...
[2Ktransforming...✓ 1774 modules transformed.
rendering chunks...
computing gzip size...
node_modules/.nitro/vite/services/ssr/assets/styles-CahafcXQ.css                           122.40 kB │ gzip:  19.67 kB
node_modules/.nitro/vite/services/ssr/assets/domain-2M1QgaRE.js                              0.08 kB │ gzip:   0.09 kB
node_modules/.nitro/vite/services/ssr/assets/kysely-adapter-BVV4ZOl8.js                      0.13 kB │ gzip:   0.10 kB
node_modules/.nitro/vite/services/ssr/assets/utils-C_uf36nf.js                               0.18 kB │ gzip:   0.15 kB
node_modules/.nitro/vite/services/ssr/assets/_portalSlug-DVT8nrBs.js                         0.24 kB │ gzip:   0.17 kB
node_modules/.nitro/vite/services/ssr/assets/_portalSlug-BAPFdS0y.js                         0.26 kB │ gzip:   0.17 kB
node_modules/.nitro/vite/services/ssr/assets/empty-plugin-adapters-Dm5oI3Gf.js               0.30 kB │ gzip:   0.20 kB
node_modules/.nitro/vite/services/ssr/assets/errors-Bq--YW6Y.js                              0.31 kB │ gzip:   0.21 kB
node_modules/.nitro/vite/services/ssr/assets/dark-route-gate-CpbQ26zD.js                     0.38 kB │ gzip:   0.27 kB
node_modules/.nitro/vite/services/ssr/assets/profile-CzohkLW-.js                             0.38 kB │ gzip:   0.23 kB
node_modules/.nitro/vite/services/ssr/assets/types-0k5KYs26.js                               0.40 kB │ gzip:   0.25 kB
node_modules/.nitro/vite/services/ssr/assets/import-DDkwv3Kc.js                              0.45 kB │ gzip:   0.27 kB
node_modules/.nitro/vite/services/ssr/assets/integrations-De4w4Nq_.js                        0.46 kB │ gzip:   0.28 kB
node_modules/.nitro/vite/services/ssr/assets/pii-CO5ErOFu.js                                 0.46 kB │ gzip:   0.32 kB
node_modules/.nitro/vite/services/ssr/assets/createServerRpc-BlLlV-eh.js                     0.46 kB │ gzip:   0.30 kB
node_modules/.nitro/vite/services/ssr/assets/notifications-BvloOPVG.js                       0.47 kB │ gzip:   0.27 kB
node_modules/.nitro/vite/services/ssr/assets/recognition-hnuT57YQ.js                         0.47 kB │ gzip:   0.28 kB
node_modules/.nitro/vite/services/ssr/assets/join-ByzVE8Gk.js                                0.49 kB │ gzip:   0.31 kB
node_modules/.nitro/vite/services/ssr/assets/login-CvCeNwza.js                               0.49 kB │ gzip:   0.31 kB
node_modules/.nitro/vite/services/ssr/assets/staff-shared-BzIXN4dK.js                        0.50 kB │ gzip:   0.30 kB
node_modules/.nitro/vite/services/ssr/assets/organizations.errors.server-dAYyXcWf.js         0.53 kB │ gzip:   0.30 kB
node_modules/.nitro/vite/services/ssr/assets/staff-goals-C1jcKzbd.js                         0.53 kB │ gzip:   0.34 kB
node_modules/.nitro/vite/services/ssr/assets/goals-Db5qIrqw.js                               0.53 kB │ gzip:   0.32 kB
node_modules/.nitro/vite/services/ssr/assets/skeleton-BZaKR9K1.js                            0.55 kB │ gzip:   0.36 kB
node_modules/.nitro/vite/services/ssr/assets/types-Bps_6XkA.js                               0.56 kB │ gzip:   0.30 kB
node_modules/.nitro/vite/services/ssr/assets/dashboard-6HYhisDg.js                           0.59 kB │ gzip:   0.35 kB
node_modules/.nitro/vite/services/ssr/assets/auth-context-BQZQHCWn.js                        0.60 kB │ gzip:   0.35 kB
node_modules/.nitro/vite/services/ssr/assets/createSsrRpc-DfedBAzf.js                        0.60 kB │ gzip:   0.37 kB
node_modules/.nitro/vite/services/ssr/assets/metrics-DxPSnVSo.js                             0.61 kB │ gzip:   0.36 kB
node_modules/.nitro/vite/services/ssr/assets/staff-empty-state-BCsZEjmQ.js                   0.62 kB │ gzip:   0.38 kB
node_modules/.nitro/vite/services/ssr/assets/auth.functions-DetoRf9d.js                      0.66 kB │ gzip:   0.40 kB
node_modules/.nitro/vite/services/ssr/assets/usePermissions-DxcqEqNf.js                      0.67 kB │ gzip:   0.36 kB
node_modules/.nitro/vite/services/ssr/assets/badge.dto-mBhzTb-a.js                           0.68 kB │ gzip:   0.33 kB
node_modules/.nitro/vite/services/ssr/assets/organizations.shared-CPwJ-2WO.js                0.68 kB │ gzip:   0.39 kB
node_modules/.nitro/vite/services/ssr/assets/update-portal-group.dto-DIioHFZU.js             0.68 kB │ gzip:   0.28 kB
node_modules/.nitro/vite/services/ssr/assets/string-6fIunP1r.js                              0.69 kB │ gzip:   0.42 kB
node_modules/.nitro/vite/services/ssr/assets/property-shared-no_3cjx5.js                     0.69 kB │ gzip:   0.35 kB
node_modules/.nitro/vite/services/ssr/assets/inbox-xeZe9Ye-.js                               0.70 kB │ gzip:   0.41 kB
node_modules/.nitro/vite/services/ssr/assets/settings-oPQDnBTY.js                            0.72 kB │ gzip:   0.40 kB
node_modules/.nitro/vite/services/ssr/assets/assert-property-access-CSbQfBsr.js              0.74 kB │ gzip:   0.40 kB
node_modules/.nitro/vite/services/ssr/assets/portal-link-category.dto-BYKBhYwW.js            0.74 kB │ gzip:   0.31 kB
node_modules/.nitro/vite/services/ssr/assets/status-oEiBvyMd.js                              0.76 kB │ gzip:   0.47 kB
node_modules/.nitro/vite/services/ssr/assets/label-DnvnFm4b.js                               0.77 kB │ gzip:   0.47 kB
node_modules/.nitro/vite/services/ssr/assets/useServerFn-M9X6CYod.js                         0.77 kB │ gzip:   0.44 kB
node_modules/.nitro/vite/services/ssr/assets/clipboard-v6BN3eSH.js                           0.78 kB │ gzip:   0.38 kB
node_modules/.nitro/vite/services/ssr/assets/new-4WB3T_Ld.js                                 0.78 kB │ gzip:   0.44 kB
node_modules/.nitro/vite/services/ssr/assets/reviews-G6UnnUpu.js                             0.83 kB │ gzip:   0.45 kB
node_modules/.nitro/vite/services/ssr/assets/dashboard.dto-C8BQvc9n.js                       0.83 kB │ gzip:   0.37 kB
node_modules/.nitro/vite/services/ssr/assets/textarea-Ba5Ms2Dt.js                            0.87 kB │ gzip:   0.52 kB
node_modules/.nitro/vite/services/ssr/assets/staff-assignment.dto-SHWDqNVu.js                0.89 kB │ gzip:   0.30 kB
node_modules/.nitro/vite/services/ssr/assets/leaderboard.dto-CRrHSpl1.js                     0.90 kB │ gzip:   0.38 kB
node_modules/.nitro/vite/services/ssr/assets/dark-route-gate-C8TvVJru.js                     0.92 kB │ gzip:   0.49 kB
node_modules/.nitro/vite/services/ssr/assets/_teamId-5oM7cNNe.js                             0.93 kB │ gzip:   0.41 kB
node_modules/.nitro/vite/services/ssr/assets/update-team.dto-B7_NKBDu.js                     0.93 kB │ gzip:   0.34 kB
node_modules/.nitro/vite/services/ssr/assets/update-connection-visibility.dto-jqvNaWGM.js    0.94 kB │ gzip:   0.34 kB
node_modules/.nitro/vite/services/ssr/assets/_propertyId-B3gZZRHu.js                         0.97 kB │ gzip:   0.51 kB
node_modules/.nitro/vite/services/ssr/assets/gbp-import-DyJH1KYK.js                          0.98 kB │ gzip:   0.47 kB
node_modules/.nitro/vite/services/ssr/assets/portal-link.dto-4H_8Rw3r.js                     0.99 kB │ gzip:   0.35 kB
node_modules/.nitro/vite/services/ssr/assets/dashboard-09fIrWdC.js                           1.01 kB │ gzip:   0.55 kB
node_modules/.nitro/vite/services/ssr/assets/start-CCxGr7S9.js                               1.01 kB │ gzip:   0.45 kB
node_modules/.nitro/vite/services/ssr/assets/_importId-BRibDJTu.js                           1.01 kB │ gzip:   0.48 kB
node_modules/.nitro/vite/services/ssr/assets/import-status.dto-DIOpn1SX.js                   1.02 kB │ gzip:   0.38 kB
node_modules/.nitro/vite/services/ssr/assets/page-shell-CGtUk9Do.js                          1.04 kB │ gzip:   0.65 kB
node_modules/.nitro/vite/services/ssr/assets/team-B1DXUqAu.js                                1.07 kB │ gzip:   0.53 kB
node_modules/.nitro/vite/services/ssr/assets/preferences-CE6w2MvC.js                         1.09 kB │ gzip:   0.50 kB
node_modules/.nitro/vite/services/ssr/assets/auth-settings-DTwHdp2D.js                       1.11 kB │ gzip:   0.54 kB
node_modules/.nitro/vite/services/ssr/assets/kysely-migration-tables-JkVUjPF_-C548Smk5.js    1.11 kB │ gzip:   0.61 kB
node_modules/.nitro/vite/services/ssr/assets/traced-server-fn-DSajJ7xq.js                    1.13 kB │ gzip:   0.58 kB
node_modules/.nitro/vite/services/ssr/assets/input-yJtH5sxJ.js                               1.16 kB │ gzip:   0.63 kB
node_modules/.nitro/vite/services/ssr/assets/error-helpers-PCSfOM0X.js                       1.19 kB │ gzip:   0.62 kB
node_modules/.nitro/vite/services/ssr/assets/_goalId-BqcPkerL.js                             1.19 kB │ gzip:   0.56 kB
node_modules/.nitro/vite/services/ssr/assets/inbox-B_FaOoM5.js                               1.19 kB │ gzip:   0.59 kB
node_modules/.nitro/vite/services/ssr/assets/badges--vxEbttW.js                              1.25 kB │ gzip:   0.53 kB
node_modules/.nitro/vite/services/ssr/assets/update-property.dto-CZRgJuuH.js                 1.26 kB │ gzip:   0.49 kB
node_modules/.nitro/vite/services/ssr/assets/goals-BERBtI6A.js                               1.27 kB │ gzip:   0.56 kB
node_modules/.nitro/vite/services/ssr/assets/unavailable-DOdbxOXa.js                         1.29 kB │ gzip:   0.60 kB
node_modules/.nitro/vite/services/ssr/assets/accept-invitation-U_193fug.js                   1.32 kB │ gzip:   0.61 kB
node_modules/.nitro/vite/services/ssr/assets/security-BAHu49Qw.js                            1.34 kB │ gzip:   0.60 kB
node_modules/.nitro/vite/services/ssr/assets/empty-state-CD-4pUpz.js                         1.38 kB │ gzip:   0.53 kB
node_modules/.nitro/vite/services/ssr/assets/reply-read-DGHTlA5R.js                          1.41 kB │ gzip:   0.69 kB
node_modules/.nitro/vite/services/ssr/assets/accept-invitation-BEAZ94xB.js                   1.41 kB │ gzip:   0.65 kB
node_modules/.nitro/vite/services/ssr/assets/progress-sFtNth_2.js                            1.42 kB │ gzip:   0.67 kB
node_modules/.nitro/vite/services/ssr/assets/update-portal.dto-B4ln5kas.js                   1.44 kB │ gzip:   0.47 kB
node_modules/.nitro/vite/services/ssr/assets/dashboard-CMSW2ajw.js                           1.45 kB │ gzip:   0.62 kB
node_modules/.nitro/vite/services/ssr/assets/google-connections-BSVgz3v3.js                  1.46 kB │ gzip:   0.66 kB
node_modules/.nitro/vite/services/ssr/assets/portals-DIYBkmaq.js                             1.46 kB │ gzip:   0.65 kB
node_modules/.nitro/vite/services/ssr/assets/_teamId-CuUdl3_H.js                             1.51 kB │ gzip:   0.73 kB
node_modules/.nitro/vite/services/ssr/assets/organization-C2btofH7.js                        1.51 kB │ gzip:   0.65 kB
node_modules/.nitro/vite/services/ssr/assets/checkbox-BJWqiCOY.js                            1.55 kB │ gzip:   0.70 kB
node_modules/.nitro/vite/services/ssr/assets/reviews-B-0pWfUy.js                             1.58 kB │ gzip:   0.69 kB
node_modules/.nitro/vite/services/ssr/assets/staff-goals-DV5WmEJk.js                         1.59 kB │ gzip:   0.73 kB
node_modules/.nitro/vite/services/ssr/assets/switch-B_Z4lIAR.js                              1.60 kB │ gzip:   0.74 kB
node_modules/.nitro/vite/services/ssr/assets/form-textarea-CiRATftO.js                       1.61 kB │ gzip:   0.71 kB
node_modules/.nitro/vite/services/ssr/assets/google-auth-url-bfsegLzY.js                     1.61 kB │ gzip:   0.74 kB
node_modules/.nitro/vite/services/ssr/assets/staff-portals-e29Pq57n.js                       1.64 kB │ gzip:   0.75 kB
node_modules/.nitro/vite/services/ssr/assets/members-w8GO4srB.js                             1.65 kB │ gzip:   0.69 kB
node_modules/.nitro/vite/services/ssr/assets/_propertyId-Du6pbHrD.js                         1.70 kB │ gzip:   0.73 kB
node_modules/.nitro/vite/services/ssr/assets/members-DkcbqfcF.js                             1.73 kB │ gzip:   0.73 kB
node_modules/.nitro/vite/services/ssr/assets/staff-recent-activity-CWOvxbV1.js               1.73 kB │ gzip:   0.75 kB
node_modules/.nitro/vite/services/ssr/assets/progress-bar-DeEIBvPZ.js                        1.75 kB │ gzip:   0.70 kB
node_modules/.nitro/vite/services/ssr/assets/popover-B3Jx08Gp.js                             1.76 kB │ gzip:   0.67 kB
node_modules/.nitro/vite/services/ssr/assets/badge-C_u102UO.js                               1.79 kB │ gzip:   0.84 kB
node_modules/.nitro/vite/services/ssr/assets/alert-ITJWj2T1.js                               1.82 kB │ gzip:   0.75 kB
node_modules/.nitro/vite/services/ssr/assets/metric-keys-DtEreG58.js                         1.83 kB │ gzip:   0.74 kB
node_modules/.nitro/vite/services/ssr/assets/-inbox-fns-4PufiOUI.js                          1.83 kB │ gzip:   0.76 kB
node_modules/.nitro/vite/services/ssr/assets/client-ip-ByS4XckF.js                           1.85 kB │ gzip:   0.86 kB
node_modules/.nitro/vite/services/ssr/assets/use-action-jEOPgTrQ.js                          1.87 kB │ gzip:   0.83 kB
node_modules/.nitro/vite/services/ssr/assets/notifications-CixtmHW8.js                       1.91 kB │ gzip:   0.77 kB
node_modules/.nitro/vite/services/ssr/assets/card-kjuY1Wfl.js                                1.91 kB │ gzip:   0.62 kB
node_modules/.nitro/vite/services/ssr/assets/use-action-mutation-EHuyFNG-.js                 1.94 kB │ gzip:   0.93 kB
node_modules/.nitro/vite/services/ssr/assets/metrics-3bNywpUj.js                             1.97 kB │ gzip:   0.83 kB
node_modules/.nitro/vite/services/ssr/assets/guest-session-ik62CSTG.js                       2.04 kB │ gzip:   0.99 kB
node_modules/.nitro/vite/services/ssr/assets/route-queries-2l9Cc-t7.js                       2.09 kB │ gzip:   0.86 kB
node_modules/.nitro/vite/services/ssr/assets/staff-portals-update-BCg5f6Hc.js                2.09 kB │ gzip:   0.90 kB
node_modules/.nitro/vite/services/ssr/assets/profile-Dh9GELy9.js                             2.11 kB │ gzip:   0.82 kB
node_modules/.nitro/vite/services/ssr/assets/public-api-DjP3iMvW.js                          2.12 kB │ gzip:   0.87 kB
node_modules/.nitro/vite/services/ssr/assets/sqlite-adapter-EMgr8Uqc.js                      2.12 kB │ gzip:   0.83 kB
node_modules/.nitro/vite/services/ssr/assets/auth.functions-Cx8KV6Zt.js                      2.14 kB │ gzip:   0.84 kB
node_modules/.nitro/vite/services/ssr/assets/integrations-BX-tyxmJ.js                        2.17 kB │ gzip:   0.85 kB
node_modules/.nitro/vite/services/ssr/assets/register-D3BUsNkF.js                            2.23 kB │ gzip:   0.86 kB
node_modules/.nitro/vite/services/ssr/assets/login-Bb2r0lmt.js                               2.23 kB │ gzip:   0.94 kB
node_modules/.nitro/vite/services/ssr/assets/goals-BBJ6PCzl.js                               2.25 kB │ gzip:   0.92 kB
node_modules/.nitro/vite/services/ssr/assets/reply-read-DrTYP3ze.js                          2.25 kB │ gzip:   1.02 kB
node_modules/.nitro/vite/services/ssr/assets/portal-analytics-Bu2jfc5s.js                    2.26 kB │ gzip:   0.93 kB
node_modules/.nitro/vite/services/ssr/assets/_importId-BFT_z5KG.js                           2.28 kB │ gzip:   0.87 kB
node_modules/.nitro/vite/services/ssr/assets/theme-toggle-CvahcncX.js                        2.28 kB │ gzip:   0.98 kB
node_modules/.nitro/vite/services/ssr/assets/organizations.update-DuDK-K60.js                2.31 kB │ gzip:   0.90 kB
node_modules/.nitro/vite/services/ssr/assets/_portalSlug-DAjIQ17l.js                         2.31 kB │ gzip:   0.98 kB
node_modules/.nitro/vite/services/ssr/assets/join-C8BHKbYG.js                                2.32 kB │ gzip:   0.92 kB
node_modules/.nitro/vite/services/ssr/assets/button-DZ9K_bUe.js                              2.35 kB │ gzip:   1.00 kB
node_modules/.nitro/vite/services/ssr/assets/guest-scans-Bk8t5fHL.js                         2.35 kB │ gzip:   0.95 kB
node_modules/.nitro/vite/services/ssr/assets/reset-password-Dl2Xxp52.js                      2.36 kB │ gzip:   0.96 kB
node_modules/.nitro/vite/services/ssr/assets/new-BHbG7InW.js                                 2.37 kB │ gzip:   0.94 kB
node_modules/.nitro/vite/services/ssr/assets/invitation.dto-_qmDvh_U.js                      2.38 kB │ gzip:   0.73 kB
node_modules/.nitro/vite/services/ssr/assets/page-states-1_9ghcx_.js                         2.40 kB │ gzip:   0.89 kB
node_modules/.nitro/vite/services/ssr/assets/_portalId-XQjKuiLU.js                           2.43 kB │ gzip:   0.89 kB
node_modules/.nitro/vite/services/ssr/assets/staff-dashboard-Bu9TfCCP.js                     2.43 kB │ gzip:   1.02 kB
node_modules/.nitro/vite/services/ssr/assets/recognition-WGL9OhIz.js                         2.48 kB │ gzip:   0.98 kB
node_modules/.nitro/vite/services/ssr/assets/permissions-CLo8oEI7.js                         2.49 kB │ gzip:   1.07 kB
node_modules/.nitro/vite/services/ssr/assets/_teamId-BhtQrBeb.js                             2.51 kB │ gzip:   0.91 kB
node_modules/.nitro/vite/services/ssr/assets/inbox.dto-D_am0fPm.js                           2.52 kB │ gzip:   0.85 kB
node_modules/.nitro/vite/services/ssr/assets/table-BjTxovVz.js                               2.52 kB │ gzip:   0.75 kB
node_modules/.nitro/vite/services/ssr/assets/portal-links-CK2FgCWl.js                        2.53 kB │ gzip:   0.87 kB
node_modules/.nitro/vite/services/ssr/assets/_propertyId-8ND_SL3b.js                         2.54 kB │ gzip:   0.97 kB
node_modules/.nitro/vite/services/ssr/assets/fleet-overview-CWgRESGU.js                      2.55 kB │ gzip:   1.06 kB
node_modules/.nitro/vite/services/ssr/assets/goal.dto-CSbHlmbc.js                            2.55 kB │ gzip:   0.84 kB
node_modules/.nitro/vite/services/ssr/assets/dashboard-Cpn87jKM.js                           2.59 kB │ gzip:   1.07 kB
node_modules/.nitro/vite/services/ssr/assets/notifications-Cebjwqwn.js                       2.62 kB │ gzip:   1.00 kB
node_modules/.nitro/vite/services/ssr/assets/attention-signals-DllmmfCW.js                   2.63 kB │ gzip:   1.05 kB
node_modules/.nitro/vite/services/ssr/assets/leaderboards-DKFfubdw.js                        2.64 kB │ gzip:   0.84 kB
node_modules/.nitro/vite/services/ssr/assets/_portalSlug-B9OoQ_9U.js                         2.65 kB │ gzip:   1.04 kB
node_modules/.nitro/vite/services/ssr/assets/properties-lQ-5UtQj.js                          2.69 kB │ gzip:   0.87 kB
node_modules/.nitro/vite/services/ssr/assets/people-BwT1kQTd.js                              2.70 kB │ gzip:   0.95 kB
node_modules/.nitro/vite/services/ssr/assets/inbox-item-queries-B9GcWfmh.js                  2.70 kB │ gzip:   0.87 kB
node_modules/.nitro/vite/services/ssr/assets/inbox-item-actions-BYsFznx8.js                  2.79 kB │ gzip:   0.93 kB
node_modules/.nitro/vite/services/ssr/assets/portals-CEEaqphb.js                             2.93 kB │ gzip:   1.11 kB
node_modules/.nitro/vite/services/ssr/assets/auth-layout-CR34d5rw.js                         2.98 kB │ gzip:   0.91 kB
node_modules/.nitro/vite/services/ssr/assets/activity-s10gwC4h.js                            3.04 kB │ gzip:   1.03 kB
node_modules/.nitro/vite/services/ssr/assets/organizations.response-sla-DvC5gJPe.js          3.10 kB │ gzip:   1.12 kB
node_modules/.nitro/vite/services/ssr/assets/inbox-lSt0XXft.js                               3.12 kB │ gzip:   1.07 kB
node_modules/.nitro/vite/services/ssr/assets/roles-CZvb9pIw.js                               3.17 kB │ gzip:   1.47 kB
node_modules/.nitro/vite/services/ssr/assets/new-B0Q-jB3S.js                                 3.28 kB │ gzip:   1.24 kB
node_modules/.nitro/vite/services/ssr/assets/leaderboard-DxFZc7kD.js                         3.43 kB │ gzip:   1.30 kB
node_modules/.nitro/vite/services/ssr/assets/reply-Ei53lKjT.js                               3.52 kB │ gzip:   1.00 kB
node_modules/.nitro/vite/services/ssr/assets/organizations.members-CLh1vq5o.js               3.54 kB │ gzip:   0.98 kB
node_modules/.nitro/vite/services/ssr/assets/property-read-CmmRFw57.js                       3.61 kB │ gzip:   1.03 kB
node_modules/.nitro/vite/services/ssr/assets/query-keys-CfsRLP5S.js                          3.64 kB │ gzip:   0.93 kB
node_modules/.nitro/vite/services/ssr/assets/import-gY8qfm69.js                              3.66 kB │ gzip:   1.28 kB
node_modules/.nitro/vite/services/ssr/assets/routes-B3V8u90m.js                              3.70 kB │ gzip:   1.23 kB
node_modules/.nitro/vite/services/ssr/assets/field-DzdzWZPv.js                               3.73 kB │ gzip:   1.22 kB
node_modules/.nitro/vite/services/ssr/assets/form-text-field-h4F8YVk0.js                     3.76 kB │ gzip:   1.20 kB
node_modules/.nitro/vite/services/ssr/assets/gbp-import-CzNqmiv8.js                          3.80 kB │ gzip:   1.05 kB
node_modules/.nitro/vite/services/ssr/assets/tabs-Dm7f2cna.js                                3.83 kB │ gzip:   1.16 kB
node_modules/.nitro/vite/services/ssr/assets/lookups-BT2fqrzG.js                             3.85 kB │ gzip:   1.41 kB
node_modules/.nitro/vite/services/ssr/assets/organizations.query-BER2KlC0.js                 4.02 kB │ gzip:   1.25 kB
node_modules/.nitro/vite/services/ssr/assets/d1-sqlite-dialect-BLC8LXE6-8e4xscbL.js          4.07 kB │ gzip:   1.53 kB
node_modules/.nitro/vite/services/ssr/assets/public-DvpuIz9g.js                              4.09 kB │ gzip:   1.24 kB
node_modules/.nitro/vite/services/ssr/assets/_teamId-Dsqn-m6i.js                             4.16 kB │ gzip:   1.29 kB
node_modules/.nitro/vite/services/ssr/assets/staff-assignments-o944qzL9.js                   4.24 kB │ gzip:   1.14 kB
node_modules/.nitro/vite/services/ssr/assets/organizations.invitations-CURynHZ0.js           4.47 kB │ gzip:   1.16 kB
node_modules/.nitro/vite/services/ssr/assets/reply-draft-Flc0F2tU.js                         4.50 kB │ gzip:   1.07 kB
node_modules/.nitro/vite/services/ssr/assets/guest-scans-CbWV99jd.js                         4.74 kB │ gzip:   1.56 kB
node_modules/.nitro/vite/services/ssr/assets/bun-sqlite-dialect-BW9W1_Ps-CFSBCFub.js         4.75 kB │ gzip:   1.71 kB
node_modules/.nitro/vite/services/ssr/assets/node-sqlite-dialect-Dw-wd4Ds.js                 4.75 kB │ gzip:   1.70 kB
node_modules/.nitro/vite/services/ssr/assets/inbox-status-B-DrN4LU.js                        4.81 kB │ gzip:   1.13 kB
node_modules/.nitro/vite/services/ssr/assets/portal-link-categories-xJqvw0Ba.js              4.88 kB │ gzip:   1.16 kB
node_modules/.nitro/vite/services/ssr/assets/teams-CKVdeh-V.js                               4.88 kB │ gzip:   1.36 kB
node_modules/.nitro/vite/services/ssr/assets/auth-settings-Bm7scQuj.js                       5.06 kB │ gzip:   1.52 kB
node_modules/.nitro/vite/services/ssr/assets/dialog-DK4lhEFz.js                              5.21 kB │ gzip:   1.31 kB
node_modules/.nitro/vite/services/ssr/assets/google-connections-DpHPalpn.js                  5.47 kB │ gzip:   1.34 kB
node_modules/.nitro/vite/services/ssr/assets/portal-links-Ct6k1Rvu.js                        5.49 kB │ gzip:   1.26 kB
node_modules/.nitro/vite/services/ssr/assets/inbox-queries-xb-DpcsQ.js                       5.55 kB │ gzip:   1.46 kB
node_modules/.nitro/vite/services/ssr/assets/home-Dhw8JtC3.js                                5.72 kB │ gzip:   1.81 kB
node_modules/.nitro/vite/services/ssr/assets/update-organization-F5QvE4hD.js                 5.78 kB │ gzip:   1.93 kB
node_modules/.nitro/vite/services/ssr/assets/property-dashboard-helpers-zsFJ_Pc1.js          5.82 kB │ gzip:   1.48 kB
node_modules/.nitro/vite/services/ssr/assets/logger-C5hG5_1A.js                              5.85 kB │ gzip:   2.40 kB
node_modules/.nitro/vite/services/ssr/assets/_portalId-1h-mcmAP.js                           5.86 kB │ gzip:   1.81 kB
node_modules/.nitro/vite/services/ssr/assets/alert-dialog-BwXvdk80.js                        6.11 kB │ gzip:   1.31 kB
node_modules/.nitro/vite/services/ssr/assets/page-header-DCEG9jKM.js                         6.14 kB │ gzip:   1.44 kB
node_modules/.nitro/vite/services/ssr/assets/rules-BYt5oOi8.js                               6.16 kB │ gzip:   2.92 kB
node_modules/.nitro/vite/services/ssr/assets/organizations-D8LqK8Qh.js                       6.21 kB │ gzip:   1.89 kB
node_modules/.nitro/vite/services/ssr/assets/badges-CDkl6SpB.js                              6.23 kB │ gzip:   1.60 kB
node_modules/.nitro/vite/services/ssr/assets/members-CWRtsU7d.js                             6.26 kB │ gzip:   1.76 kB
node_modules/.nitro/vite/services/ssr/assets/tooltip-BJehkrI4.js                             6.43 kB │ gzip:   1.54 kB
node_modules/.nitro/vite/services/ssr/assets/progress-D5SCHu8v.js                            6.54 kB │ gzip:   1.76 kB
node_modules/.nitro/vite/services/ssr/assets/select-BpgcO5eD.js                              6.95 kB │ gzip:   1.73 kB
node_modules/.nitro/vite/services/ssr/assets/env-impl-eW6tqStn.js                            7.08 kB │ gzip:   2.64 kB
node_modules/.nitro/vite/services/ssr/assets/organizations.registration-Cn98n58U.js          7.64 kB │ gzip:   2.07 kB
node_modules/.nitro/vite/services/ssr/assets/organizations.upload-BL4XNsYg.js                8.40 kB │ gzip:   2.05 kB
node_modules/.nitro/vite/services/ssr/assets/properties-DCM2VxbF.js                          8.40 kB │ gzip:   2.05 kB
node_modules/.nitro/vite/services/ssr/assets/portal-groups-BS1LbRoC.js                       8.55 kB │ gzip:   1.73 kB
node_modules/.nitro/vite/services/ssr/assets/fleet-overview-B-htql_E.js                      8.90 kB │ gzip:   2.08 kB
node_modules/.nitro/vite/services/ssr/assets/notifications-GpXiXX4u.js                       9.13 kB │ gzip:   1.88 kB
node_modules/.nitro/vite/services/ssr/assets/portals-wF7iULd5.js                             9.57 kB │ gzip:   1.98 kB
node_modules/.nitro/vite/services/ssr/assets/goals-xJ4z-0N8.js                              10.10 kB │ gzip:   2.19 kB
node_modules/.nitro/vite/services/ssr/assets/beta-capabilities-iUQ-_079.js                  10.75 kB │ gzip:   3.58 kB
node_modules/.nitro/vite/services/ssr/assets/middleware-DUEyF8l7.js                         13.12 kB │ gzip:   4.34 kB
node_modules/.nitro/vite/services/ssr/assets/portals-NdPWuWCS.js                            13.17 kB │ gzip:   2.86 kB
node_modules/.nitro/vite/services/ssr/assets/leaderboard-_9lqym7b.js                        13.99 kB │ gzip:   3.11 kB
node_modules/.nitro/vite/services/ssr/assets/helpers-CGxizFj-.js                            14.37 kB │ gzip:   4.20 kB
node_modules/.nitro/vite/services/ssr/assets/dist-DCgsAmmP.js                               14.70 kB │ gzip:   4.16 kB
node_modules/.nitro/vite/services/ssr/assets/guest-CnbpVqtb.js                              14.99 kB │ gzip:   3.34 kB
node_modules/.nitro/vite/services/ssr/assets/image-upload-field-A4dUuJDZ.js                 16.08 kB │ gzip:   3.48 kB
node_modules/.nitro/vite/services/ssr/assets/home-XcZOicE_.js                               16.81 kB │ gzip:   3.35 kB
node_modules/.nitro/vite/services/ssr/assets/_propertyId-P_NQLqOT.js                        17.08 kB │ gzip:   3.60 kB
node_modules/.nitro/vite/services/ssr/assets/sidebar-CpBd36ue.js                            17.60 kB │ gzip:   4.14 kB
node_modules/.nitro/vite/services/ssr/assets/_tanstack-start-manifest_v-BmBg7gKQ.js         17.60 kB │ gzip:   3.36 kB
node_modules/.nitro/vite/services/ssr/assets/settings-CXKFK7Ct.js                           19.37 kB │ gzip:   3.70 kB
node_modules/.nitro/vite/services/ssr/assets/_goalId-DVh1BKuq.js                            22.39 kB │ gzip:   4.39 kB
node_modules/.nitro/vite/services/ssr/assets/organization-2ib5XGFD.js                       22.62 kB │ gzip:   4.72 kB
node_modules/.nitro/vite/services/ssr/assets/goals-YYybXbPZ.js                              23.28 kB │ gzip:   4.82 kB
node_modules/.nitro/vite/services/ssr/assets/team-Ce8_7s0W.js                               24.40 kB │ gzip:   4.67 kB
node_modules/.nitro/vite/services/ssr/assets/integration-Bqn5E0mP.js                        25.19 kB │ gzip:   4.99 kB
node_modules/.nitro/vite/services/ssr/assets/_authenticated-C8NnZxZ8.js                     28.98 kB │ gzip:   6.57 kB
node_modules/.nitro/vite/services/ssr/assets/server-qoghY-d_.js                             29.33 kB │ gzip:   8.00 kB
node_modules/.nitro/vite/services/ssr/assets/auth-client-CRJ1ditI.js                        34.62 kB │ gzip:   8.71 kB
node_modules/.nitro/vite/services/ssr/assets/_authenticated-BMK0hxXI.js                     42.27 kB │ gzip:   6.74 kB
node_modules/.nitro/vite/services/ssr/assets/default-query-compiler-pSRH6P1l.js             43.29 kB │ gzip:   7.81 kB
node_modules/.nitro/vite/services/ssr/assets/new-Dhd2JSc6.js                                47.38 kB │ gzip:   9.83 kB
node_modules/.nitro/vite/services/ssr/assets/people-WuBMYlD8.js                             48.36 kB │ gzip:   8.94 kB
node_modules/.nitro/vite/services/ssr/assets/error-codes-BbF0-gFl.js                        54.68 kB │ gzip:  14.94 kB
node_modules/.nitro/vite/services/ssr/assets/identity-py-jTACq.js                           56.67 kB │ gzip:   9.05 kB
node_modules/.nitro/vite/services/ssr/assets/router-DN1t0Xnx.js                             60.75 kB │ gzip:  14.58 kB
node_modules/.nitro/vite/services/ssr/assets/factory-Bp-uQDFz.js                            70.95 kB │ gzip:  14.89 kB
node_modules/.nitro/vite/services/ssr/assets/headers-CMRxyGfb.js                            85.93 kB │ gzip:  16.72 kB
node_modules/.nitro/vite/services/ssr/assets/inbox-page-v2-CCE-yoG3.js                     119.90 kB │ gzip:  21.50 kB
node_modules/.nitro/vite/services/ssr/assets/portal-B_uyshoP.js                            148.91 kB │ gzip:  26.98 kB
node_modules/.nitro/vite/services/ssr/index.js                                             183.80 kB │ gzip:  48.25 kB
node_modules/.nitro/vite/services/ssr/assets/dist-DrtyEgeT.js                              191.00 kB │ gzip:  32.43 kB
node_modules/.nitro/vite/services/ssr/assets/compiled-query-CeyQ0xKn.js                    233.53 kB │ gzip:  38.07 kB
node_modules/.nitro/vite/services/ssr/assets/auth-CKT8zfgr.js                              737.18 kB │ gzip: 154.12 kB
node_modules/.nitro/vite/services/ssr/assets/composition-BSl58MrT.js                       808.37 kB │ gzip: 163.30 kB

✓ built in 1.60s
[start] [nitro] Building [Nitro] (preset: `node-server`, compatibility: `2026-08-08`)
[success] [nitro] Generated public .output/public
vite v8.1.4 building nitro environment for production...
[2Ktransforming...✓ 5697 modules transformed.
[info] Tracing dependencies:
- `msgpackr-extract` (3.0.4)
- `tslib` (2.8.1)
- `node-gyp-build-optional-packages` (5.2.2)
- `detect-libc` (2.1.2)
- `@msgpackr-extract/msgpackr-extract-darwin-arm64` (3.0.4)
[success] Traced 5 dependencies (14 files) in 63ms.
[info] Ensure your production environment matches the builder OS and architecture (`darwin-arm64`) to avoid native module issues.
rendering chunks...
computing gzip size...
.output/server/_ssr/domain-2M1QgaRE.mjs                                       0.04 kB │ gzip:   0.06 kB
.output/server/_ssr/kysely-adapter-BVV4ZOl8.mjs                               0.13 kB │ gzip:   0.10 kB
.output/server/_libs/radix-ui__number.mjs                                     0.21 kB │ gzip:   0.17 kB
.output/server/_ssr/empty-plugin-adapters-Dm5oI3Gf.mjs                        0.23 kB │ gzip:   0.16 kB
.output/server/_chunks/render_resend.mjs                                      0.23 kB │ gzip:   0.17 kB
.output/server/_portalSlug-DVT8nrBs.mjs                                       0.25 kB │ gzip:   0.19 kB
.output/server/_portalSlug-BAPFdS0y.mjs                                       0.26 kB │ gzip:   0.19 kB
.output/server/_ssr/utils-C_uf36nf.mjs                                        0.29 kB │ gzip:   0.21 kB
.output/server/_ssr/errors-Bq--YW6Y.mjs                                       0.34 kB │ gzip:   0.24 kB
.output/server/_ssr/createServerRpc-BlLlV-eh.mjs                              0.38 kB │ gzip:   0.26 kB
.output/server/_ssr/dark-route-gate-CpbQ26zD.mjs                              0.41 kB │ gzip:   0.29 kB
.output/server/_libs/radix-ui__primitive.mjs                                  0.42 kB │ gzip:   0.23 kB
.output/server/_ssr/profile-CzohkLW-.mjs                                      0.42 kB │ gzip:   0.28 kB
.output/server/_ssr/types-0k5KYs26.mjs                                        0.43 kB │ gzip:   0.28 kB
.output/server/_chunks/pii.mjs                                                0.45 kB │ gzip:   0.31 kB
.output/server/_ssr/import-DDkwv3Kc.mjs                                       0.48 kB │ gzip:   0.29 kB
.output/server/_ssr/integrations-De4w4Nq_.mjs                                 0.48 kB │ gzip:   0.29 kB
.output/server/_ssr/notifications-BvloOPVG.mjs                                0.49 kB │ gzip:   0.28 kB
.output/server/_ssr/recognition-hnuT57YQ.mjs                                  0.49 kB │ gzip:   0.30 kB
.output/server/_ssr/createSsrRpc-DfedBAzf.mjs                                 0.52 kB │ gzip:   0.33 kB
.output/server/_ssr/staff-shared-BzIXN4dK.mjs                                 0.54 kB │ gzip:   0.33 kB
.output/server/_ssr/organizations.errors.server-dAYyXcWf.mjs                  0.55 kB │ gzip:   0.33 kB
.output/server/_ssr/string-6fIunP1r.mjs                                       0.56 kB │ gzip:   0.35 kB
.output/server/_ssr/join-ByzVE8Gk.mjs                                         0.57 kB │ gzip:   0.37 kB
.output/server/_ssr/login-CvCeNwza.mjs                                        0.57 kB │ gzip:   0.36 kB
.output/server/_ssr/types-Bps_6XkA.mjs                                        0.58 kB │ gzip:   0.32 kB
.output/server/_ssr/staff-goals-C1jcKzbd.mjs                                  0.61 kB │ gzip:   0.39 kB
.output/server/_ssr/auth-context-BQZQHCWn.mjs                                 0.63 kB │ gzip:   0.37 kB
.output/server/_ssr/goals-Db5qIrqw.mjs                                        0.64 kB │ gzip:   0.40 kB
.output/server/_ssr/metrics-DxPSnVSo.mjs                                      0.65 kB │ gzip:   0.41 kB
.output/server/_ssr/pii-CO5ErOFu.mjs                                          0.66 kB │ gzip:   0.39 kB
.output/server/_ssr/update-portal-group.dto-DIioHFZU.mjs                      0.67 kB │ gzip:   0.33 kB
.output/server/_libs/radix-ui__react-direction.mjs                            0.68 kB │ gzip:   0.37 kB
.output/server/_ssr/skeleton-BZaKR9K1.mjs                                     0.69 kB │ gzip:   0.43 kB
.output/server/_ssr/dashboard-6HYhisDg.mjs                                    0.69 kB │ gzip:   0.42 kB
.output/server/_ssr/auth.functions-DetoRf9d.mjs                               0.70 kB │ gzip:   0.43 kB
.output/server/_ssr/organizations.shared-CPwJ-2WO.mjs                         0.72 kB │ gzip:   0.41 kB
.output/server/_ssr/property-shared-no_3cjx5.mjs                              0.72 kB │ gzip:   0.38 kB
.output/server/_ssr/usePermissions-DxcqEqNf.mjs                               0.73 kB │ gzip:   0.40 kB
.output/server/_ssr/inbox-xeZe9Ye-.mjs                                        0.76 kB │ gzip:   0.46 kB
.output/server/_ssr/assert-property-access-CSbQfBsr.mjs                       0.76 kB │ gzip:   0.42 kB
.output/server/_ssr/staff-empty-state-BCsZEjmQ.mjs                            0.77 kB │ gzip:   0.45 kB
.output/server/_ssr/badge.dto-mBhzTb-a.mjs                                    0.78 kB │ gzip:   0.39 kB
.output/server/_ssr/status-oEiBvyMd.mjs                                       0.79 kB │ gzip:   0.50 kB
.output/server/_ssr/portal-link-category.dto-BYKBhYwW.mjs                     0.80 kB │ gzip:   0.36 kB
.output/server/_ssr/new-4WB3T_Ld.mjs                                          0.82 kB │ gzip:   0.49 kB
.output/server/_ssr/clipboard-v6BN3eSH.mjs                                    0.83 kB │ gzip:   0.42 kB
.output/server/_ssr/update-connection-visibility.dto-jqvNaWGM.mjs             0.83 kB │ gzip:   0.38 kB
.output/server/_ssr/useServerFn-M9X6CYod.mjs                                  0.83 kB │ gzip:   0.46 kB
.output/server/_libs/react.mjs                                                0.87 kB │ gzip:   0.42 kB
.output/server/_chunks/ssr-renderer.mjs                                       0.87 kB │ gzip:   0.46 kB
.output/server/_ssr/reviews-G6UnnUpu.mjs                                      0.87 kB │ gzip:   0.50 kB
.output/server/_ssr/settings-oPQDnBTY.mjs                                     0.89 kB │ gzip:   0.48 kB
.output/server/_ssr/import-status.dto-DIOpn1SX.mjs                            0.90 kB │ gzip:   0.41 kB
.output/server/_ssr/dashboard.dto-C8BQvc9n.mjs                                0.90 kB │ gzip:   0.43 kB
.output/server/_ssr/update-team.dto-B7_NKBDu.mjs                              0.91 kB │ gzip:   0.39 kB
.output/server/_ssr/start-CCxGr7S9.mjs                                        0.92 kB │ gzip:   0.43 kB
.output/server/_ssr/staff-assignment.dto-SHWDqNVu.mjs                         0.95 kB │ gzip:   0.35 kB
.output/server/_teamId-5oM7cNNe.mjs                                           0.95 kB │ gzip:   0.42 kB
.output/server/_ssr/dark-route-gate-C8TvVJru.mjs                              0.97 kB │ gzip:   0.53 kB
.output/server/_ssr/label-DnvnFm4b.mjs                                        0.97 kB │ gzip:   0.52 kB
.output/server/_ssr/leaderboard.dto-CRrHSpl1.mjs                              0.97 kB │ gzip:   0.43 kB
.output/server/_ssr/kysely-migration-tables-JkVUjPF_-C548Smk5.mjs             0.98 kB │ gzip:   0.55 kB
.output/server/_ssr/gbp-import-DyJH1KYK.mjs                                   1.00 kB │ gzip:   0.49 kB
.output/server/_ssr/dashboard-09fIrWdC.mjs                                    1.01 kB │ gzip:   0.56 kB
.output/server/_importId-BRibDJTu.mjs                                         1.01 kB │ gzip:   0.52 kB
.output/server/_libs/radix-ui__react-label.mjs                                1.02 kB │ gzip:   0.55 kB
.output/server/_ssr/portal-link.dto-4H_8Rw3r.mjs                              1.04 kB │ gzip:   0.40 kB
.output/server/_propertyId-B3gZZRHu.mjs                                       1.04 kB │ gzip:   0.56 kB
.output/server/_libs/radix-ui__react-arrow.mjs                                1.07 kB │ gzip:   0.57 kB
.output/server/_libs/atomic-sleep.mjs                                         1.15 kB │ gzip:   0.48 kB
.output/server/_goalId-BqcPkerL.mjs                                           1.15 kB │ gzip:   0.60 kB
.output/server/_ssr/traced-server-fn-DSajJ7xq.mjs                             1.16 kB │ gzip:   0.60 kB
.output/server/_ssr/textarea-Ba5Ms2Dt.mjs                                     1.16 kB │ gzip:   0.62 kB
.output/server/_ssr/auth-settings-DTwHdp2D.mjs                                1.18 kB │ gzip:   0.59 kB
.output/server/_ssr/page-shell-CGtUk9Do.mjs                                   1.18 kB │ gzip:   0.71 kB
.output/server/_libs/hookable.mjs                                             1.19 kB │ gzip:   0.53 kB
.output/server/_ssr/error-helpers-PCSfOM0X.mjs                                1.22 kB │ gzip:   0.64 kB
.output/server/_ssr/update-property.dto-CZRgJuuH.mjs                          1.22 kB │ gzip:   0.54 kB
.output/server/_ssr/team-B1DXUqAu.mjs                                         1.23 kB │ gzip:   0.60 kB
.output/server/_ssr/preferences-CE6w2MvC.mjs                                  1.26 kB │ gzip:   0.57 kB
.output/server/_ssr/badges--vxEbttW.mjs                                       1.27 kB │ gzip:   0.55 kB
.output/server/_ssr/goals-BERBtI6A.mjs                                        1.28 kB │ gzip:   0.58 kB
.output/server/_ssr/input-yJtH5sxJ.mjs                                        1.34 kB │ gzip:   0.69 kB
.output/server/_ssr/inbox-B_FaOoM5.mjs                                        1.34 kB │ gzip:   0.66 kB
.output/server/_libs/radix-ui__react-separator.mjs                            1.40 kB │ gzip:   0.66 kB
.output/server/_ssr/portals-DIYBkmaq.mjs                                      1.42 kB │ gzip:   0.69 kB
.output/server/_ssr/update-portal.dto-B4ln5kas.mjs                            1.42 kB │ gzip:   0.53 kB
.output/server/_ssr/accept-invitation-BEAZ94xB.mjs                            1.44 kB │ gzip:   0.70 kB
.output/server/_ssr/accept-invitation-U_193fug.mjs                            1.46 kB │ gzip:   0.67 kB
.output/server/_ssr/progress-sFtNth_2.mjs                                     1.47 kB │ gzip:   0.72 kB
.output/server/_ssr/reply-read-DGHTlA5R.mjs                                   1.49 kB │ gzip:   0.72 kB
.output/server/_ssr/organization-C2btofH7.mjs                                 1.50 kB │ gzip:   0.65 kB
.output/server/_ssr/unavailable-DOdbxOXa.mjs                                  1.50 kB │ gzip:   0.69 kB
.output/server/_ssr/security-BAHu49Qw.mjs                                     1.52 kB │ gzip:   0.67 kB
.output/server/_ssr/google-connections-BSVgz3v3.mjs                           1.54 kB │ gzip:   0.70 kB
.output/server/_ssr/empty-state-CD-4pUpz.mjs                                  1.60 kB │ gzip:   0.61 kB
.output/server/_teamId-CuUdl3_H.mjs                                           1.63 kB │ gzip:   0.80 kB
.output/server/_ssr/staff-goals-DV5WmEJk.mjs                                  1.66 kB │ gzip:   0.79 kB
.output/server/_ssr/google-auth-url-bfsegLzY.mjs                              1.67 kB │ gzip:   0.79 kB
.output/server/_ssr/staff-portals-e29Pq57n.mjs                                1.71 kB │ gzip:   0.79 kB
.output/server/_ssr/reviews-B-0pWfUy.mjs                                      1.72 kB │ gzip:   0.77 kB
.output/server/_ssr/members-DkcbqfcF.mjs                                      1.72 kB │ gzip:   0.77 kB
.output/server/_ssr/members-w8GO4srB.mjs                                      1.73 kB │ gzip:   0.75 kB
.output/server/_ssr/staff-recent-activity-CWOvxbV1.mjs                        1.80 kB │ gzip:   0.81 kB
.output/server/_ssr/dashboard-CMSW2ajw.mjs                                    1.80 kB │ gzip:   0.75 kB
.output/server/_ssr/form-textarea-CiRATftO.mjs                                1.80 kB │ gzip:   0.78 kB
.output/server/_ssr/switch-B_Z4lIAR.mjs                                       1.83 kB │ gzip:   0.80 kB
.output/server/_ssr/-inbox-fns-4PufiOUI.mjs                                   1.84 kB │ gzip:   0.80 kB
.output/server/_ssr/checkbox-BJWqiCOY.mjs                                     1.85 kB │ gzip:   0.76 kB
.output/server/_ssr/sqlite-adapter-EMgr8Uqc.mjs                               1.85 kB │ gzip:   0.80 kB
.output/server/_ssr/metric-keys-DtEreG58.mjs                                  1.86 kB │ gzip:   0.77 kB
.output/server/_ssr/client-ip-ByS4XckF.mjs                                    1.88 kB │ gzip:   0.89 kB
.output/server/_runtime.mjs                                                   1.89 kB │ gzip:   0.86 kB
.output/server/_propertyId-Du6pbHrD.mjs                                       1.95 kB │ gzip:   0.81 kB
.output/server/_ssr/progress-bar-DeEIBvPZ.mjs                                 1.95 kB │ gzip:   0.76 kB
.output/server/_ssr/guest-session-ik62CSTG.mjs                                2.01 kB │ gzip:   1.00 kB
.output/server/_ssr/badge-C_u102UO.mjs                                        2.02 kB │ gzip:   0.91 kB
.output/server/_ssr/use-action-mutation-EHuyFNG-.mjs                          2.03 kB │ gzip:   0.99 kB
.output/server/_ssr/popover-B3Jx08Gp.mjs                                      2.06 kB │ gzip:   0.74 kB
.output/server/_ssr/alert-ITJWj2T1.mjs                                        2.07 kB │ gzip:   0.80 kB
.output/server/_libs/on-exit-leak-free.mjs                                    2.07 kB │ gzip:   0.76 kB
.output/server/_ssr/route-queries-2l9Cc-t7.mjs                                2.12 kB │ gzip:   0.90 kB
.output/server/_ssr/use-action-jEOPgTrQ.mjs                                   2.13 kB │ gzip:   0.95 kB
.output/server/_ssr/notifications-CixtmHW8.mjs                                2.13 kB │ gzip:   0.84 kB
.output/server/_ssr/auth.functions-Cx8KV6Zt.mjs                               2.16 kB │ gzip:   0.86 kB
.output/server/_ssr/staff-portals-update-BCg5f6Hc.mjs                         2.17 kB │ gzip:   0.95 kB
.output/server/_ssr/metrics-3bNywpUj.mjs                                      2.19 kB │ gzip:   0.90 kB
.output/server/_libs/@tanstack/router-core+[...].mjs                          2.19 kB │ gzip:   0.78 kB
.output/server/_ssr/card-kjuY1Wfl.mjs                                         2.20 kB │ gzip:   0.68 kB
.output/server/_libs/ufo.mjs                                                  2.21 kB │ gzip:   0.72 kB
.output/server/_ssr/goals-BBJ6PCzl.mjs                                        2.26 kB │ gzip:   0.97 kB
.output/server/_ssr/portal-analytics-Bu2jfc5s.mjs                             2.27 kB │ gzip:   0.95 kB
.output/server/_ssr/public-api-DjP3iMvW.mjs                                   2.29 kB │ gzip:   0.95 kB
.output/server/_ssr/guest-scans-Bk8t5fHL.mjs                                  2.29 kB │ gzip:   0.98 kB
.output/server/_ssr/profile-Dh9GELy9.mjs                                      2.32 kB │ gzip:   0.89 kB
.output/server/_ssr/reply-read-DrTYP3ze.mjs                                   2.33 kB │ gzip:   1.07 kB
.output/server/_libs/react-is.mjs                                             2.36 kB │ gzip:   0.82 kB
.output/server/_ssr/organizations.update-DuDK-K60.mjs                         2.37 kB │ gzip:   0.95 kB
.output/server/_ssr/integrations-BX-tyxmJ.mjs                                 2.39 kB │ gzip:   0.92 kB
.output/server/_portalId-XQjKuiLU.mjs                                         2.41 kB │ gzip:   0.93 kB
.output/server/_ssr/invitation.dto-_qmDvh_U.mjs                               2.43 kB │ gzip:   0.79 kB
.output/server/_propertyId-8ND_SL3b.mjs                                       2.44 kB │ gzip:   1.00 kB
.output/server/_ssr/permissions-CLo8oEI7.mjs                                  2.48 kB │ gzip:   1.09 kB
.output/server/_ssr/staff-dashboard-Bu9TfCCP.mjs                              2.50 kB │ gzip:   1.07 kB
.output/server/_ssr/login-Bb2r0lmt.mjs                                        2.51 kB │ gzip:   1.03 kB
.output/server/_ssr/register-D3BUsNkF.mjs                                     2.52 kB │ gzip:   0.94 kB
.output/server/_ssr/portal-links-CK2FgCWl.mjs                                 2.53 kB │ gzip:   0.92 kB
.output/server/_ssr/inbox.dto-D_am0fPm.mjs                                    2.53 kB │ gzip:   0.91 kB
.output/server/_importId-BFT_z5KG.mjs                                         2.55 kB │ gzip:   0.94 kB
.output/server/_ssr/new-BHbG7InW.mjs                                          2.56 kB │ gzip:   1.02 kB
.output/server/_teamId-BhtQrBeb.mjs                                           2.58 kB │ gzip:   0.97 kB
.output/server/_ssr/button-DZ9K_bUe.mjs                                       2.59 kB │ gzip:   1.07 kB
.output/server/_ssr/fleet-overview-CWgRESGU.mjs                               2.60 kB │ gzip:   1.10 kB
.output/server/_ssr/goal.dto-CSbHlmbc.mjs                                     2.60 kB │ gzip:   0.89 kB
.output/server/_ssr/dashboard-Cpn87jKM.mjs                                    2.61 kB │ gzip:   1.10 kB
.output/server/_portalSlug-B9OoQ_9U.mjs                                       2.62 kB │ gzip:   1.06 kB
.output/server/_ssr/join-C8BHKbYG.mjs                                         2.62 kB │ gzip:   1.00 kB
.output/server/_ssr/reset-password-Dl2Xxp52.mjs                               2.65 kB │ gzip:   1.04 kB
.output/server/_ssr/leaderboards-DKFfubdw.mjs                                 2.65 kB │ gzip:   0.86 kB
.output/server/_ssr/theme-toggle-CvahcncX.mjs                                 2.67 kB │ gzip:   1.10 kB
.output/server/_ssr/attention-signals-DllmmfCW.mjs                            2.69 kB │ gzip:   1.10 kB
.output/server/_ssr/properties-lQ-5UtQj.mjs                                   2.70 kB │ gzip:   0.90 kB
.output/server/_ssr/notifications-Cebjwqwn.mjs                                2.71 kB │ gzip:   1.06 kB
.output/server/_portalSlug-DAjIQ17l.mjs                                       2.71 kB │ gzip:   1.11 kB
.output/server/_ssr/inbox-item-queries-B9GcWfmh.mjs                           2.72 kB │ gzip:   0.90 kB
.output/server/_ssr/page-states-1_9ghcx_.mjs                                  2.73 kB │ gzip:   0.96 kB
.output/server/_ssr/recognition-WGL9OhIz.mjs                                  2.78 kB │ gzip:   1.04 kB
.output/server/_ssr/people-BwT1kQTd.mjs                                       2.81 kB │ gzip:   1.02 kB
.output/server/_ssr/inbox-item-actions-BYsFznx8.mjs                           2.81 kB │ gzip:   0.95 kB
.output/server/_ssr/table-BjTxovVz.mjs                                        2.87 kB │ gzip:   0.81 kB
.output/server/_ssr/inbox-lSt0XXft.mjs                                        3.00 kB │ gzip:   1.08 kB
.output/server/_ssr/portals-CEEaqphb.mjs                                      3.02 kB │ gzip:   1.17 kB
.output/server/_ssr/roles-CZvb9pIw.mjs                                        3.05 kB │ gzip:   1.45 kB
.output/server/_ssr/activity-s10gwC4h.mjs                                     3.10 kB │ gzip:   1.08 kB
.output/server/_libs/@aws-sdk/credential-provider-web-identity+[...].mjs      3.11 kB │ gzip:   1.06 kB
.output/server/_ssr/organizations.response-sla-DvC5gJPe.mjs                   3.16 kB │ gzip:   1.18 kB
.output/server/_libs/class-variance-authority+clsx.mjs                        3.25 kB │ gzip:   1.27 kB
.output/server/_ssr/leaderboard-DxFZc7kD.mjs                                  3.25 kB │ gzip:   1.23 kB
.output/server/_ssr/new-B0Q-jB3S.mjs                                          3.27 kB │ gzip:   1.30 kB
.output/server/_libs/d3-path.mjs                                              3.28 kB │ gzip:   1.18 kB
.output/server/_libs/radix-ui__react-collection.mjs                           3.38 kB │ gzip:   1.11 kB
.output/server/_ssr/auth-layout-CR34d5rw.mjs                                  3.46 kB │ gzip:   0.99 kB
.output/server/_ssr/reply-Ei53lKjT.mjs                                        3.54 kB │ gzip:   1.02 kB
.output/server/_ssr/organizations.members-CLh1vq5o.mjs                        3.55 kB │ gzip:   1.01 kB
.output/server/_libs/@aws-sdk/credential-provider-process+[...].mjs           3.63 kB │ gzip:   1.12 kB
.output/server/_ssr/property-read-CmmRFw57.mjs                                3.67 kB │ gzip:   1.07 kB
.output/server/_ssr/query-keys-CfsRLP5S.mjs                                   3.68 kB │ gzip:   0.96 kB
.output/server/_ssr/lookups-BT2fqrzG.mjs                                      3.73 kB │ gzip:   1.41 kB
.output/server/_libs/dijkstrajs.mjs                                           3.74 kB │ gzip:   1.55 kB
.output/server/_ssr/gbp-import-CzNqmiv8.mjs                                   3.81 kB │ gzip:   1.08 kB
.output/server/_libs/better-auth__utils.mjs                                   3.93 kB │ gzip:   1.33 kB
.output/server/_ssr/d1-sqlite-dialect-BLC8LXE6-8e4xscbL.mjs                   3.94 kB │ gzip:   1.47 kB
.output/server/_ssr/import-gY8qfm69.mjs                                       3.96 kB │ gzip:   1.37 kB
.output/server/_ssr/form-text-field-h4F8YVk0.mjs                              4.01 kB │ gzip:   1.27 kB
.output/server/_ssr/organizations.query-BER2KlC0.mjs                          4.04 kB │ gzip:   1.28 kB
.output/server/_ssr/public-DvpuIz9g.mjs                                       4.10 kB │ gzip:   1.27 kB
.output/server/_ssr/tabs-Dm7f2cna.mjs                                         4.17 kB │ gzip:   1.23 kB
.output/server/_ssr/routes-B3V8u90m.mjs                                       4.17 kB │ gzip:   1.30 kB
.output/server/_ssr/field-DzdzWZPv.mjs                                        4.19 kB │ gzip:   1.35 kB
.output/server/_ssr/staff-assignments-o944qzL9.mjs                            4.26 kB │ gzip:   1.17 kB
.output/server/_libs/radix-ui__react-switch.mjs                               4.46 kB │ gzip:   1.63 kB
.output/server/_ssr/organizations.invitations-CURynHZ0.mjs                    4.48 kB │ gzip:   1.20 kB
.output/server/_libs/cluster-key-slot.mjs                                     4.49 kB │ gzip:   1.83 kB
.output/server/_ssr/reply-draft-Flc0F2tU.mjs                                  4.52 kB │ gzip:   1.10 kB
.output/server/_teamId-Dsqn-m6i.mjs                                           4.58 kB │ gzip:   1.38 kB
.output/server/_ssr/bun-sqlite-dialect-BW9W1_Ps-CFSBCFub.mjs                  4.62 kB │ gzip:   1.66 kB
.output/server/_ssr/node-sqlite-dialect-Dw-wd4Ds.mjs                          4.62 kB │ gzip:   1.64 kB
.output/server/_libs/fractional-indexing.mjs                                  4.68 kB │ gzip:   1.36 kB
.output/server/_libs/@tanstack/react-router-ssr-query+[...].mjs               4.69 kB │ gzip:   1.47 kB
.output/server/_ssr/guest-scans-CbWV99jd.mjs                                  4.82 kB │ gzip:   1.61 kB
.output/server/_ssr/inbox-status-B-DrN4LU.mjs                                 4.82 kB │ gzip:   1.15 kB
.output/server/_ssr/portal-link-categories-xJqvw0Ba.mjs                       4.95 kB │ gzip:   1.21 kB
.output/server/_ssr/teams-CKVdeh-V.mjs                                        4.96 kB │ gzip:   1.42 kB
.output/server/_libs/aws-sdk__s3-request-presigner.mjs                        5.01 kB │ gzip:   1.60 kB
.output/server/_libs/aws-crypto__crc32c.mjs                                   5.03 kB │ gzip:   2.26 kB
.output/server/_ssr/auth-settings-Bm7scQuj.mjs                                5.04 kB │ gzip:   1.56 kB
.output/server/_ssr/google-connections-DpHPalpn.mjs                           5.39 kB │ gzip:   1.35 kB
.output/server/_ssr/home-Dhw8JtC3.mjs                                         5.48 kB │ gzip:   1.80 kB
.output/server/_libs/d3-interpolate.mjs                                       5.50 kB │ gzip:   1.63 kB
.output/server/_ssr/portal-links-Ct6k1Rvu.mjs                                 5.55 kB │ gzip:   1.31 kB
.output/server/_chunks/logger.mjs                                             5.55 kB │ gzip:   2.29 kB
.output/server/_ssr/inbox-queries-xb-DpcsQ.mjs                                5.56 kB │ gzip:   1.49 kB
.output/server/_ssr/update-organization-F5QvE4hD.mjs                          5.57 kB │ gzip:   1.93 kB
.output/server/_ssr/dialog-DK4lhEFz.mjs                                       5.76 kB │ gzip:   1.44 kB
.output/server/_libs/radix-ui__react-tabs.mjs                                 5.82 kB │ gzip:   1.76 kB
.output/server/_ssr/organizations-D8LqK8Qh.mjs                                5.87 kB │ gzip:   1.90 kB
.output/server/_ssr/rules-BYt5oOi8.mjs                                        6.11 kB │ gzip:   2.95 kB
.output/server/_ssr/logger-C5hG5_1A.mjs                                       6.17 kB │ gzip:   2.54 kB
.output/server/_portalId-1h-mcmAP.mjs                                         6.19 kB │ gzip:   1.88 kB
.output/server/_ssr/badges-CDkl6SpB.mjs                                       6.25 kB │ gzip:   1.62 kB
.output/server/_ssr/property-dashboard-helpers-zsFJ_Pc1.mjs                   6.59 kB │ gzip:   1.57 kB
.output/server/_ssr/env-impl-eW6tqStn.mjs                                     6.63 kB │ gzip:   2.52 kB
.output/server/_libs/react-redux+[...].mjs                                    6.68 kB │ gzip:   2.09 kB
.output/server/_ssr/alert-dialog-BwXvdk80.mjs                                 6.75 kB │ gzip:   1.45 kB
.output/server/_ssr/page-header-DCEG9jKM.mjs                                  6.75 kB │ gzip:   1.60 kB
.output/server/_libs/stablelib__base64.mjs                                    6.76 kB │ gzip:   1.77 kB
.output/server/_libs/@tanstack/devtools-event-client+[...].mjs                6.76 kB │ gzip:   1.72 kB
.output/server/_ssr/members-CWRtsU7d.mjs                                      7.00 kB │ gzip:   1.89 kB
.output/server/_ssr/tooltip-BJehkrI4.mjs                                      7.13 kB │ gzip:   1.69 kB
.output/server/_libs/@aws-sdk/credential-provider-http+[...].mjs              7.14 kB │ gzip:   2.22 kB
.output/server/_ssr/progress-D5SCHu8v.mjs                                     7.16 kB │ gzip:   1.84 kB
.output/server/_libs/ts-pattern.mjs                                           7.24 kB │ gzip:   2.18 kB
.output/server/_ssr/organizations.registration-Cn98n58U.mjs                   7.71 kB │ gzip:   2.11 kB
.output/server/_ssr/select-BpgcO5eD.mjs                                       7.79 kB │ gzip:   1.88 kB
.output/server/_ssr/organizations.upload-BL4XNsYg.mjs                         8.02 kB │ gzip:   2.05 kB
.output/server/_libs/eventemitter3.mjs                                        8.32 kB │ gzip:   2.04 kB
.output/server/_libs/d3-array.mjs                                             8.46 kB │ gzip:   2.27 kB
.output/server/_ssr/portal-groups-BS1LbRoC.mjs                                8.62 kB │ gzip:   1.78 kB
.output/server/_libs/tanstack__react-query.mjs                                8.87 kB │ gzip:   2.14 kB
.output/server/_libs/@radix-ui/react-checkbox+[...].mjs                       8.93 kB │ gzip:   2.64 kB
.output/server/_ssr/notifications-GpXiXX4u.mjs                                9.20 kB │ gzip:   1.94 kB
.output/server/_libs/@aws-crypto/crc32+[...].mjs                              9.22 kB │ gzip:   3.26 kB
.output/server/_ssr/properties-DCM2VxbF.mjs                                   9.25 kB │ gzip:   2.14 kB
.output/server/_libs/floating-ui__react-dom.mjs                               9.43 kB │ gzip:   2.72 kB
.output/server/_libs/@tanstack/start-client-core+[...].mjs                    9.61 kB │ gzip:   2.75 kB
.output/server/_ssr/portals-wF7iULd5.mjs                                      9.67 kB │ gzip:   2.04 kB
.output/server/_ssr/fleet-overview-B-htql_E.mjs                              10.08 kB │ gzip:   2.18 kB
.output/server/_ssr/goals-xJ4z-0N8.mjs                                       10.10 kB │ gzip:   2.22 kB
.output/server/_libs/d3-color.mjs                                            10.45 kB │ gzip:   3.58 kB
.output/server/_libs/fast-sha256.mjs                                         10.49 kB │ gzip:   3.11 kB
.output/server/_libs/tanstack__history.mjs                                   10.71 kB │ gzip:   3.13 kB
.output/server/_ssr/beta-capabilities-iUQ-_079.mjs                           10.73 kB │ gzip:   3.59 kB
.output/server/_libs/radix-ui__react-popover.mjs                             10.74 kB │ gzip:   2.57 kB
.output/server/_libs/d3-format.mjs                                           11.11 kB │ gzip:   3.05 kB
.output/server/_libs/pinojs__redact.mjs                                      11.39 kB │ gzip:   2.44 kB
.output/server/_libs/neverthrow.mjs                                          12.48 kB │ gzip:   3.47 kB
.output/server/_ssr/middleware-DUEyF8l7.mjs                                  12.96 kB │ gzip:   4.35 kB
.output/server/_libs/h3.mjs                                                  14.05 kB │ gzip:   4.21 kB
.output/server/_ssr/helpers-CGxizFj-.mjs                                     14.41 kB │ gzip:   4.23 kB
.output/server/_ssr/portals-NdPWuWCS.mjs                                     14.44 kB │ gzip:   2.97 kB
.output/server/_ssr/dist-DCgsAmmP.mjs                                        14.57 kB │ gzip:   4.09 kB
.output/server/_libs/better-auth__memory-adapter.mjs                         14.85 kB │ gzip:   4.20 kB
.output/server/_ssr/leaderboard-_9lqym7b.mjs                                 15.30 kB │ gzip:   3.23 kB
.output/server/_libs/@smithy/credential-provider-imds+[...].mjs              15.42 kB │ gzip:   4.03 kB
.output/server/_libs/dnd-kit__sortable.mjs                                   15.60 kB │ gzip:   4.27 kB
.output/server/_ssr/guest-CnbpVqtb.mjs                                       16.26 kB │ gzip:   3.47 kB
.output/server/_ssr/image-upload-field-A4dUuJDZ.mjs                          16.75 kB │ gzip:   3.59 kB
.output/server/_libs/dnd-kit__accessibility+react.mjs                        16.89 kB │ gzip:   4.72 kB
.output/server/_libs/@better-auth/telemetry+[...].mjs                        17.41 kB │ gzip:   4.91 kB
.output/server/_libs/radix-ui__react-slider.mjs                              17.61 kB │ gzip:   4.45 kB
.output/server/_libs/@tanstack/react-form+[...].mjs                          17.65 kB │ gzip:   3.60 kB
.output/server/_tanstack-start-manifest_v-BmBg7gKQ.mjs                       17.65 kB │ gzip:   3.40 kB
.output/server/_libs/immer.mjs                                               17.87 kB │ gzip:   5.13 kB
.output/server/_ssr/home-XcZOicE_.mjs                                        18.34 kB │ gzip:   3.44 kB
.output/server/_libs/radix-ui__react-tooltip.mjs                             18.36 kB │ gzip:   4.25 kB
.output/server/_propertyId-P_NQLqOT.mjs                                      18.44 kB │ gzip:   3.73 kB
.output/server/_ssr/sidebar-CpBd36ue.mjs                                     18.84 kB │ gzip:   4.29 kB
.output/server/_ssr/settings-CXKFK7Ct.mjs                                    21.20 kB │ gzip:   3.83 kB
.output/server/_libs/@aws-sdk/credential-provider-ini+[...].mjs              22.30 kB │ gzip:   5.56 kB
.output/server/_libs/noble__hashes.mjs                                       22.47 kB │ gzip:   7.46 kB
.output/server/_libs/decimal.js-light.mjs                                    23.35 kB │ gzip:   6.91 kB
.output/server/_ssr/organization-2ib5XGFD.mjs                                24.36 kB │ gzip:   4.85 kB
.output/server/_goalId-DVh1BKuq.mjs                                          24.41 kB │ gzip:   4.51 kB
.output/server/_ssr/goals-YYybXbPZ.mjs                                       24.73 kB │ gzip:   4.92 kB
.output/server/_libs/d3-shape.mjs                                            25.74 kB │ gzip:   5.05 kB
.output/server/_ssr/team-Ce8_7s0W.mjs                                        25.88 kB │ gzip:   4.80 kB
.output/server/_libs/@floating-ui/dom+[...].mjs                              25.94 kB │ gzip:   6.60 kB
.output/server/_libs/@floating-ui/core+[...].mjs                             25.98 kB │ gzip:   6.39 kB
.output/server/_ssr/integration-Bqn5E0mP.mjs                                 26.68 kB │ gzip:   5.10 kB
.output/server/_ssr/server-qoghY-d_.mjs                                      28.89 kB │ gzip:   7.86 kB
.output/server/_authenticated-C8NnZxZ8.mjs                                   30.50 kB │ gzip:   6.78 kB
.output/server/_libs/@aws-sdk/credential-provider-sso+[...].mjs              30.91 kB │ gzip:   7.56 kB
.output/server/_ssr/auth-client-CRJ1ditI.mjs                                 31.50 kB │ gzip:   8.49 kB
.output/server/_libs/@tanstack/react-start+[...].mjs                         37.43 kB │ gzip:  10.46 kB
.output/server/_libs/resend+standardwebhooks.mjs                             38.10 kB │ gzip:   7.39 kB
.output/server/_ssr/default-query-compiler-pSRH6P1l.mjs                      41.73 kB │ gzip:   7.70 kB
.output/server/_libs/lucide-react.mjs                                        42.45 kB │ gzip:   7.92 kB
.output/server/_libs/@radix-ui/react-select+[...].mjs                        43.61 kB │ gzip:   9.45 kB
.output/server/_authenticated-BMK0hxXI.mjs                                   45.93 kB │ gzip:   7.01 kB
.output/server/_libs/noble__ciphers.mjs                                      47.15 kB │ gzip:  14.02 kB
.output/server/_ssr/new-Dhd2JSc6.mjs                                         49.41 kB │ gzip:  10.05 kB
.output/server/_ssr/people-WuBMYlD8.mjs                                      51.68 kB │ gzip:   9.11 kB
.output/server/_libs/sonner.mjs                                              52.03 kB │ gzip:  11.81 kB
.output/server/_ssr/error-codes-BbF0-gFl.mjs                                 52.57 kB │ gzip:  14.54 kB
.output/server/_libs/pngjs.mjs                                               56.79 kB │ gzip:  11.69 kB
.output/server/_libs/@radix-ui/react-dropdown-menu+[...].mjs                 58.52 kB │ gzip:  11.57 kB
.output/server/_libs/react-resizable-panels.mjs                              58.68 kB │ gzip:  12.61 kB
.output/server/_libs/d3-scale+[...].mjs                                      59.48 kB │ gzip:  12.19 kB
.output/server/_ssr/identity-py-jTACq.mjs                                    60.32 kB │ gzip:   9.23 kB
.output/server/_ssr/router-DN1t0Xnx.mjs                                      60.37 kB │ gzip:  14.46 kB
.output/server/_libs/@reduxjs/toolkit+[...].mjs                              62.49 kB │ gzip:  16.10 kB
.output/server/_libs/bowser.mjs                                              62.49 kB │ gzip:  11.05 kB
.output/server/_libs/opentelemetry__api.mjs                                  64.34 kB │ gzip:  12.29 kB
.output/server/_ssr/factory-Bp-uQDFz.mjs                                     66.77 kB │ gzip:  14.56 kB
.output/server/_libs/tanstack__query-core.mjs                                73.85 kB │ gzip:  15.33 kB
.output/server/_libs/qrcode.mjs                                              78.17 kB │ gzip:  18.70 kB
.output/server/_libs/aws-sdk__nested-clients.mjs                             79.26 kB │ gzip:  12.56 kB
.output/server/_ssr/headers-CMRxyGfb.mjs                                     83.90 kB │ gzip:  16.46 kB
.output/server/_libs/@radix-ui/react-alert-dialog+[...].mjs                  84.68 kB │ gzip:  19.56 kB
.output/server/_libs/tailwind-merge.mjs                                      88.17 kB │ gzip:  15.68 kB
.output/server/_libs/es-toolkit.mjs                                          91.77 kB │ gzip:  18.65 kB
.output/server/_libs/postal-mime.mjs                                         91.83 kB │ gzip:  25.68 kB
.output/server/_libs/@dnd-kit/core+[...].mjs                                 92.12 kB │ gzip:  20.64 kB
.output/server/_libs/ioredis__commands.mjs                                  103.82 kB │ gzip:  15.01 kB
.output/server/_libs/pino+[...].mjs                                         108.95 kB │ gzip:  24.52 kB
.output/server/_libs/@tanstack/form-core+[...].mjs                          111.97 kB │ gzip:  20.79 kB
.output/server/_ssr/inbox-page-v2-CCE-yoG3.mjs                              127.54 kB │ gzip:  21.77 kB
.output/server/_ssr/portal-B_uyshoP.mjs                                     155.53 kB │ gzip:  27.24 kB
.output/server/_ssr/ssr.mjs                                                 176.94 kB │ gzip:  47.55 kB
.output/server/_ssr/dist-DrtyEgeT.mjs                                       180.52 kB │ gzip:  31.54 kB
.output/server/_libs/ioredis.mjs                                            181.53 kB │ gzip:  46.28 kB
.output/server/_ssr/compiled-query-CeyQ0xKn.mjs                             219.59 kB │ gzip:  37.00 kB
.output/server/_libs/@opentelemetry/semantic-conventions+[...].mjs          289.43 kB │ gzip:  46.26 kB
.output/server/_libs/drizzle-orm.mjs                                        331.60 kB │ gzip:  68.49 kB
.output/server/_libs/@better-auth/kysely-adapter+[...].mjs                  481.11 kB │ gzip:  78.75 kB
.output/server/_libs/better-auth+[...].mjs                                  555.05 kB │ gzip: 111.43 kB
.output/server/_libs/recharts+[...].mjs                                     601.86 kB │ gzip: 120.06 kB
.output/server/_libs/@tanstack/react-router+[...].mjs                       665.91 kB │ gzip: 138.06 kB
.output/server/_ssr/auth-CKT8zfgr.mjs                                       706.63 kB │ gzip: 151.32 kB
.output/server/_libs/@aws-sdk/client-s3+[...].mjs                           730.08 kB │ gzip: 165.29 kB
.output/server/_ssr/composition-BSl58MrT.mjs                                774.46 kB │ gzip: 158.89 kB
.output/server/index.mjs                                                  1,009.42 kB │ gzip: 213.75 kB
.output/server/_libs/@better-auth/core+[...].mjs                          1,084.09 kB │ gzip: 195.26 kB
.output/server/_libs/bullmq+[...].mjs                                     1,139.97 kB │ gzip: 238.13 kB
.output/server/_chunks/router.mjs                                         1,177.96 kB │ gzip: 198.39 kB

✓ built in 1.43s
[info] Generated .output/nitro.json
[success] [nitro] You can preview this build using `npx vite preview`

(node:85037) [DEP0205] DeprecationWarning: `module.register()` is deprecated. Use `module.registerHooks()` instead.
(Use `node --trace-deprecation ...` to show where the warning was created)
[warn] `manualChunks` option is ignored because the `codeSplitting` option is specified.
