$ pnpm build:worker
started: 2026-08-24T23:02:42.588Z  durationMs: 1320  exit: 0


> reputation-key@ build:worker /private/tmp/repkey-fnd01.INMxZB/source
> tsup

CLI Building entry: {"index":"src/worker/index.ts","migrate-deploy":"scripts/migrate-deploy.ts","seed-e2e-user":"scripts/seed-e2e-user.ts","provision-ai-admission-role":"scripts/local-stack/provision-ai-admission-role.ts","google-import-final-schema-probe":"scripts/google-import-final-schema-probe.ts"}
CLI Using tsconfig: tsconfig.json
CLI tsup v8.5.1
CLI Using tsup config: /private/tmp/repkey-fnd01.INMxZB/source/tsup.config.ts
CLI Target: node22
CLI Cleaning output folder
ESM Build start
ESM dist-worker/migrate-deploy.js                       103.87 KB
ESM dist-worker/provision-ai-admission-role.js          2.71 KB
ESM dist-worker/google-import-final-schema-probe.js     2.64 KB
ESM dist-worker/seed-e2e-user.js                        519.32 KB
ESM dist-worker/google-import-final-schema-probe.js.map 3.83 KB
ESM dist-worker/migrate-deploy.js.map                   292.62 KB
ESM dist-worker/provision-ai-admission-role.js.map      3.98 KB
ESM dist-worker/index.js                                3.42 MB
ESM dist-worker/seed-e2e-user.js.map                    1.01 MB
ESM dist-worker/index.js.map                            7.15 MB
ESM ⚡️ Build success in 159ms

