$ pnpm check:dependency-audit
started: 2026-08-24T23:03:08.652Z  durationMs: 2911  exit: 0


> reputation-key@ check:dependency-audit /private/tmp/repkey-fnd01.INMxZB/source
> node scripts/check-dependency-audit.mjs

[dependency-audit] prod tree: {"info":0,"low":1,"moderate":2,"high":0,"critical":0} (fail threshold: high)
  • reported (below high threshold): moderate esbuild (GHSA-67mh-4wv8-2f99) patched: >=0.25.0 — esbuild enables any website to send any requests to the development server and read the response
    via (no dependency path reported)
  • reported (below high threshold): low esbuild (GHSA-g7r4-m6w7-qqqr) patched: >=0.28.1 — esbuild allows arbitrary file read when running the development server on Windows
    via (no dependency path reported)
  • reported (below high threshold): moderate postcss (GHSA-fxqj-rqcc-2cmp) patched: >=8.5.23 — PostCSS: incomplete fix of GHSA-6g55-p6wh-862q — attacker-controlled sourceMappingURL reads arbitrary .map files when `from` is unset
    via (no dependency path reported)
[dependency-audit] full tree: {"info":0,"low":2,"moderate":7,"high":0,"critical":0} (fail threshold: critical)
  • reported (below critical threshold): moderate esbuild (GHSA-67mh-4wv8-2f99) patched: >=0.25.0 — esbuild enables any website to send any requests to the development server and read the response
    via (no dependency path reported)
  • reported (below critical threshold): moderate uuid (GHSA-w5hq-g745-h8pq) patched: >=11.1.1 — uuid: Missing buffer bounds check in v3/v5/v6 when buf is provided
    via (no dependency path reported)
  • reported (below critical threshold): low esbuild (GHSA-g7r4-m6w7-qqqr) patched: >=0.28.1 — esbuild allows arbitrary file read when running the development server on Windows
    via (no dependency path reported)
  • reported (below critical threshold): moderate valibot (GHSA-5qjj-4xww-7phc) patched: >=1.4.2 — Valibot: record() issue paths can make flatten() throw for inherited Object property names
    via (no dependency path reported)
  • reported (below critical threshold): moderate postcss (GHSA-fxqj-rqcc-2cmp) patched: >=8.5.23 — PostCSS: incomplete fix of GHSA-6g55-p6wh-862q — attacker-controlled sourceMappingURL reads arbitrary .map files when `from` is unset
    via (no dependency path reported)
  • reported (below critical threshold): moderate hono (GHSA-8j4g-w8fx-2239) patched: >=4.12.34 — Hono: ReDoS in CORS middleware via Access-Control-Request-Headers
    via (no dependency path reported)
  • reported (below critical threshold): moderate hono (GHSA-f23p-vx2j-j53r) patched: >=4.12.34 — Hono: `memo()` retains SSR output across requests, leading to cross-user data disclosure
    via (no dependency path reported)
  • reported (below critical threshold): low hono (GHSA-79qm-7rj5-m7r9) patched: >=4.12.34 — Hono: Proxy Helper does not remove response headers listed in the `Connection` header
    via (no dependency path reported)
  • reported (below critical threshold): moderate hono (GHSA-54fx-42gc-7vw4) patched: >=4.12.34 — Hono: Algorithmic Complexity DoS in Language Middleware
    via (no dependency path reported)
[dependency-audit] OK — no advisories at/above threshold (0 active exception(s))

