$ pnpm build-storybook
started: 2026-08-08T14:10:07.689Z  durationMs: 10708  exit: 0


> reputation-key@ build-storybook /Users/bozhidardenev/kodes/projects/rep-key
> storybook build


┌  Building storybook v10.4.6
│
◇  Cleaning outputDir: storybook-static
│
◇  Loading presets
│
◇  Building manager..
│
▲  unable to find package.json for radix-ui
│
●  Building preview..
│  Vite vite v8.1.4 building client environment for production...
[2Ktransforming...✓ 3269 modules transformed.
rendering chunks...
computing gzip size...
│  Vite storybook-static/iframe.html
│  19.49 kB │ gzip:   5.42 kB
│  storybook-static/assets/iframe-CahafcXQ.css
│  122.40 kB │ gzip:  19.67 kB
│  storybook-static/assets/mock-action-ClEuzrDR.js
│  0.12 kB │ gzip:   0.13 kB
│  storybook-static/assets/chunk-242VQQM5-Bvks-qQ6.js
│  0.22 kB │ gzip:   0.19 kB
│  storybook-static/assets/chunk-S2IHWCOG-DVwvO9OI.js
│  0.24 kB │ gzip:   0.17 kB
│  storybook-static/assets/formatter-L2YTDE3Q-77SUbkyg.js
│  0.28 kB │ gzip:   0.23 kB
│  storybook-static/assets/use-property-id-BDrEYwp1.js
│  0.28 kB │ gzip:   0.23 kB
│  storybook-static/assets/skeleton-Bm5FPzZv.js
│  0.38 kB │ gzip:   0.29 kB
│  storybook-static/assets/utils-yYMvdLGc.js
│  0.39 kB │ gzip:   0.22 kB
│  storybook-static/assets/assert-DUSX_Psv.js
│  0.41 kB │ gzip:   0.29 kB
│  storybook-static/assets/jsx-runtime-cM__dR4X.js
│  0.43 kB │ gzip:   0.30 kB
│  storybook-static/assets/put-file-presigned-BUt6ynC2.js
│  0.44 kB │ gzip:   0.33 kB
│  storybook-static/assets/usePermissions-DIelgvbG.js
│  0.46 kB │ gzip:   0.30 kB
│  storybook-static/assets/use-action-B5alHoVn.js
│  0.47 kB │ gzip:   0.31 kB
│  storybook-static/assets/errors-DUMVIhL8.js
│  0.47 kB │ gzip:   0.31 kB
│  storybook-static/assets/observability-logger-DF9nC8BQ.js
│  0.47 kB │ gzip:   0.25 kB
│  storybook-static/assets/dashboard.dto-DKMjvOm6.js
│  0.50 kB │ gzip:   0.28 kB
│  storybook-static/assets/reply-editor-BIsMT2f1.js
│  0.52 kB │ gzip:   0.35 kB
│  storybook-static/assets/react-BNRollqU.js
│  0.53 kB │ gzip:   0.33 kB
│  storybook-static/assets/ids-CfCiC3WN.js
│  0.54 kB │ gzip:   0.21 kB
│  storybook-static/assets/clipboard-DblthX9T.js
│  0.55 kB │ gzip:   0.35 kB
│  storybook-static/assets/inbox-visit-badge-B0S_zgxR.js
│  0.63 kB │ gzip:   0.44 kB
│  storybook-static/assets/use-action-mutation-BO6L38tI.js
│  0.64 kB │ gzip:   0.42 kB
│  storybook-static/assets/label-BFtv5Sbp.js
│  0.65 kB │ gzip:   0.41 kB
│  storybook-static/assets/form-error-banner-DrF6xejd.js
│  0.66 kB │ gzip:   0.43 kB
│  storybook-static/assets/copy-button-Du6qxlXW.js
│  0.66 kB │ gzip:   0.44 kB
│  storybook-static/assets/submit-button-D-Gjzz5E.js
│  0.69 kB │ gzip:   0.45 kB
│  storybook-static/assets/empty-state-CxqXbClt.js
│  0.69 kB │ gzip:   0.39 kB
│  storybook-static/assets/textarea-BuPAbSKe.js
│  0.70 kB │ gzip:   0.44 kB
│  storybook-static/assets/dist-_sK2mquH.js
│  0.73 kB │ gzip:   0.44 kB
│  storybook-static/assets/property-filter-select-B6ADtI92.js
│  0.73 kB │ gzip:   0.44 kB
│  storybook-static/assets/form-textarea-UrcWC98i.js
│  0.80 kB │ gzip:   0.49 kB
│  storybook-static/assets/separator-DJHNkBTo.js
│  0.82 kB │ gzip:   0.44 kB
│  storybook-static/assets/progress-bar-CvO1Ok7U.js
│  0.84 kB │ gzip:   0.50 kB
│  storybook-static/assets/form-text-field-Z0_foJN5.js
│  0.84 kB │ gzip:   0.50 kB
│  storybook-static/assets/guest-aQX81XTQ.js
│  0.84 kB │ gzip:   0.46 kB
│  storybook-static/assets/shim-DdZbLAeN.js
│  0.85 kB │ gzip:   0.46 kB
│  storybook-static/assets/location-row-DDWV-Q8x.js
│  0.91 kB │ gzip:   0.52 kB
│  storybook-static/assets/chunk-IMSF75WX-B7deL_NI.js
│  0.94 kB │ gzip:   0.56 kB
│  storybook-static/assets/import-status-badge-uruYN5Ho.js
│  0.99 kB │ gzip:   0.54 kB
│  storybook-static/assets/connect-google-button-CypnbVLo.js
│  1.02 kB │ gzip:   0.62 kB
│  storybook-static/assets/AuthedRouterDecorator-BkRUd_j4.js
│  1.02 kB │ gzip:   0.57 kB
│  storybook-static/assets/input-DaYDvtGP.js
│  1.03 kB │ gzip:   0.57 kB
│  storybook-static/assets/location-picker-EO9AqpEg.js
│  1.04 kB │ gzip:   0.57 kB
│  storybook-static/assets/inbox-status-badge-BL5JNtiW.js
│  1.05 kB │ gzip:   0.57 kB
│  storybook-static/assets/inbox-visit-badge.stories-Ds4Bstfv.js
│  1.06 kB │ gzip:   0.45 kB
│  storybook-static/assets/cookie-consent-banner-fMqhjgnG.js
│  1.07 kB │ gzip:   0.64 kB
│  storybook-static/assets/inbox-bulk-actions-XcVitrxl.js
│  1.17 kB │ gzip:   0.65 kB
│  storybook-static/assets/inbox-detail-helpers-3R3xyJqP.js
│  1.17 kB │ gzip:   0.60 kB
│  storybook-static/assets/rolldown-runtime-DaJ6WEGw.js
│  1.17 kB │ gzip:   0.66 kB
│  storybook-static/assets/checkbox--PxNvLQb.js
│  1.17 kB │ gzip:   0.60 kB
│  storybook-static/assets/preload-helper-si3HNj2m.js
│  1.29 kB │ gzip:   0.73 kB
│  storybook-static/assets/public-api-BruJU94t.js
│  1.30 kB │ gzip:   0.73 kB
│  storybook-static/assets/invitation.dto-D_bqPTKy.js
│  1.42 kB │ gzip:   0.54 kB
│  storybook-static/assets/alert-B3wgcjUm.js
│  1.44 kB │ gzip:   0.65 kB
│  storybook-static/assets/page-states-2DxgsIuX.js
│  1.51 kB │ gzip:   0.76 kB
│  storybook-static/assets/import-status-badge.stories-DHiNyX2S.js
│  1.51 kB │ gzip:   0.52 kB
│  storybook-static/assets/notification-popover-content-B0_CItcu.js
│  1.53 kB │ gzip:   0.69 kB
│  storybook-static/assets/switch-CMzHggUo.js
│  1.54 kB │ gzip:   0.75 kB
│  storybook-static/assets/portal-selector-DNMft08v.js
│  1.64 kB │ gzip:   0.79 kB
│  storybook-static/assets/reply-editor-compose-D3pLW65x.js
│  1.64 kB │ gzip:   0.82 kB
│  storybook-static/assets/query-keys-CKHCfoJg.js
│  1.66 kB │ gzip:   0.63 kB
│  storybook-static/assets/location-row.stories-d6ue4SCV.js
│  1.68 kB │ gzip:   0.65 kB
│  storybook-static/assets/edit-staff-portals-modal-CdkYkhxH.js
│  1.72 kB │ gzip:   0.91 kB
│  storybook-static/assets/tooltip-b9A8hYnG.js
│  1.73 kB │ gzip:   0.74 kB
│  storybook-static/assets/import-locations-section-Diqgj7dx.js
│  1.74 kB │ gzip:   0.79 kB
│  storybook-static/assets/badge-DWxKem-k.js
│  1.75 kB │ gzip:   0.83 kB
│  storybook-static/assets/goal.dto-BOHGvEM0.js
│  1.81 kB │ gzip:   0.73 kB
│  storybook-static/assets/link-tree.stories-BT-el-o8.js
│  1.82 kB │ gzip:   0.76 kB
│  storybook-static/assets/location-picker.stories-BXul71zR.js
│  1.86 kB │ gzip:   0.75 kB
│  storybook-static/assets/card-iJ0P0y8g.js
│  1.86 kB │ gzip:   0.63 kB
│  storybook-static/assets/feedback-form-BYSfnnr6.js
│  1.90 kB │ gzip:   1.01 kB
│  storybook-static/assets/inbox-detail-sheet-BrdAQvKg.js
│  2.05 kB │ gzip:   0.96 kB
│  storybook-static/assets/alert.stories-bj8n7JkA.js
│  2.08 kB │ gzip:   0.73 kB
│  storybook-static/assets/inbox-real-logic.stories-WuasZovY.js
│  2.21 kB │ gzip:   0.96 kB
│  storybook-static/assets/badge.stories-BXX3mX1r.js
│  2.23 kB │ gzip:   0.75 kB
│  storybook-static/assets/popover-K-WYdJjy.js
│  2.23 kB │ gzip:   0.79 kB
│  storybook-static/assets/breadcrumb-DVagnOhn.js
│  2.26 kB │ gzip:   0.81 kB
│  storybook-static/assets/table-BzOWctYW.js
│  2.27 kB │ gzip:   0.72 kB
│  storybook-static/assets/button-BJHfhNE4.js
│  2.30 kB │ gzip:   1.00 kB
│  storybook-static/assets/page-header-B-eR_b99.js
│  2.41 kB │ gzip:   1.18 kB
│  storybook-static/assets/theme-preset-selector-BfpYzby4.js
│  2.43 kB │ gzip:   1.00 kB
│  storybook-static/assets/skeleton.stories-CFURhTPE.js
│  2.44 kB │ gzip:   0.70 kB
│  storybook-static/assets/inbox-notes-thread-BOLGgoGx.js
│  2.45 kB │ gzip:   1.17 kB
│  storybook-static/assets/card.stories-CrrJhSDG.js
│  2.52 kB │ gzip:   0.86 kB
│  storybook-static/assets/cookie-consent-banner.stories-T2DuBN4c.js
│  2.52 kB │ gzip:   0.88 kB
│  storybook-static/assets/connect-google-button.stories-Bh7BXOsw.js
│  2.57 kB │ gzip:   0.90 kB
│  storybook-static/assets/reply-editor.stories-DCNH782B.js
│  2.75 kB │ gzip:   1.05 kB
│  storybook-static/assets/dropdown-menu-BJ7egy8b.js
│  2.89 kB │ gzip:   1.09 kB
│  storybook-static/assets/inbox-detail-panel.stories-Bo9gmNeP.js
│  2.95 kB │ gzip:   1.10 kB
│  storybook-static/assets/chunk-YK43Z22A-Jxr8JE2e.js
│  3.04 kB │ gzip:   1.26 kB
│  storybook-static/assets/import-locations-section.stories-gV8fwGVt.js
│  3.12 kB │ gzip:   0.80 kB
│  storybook-static/assets/inbox-notes-thread.stories-BsJIKxuD.js
│  3.13 kB │ gzip:   1.19 kB
│  storybook-static/assets/reply-editor-actions-DfINjzi4.js
│  3.13 kB │ gzip:   0.91 kB
│  storybook-static/assets/field-DeNrDT5C.js
│  3.21 kB │ gzip:   1.21 kB
│  storybook-static/assets/form-error-banner.stories-CcOIgRqa.js
│  3.26 kB │ gzip:   0.85 kB
│  storybook-static/assets/inbox-list-v2-4BZM2s7S.js
│  3.28 kB │ gzip:   1.32 kB
│  storybook-static/assets/inbox-detail-sheet.stories-B7APeODd.js
│  3.30 kB │ gzip:   1.14 kB
│  storybook-static/assets/edit-portal-form-C7y09YrL.js
│  3.36 kB │ gzip:   1.43 kB
│  storybook-static/assets/tabs-Dpef5_um.js
│  3.49 kB │ gzip:   1.13 kB
│  storybook-static/assets/reply-editor-compose.stories-D57juKjY.js
│  3.49 kB │ gzip:   1.07 kB
│  storybook-static/assets/inbox-list-v2.stories-CbjtJYAj.js
│  3.52 kB │ gzip:   1.29 kB
│  storybook-static/assets/react-dom-B1QpGJWr.js
│  3.57 kB │ gzip:   1.36 kB
│  storybook-static/assets/notification-panel-KOk3FxVf.js
│  3.60 kB │ gzip:   1.54 kB
│  storybook-static/assets/public-portal-content-C6SYEoOI.js
│  3.65 kB │ gzip:   1.52 kB
│  storybook-static/assets/remove-member-dialog.stories-B4y4iOzs.js
│  3.68 kB │ gzip:   1.37 kB
│  storybook-static/assets/public-portal-content.stories-P6T80jPJ.js
│  3.69 kB │ gzip:   1.29 kB
│  storybook-static/assets/page-states.stories-Dvq0NAgW.js
│  3.70 kB │ gzip:   1.12 kB
│  storybook-static/assets/create-portal-form-Bn70zl_7.js
│  3.70 kB │ gzip:   1.53 kB
│  storybook-static/assets/sheet-x7WRAoab.js
│  3.75 kB │ gzip:   1.20 kB
│  storybook-static/assets/dialog-COOs3BXn.js
│  3.77 kB │ gzip:   1.24 kB
│  storybook-static/assets/goal-progress-ring-B4f2Z9qE.js
│  3.85 kB │ gzip:   1.86 kB
│  storybook-static/assets/inbox-bulk-actions.stories-BtG_-6lY.js
│  3.87 kB │ gzip:   1.21 kB
│  storybook-static/assets/property-dashboard-helpers-CtXg6CXt.js
│  3.97 kB │ gzip:   1.37 kB
│  storybook-static/assets/goal-progress-ring.stories-ColcwMG9.js
│  3.98 kB │ gzip:   1.07 kB
│  storybook-static/assets/goal-trajectory-graph.stories-DDKoPcuR.js
│  4.03 kB │ gzip:   1.57 kB
│  storybook-static/assets/chunk-3LY4VQVK-cr5yT4tK.js
│  4.04 kB │ gzip:   1.72 kB
│  storybook-static/assets/notification-list-body.stories-ZDABjdNf.js
│  4.31 kB │ gzip:   1.05 kB
│  storybook-static/assets/edit-staff-portals-modal.stories-E2vs7mEO.js
│  4.42 kB │ gzip:   1.45 kB
│  storybook-static/assets/portal-settings-DLHd-mnW.js
│  4.43 kB │ gzip:   1.52 kB
│  storybook-static/assets/reset-password-form.stories-B9dGxXM1.js
│  4.51 kB │ gzip:   1.71 kB
│  storybook-static/assets/create-portal-form.stories-COkSSwRO.js
│  4.52 kB │ gzip:   1.45 kB
│  storybook-static/assets/reply-form.stories-DxKxU7nj.js
│  4.70 kB │ gzip:   1.62 kB
│  storybook-static/assets/inbox-detail-panel-D1n2p56q.js
│  4.73 kB │ gzip:   1.45 kB
│  storybook-static/assets/alert-dialog-DnsC1SXe.js
│  4.81 kB │ gzip:   1.33 kB
│  storybook-static/assets/login-form.stories-B_SQWzj0.js
│  4.92 kB │ gzip:   1.75 kB
│  storybook-static/assets/portal-settings.stories-AOwVwSc7.js
│  4.98 kB │ gzip:   1.61 kB
│  storybook-static/assets/import-progress.stories-rcAkrqsS.js
│  5.02 kB │ gzip:   1.53 kB
│  storybook-static/assets/assign-staff-form-ByUfT2jk.js
│  5.05 kB │ gzip:   1.99 kB
│  storybook-static/assets/submit-button.stories-B2z98vJY.js
│  5.16 kB │ gzip:   1.30 kB
│  storybook-static/assets/notification-popover-content.stories-BYLXtqcx.js
│  5.21 kB │ gzip:   1.24 kB
│  storybook-static/assets/form-textarea.stories-BPpZ0qG0.js
│  5.29 kB │ gzip:   1.44 kB
│  storybook-static/assets/feedback-form.stories-BslEQJhk.js
│  5.34 kB │ gzip:   1.23 kB
│  storybook-static/assets/reply-editor-actions.stories-CaYA524G.js
│  5.35 kB │ gzip:   1.31 kB
│  storybook-static/assets/select-CeXiy9n9.js
│  5.40 kB │ gzip:   1.75 kB
│  storybook-static/assets/form-text-field.stories-CKThpFxq.js
│  5.44 kB │ gzip:   1.46 kB
│  storybook-static/assets/image-upload-field.stories-CwBJ4rtH.js
│  5.49 kB │ gzip:   1.64 kB
│  storybook-static/assets/edit-portal-form.stories-CYZFt2v5.js
│  5.55 kB │ gzip:   1.84 kB
│  storybook-static/assets/button.stories-Bo29WWA6.js
│  5.57 kB │ gzip:   1.43 kB
│  storybook-static/assets/assign-staff-form.stories-D2QzR3Se.js
│  5.76 kB │ gzip:   1.63 kB
│  storybook-static/assets/inbox-filters.stories-CLSrcJY6.js
│  5.88 kB │ gzip:   1.80 kB
│  storybook-static/assets/form-controls.stories-CW4cjGIz.js
│  5.90 kB │ gzip:   1.47 kB
│  storybook-static/assets/notification-list-body-Bl_o6x5-.js
│  5.96 kB │ gzip:   2.18 kB
│  storybook-static/assets/data-display.stories-3-tUxMSr.js
│  6.06 kB │ gzip:   1.39 kB
│  storybook-static/assets/settings-sidebar.stories-BCihSk1S.js
│  6.15 kB │ gzip:   1.68 kB
│  storybook-static/assets/complex.stories-DCT-ykH_.js
│  6.21 kB │ gzip:   2.17 kB
│  storybook-static/assets/property-list-page.stories-Did-A-Gf.js
│  6.24 kB │ gzip:   2.24 kB
│  storybook-static/assets/import-connected-view.stories-IahxrytB.js
│  6.56 kB │ gzip:   2.28 kB
│  storybook-static/assets/portal-creation-with-preview.stories-CsYXlaKK.js
│  6.61 kB │ gzip:   2.13 kB
│  storybook-static/assets/domain-Cx1dIiVi.js
│  6.63 kB │ gzip:   1.97 kB
│  storybook-static/assets/reply-form-CmdfiXfe.js
│  6.83 kB │ gzip:   2.18 kB
│  storybook-static/assets/organization-settings-form.stories-BmYmPWWM.js
│  7.07 kB │ gzip:   2.49 kB
│  storybook-static/assets/profile-settings-form.stories-DiIebX7K.js
│  7.08 kB │ gzip:   2.59 kB
│  storybook-static/assets/react-stKLvptg.js
│  7.53 kB │ gzip:   2.88 kB
│  storybook-static/assets/image-upload-field-C8jTftUu.js
│  7.92 kB │ gzip:   2.60 kB
│  storybook-static/assets/notification-panel.stories-BgxLgJem.js
│  8.00 kB │ gzip:   2.06 kB
│  storybook-static/assets/helpers-BlFxxV0E.js
│  8.05 kB │ gzip:   2.98 kB
│  storybook-static/assets/security-settings-form.stories-DhT-yHKr.js
│  8.30 kB │ gzip:   2.37 kB
│  storybook-static/assets/invite-member-form.stories-CYX50FhJ.js
│  8.50 kB │ gzip:   2.95 kB
│  storybook-static/assets/simple-visual.stories-DJIGjxvN.js
│  8.56 kB │ gzip:   2.52 kB
│  storybook-static/assets/register-form.stories-Li-xkG6L.js
│  8.86 kB │ gzip:   2.31 kB
│  storybook-static/assets/overlays.stories-DNqHCm10.js
│  8.98 kB │ gzip:   2.32 kB
│  storybook-static/assets/inbox-detail-content-BKt6ngyn.js
│  9.25 kB │ gzip:   2.83 kB
│  storybook-static/assets/portal-list-page.stories-9_AZRuCg.js
│  9.60 kB │ gzip:   2.91 kB
│  storybook-static/assets/staff-sidebar.stories-DswaSnv5.js
│  9.76 kB │ gzip:   2.70 kB
│  storybook-static/assets/manager-sidebar.stories-CgBIC6c2.js
│  9.84 kB │ gzip:   2.91 kB
│  storybook-static/assets/inbox-detail-content.stories-C43SA_B0.js
│  11.04 kB │ gzip:   2.50 kB
│  storybook-static/assets/fleet-overview.stories-B8qLqdKP.js
│  12.82 kB │ gzip:   3.73 kB
│  storybook-static/assets/inputs-nav.stories-BZdwTsgH.js
│  13.55 kB │ gzip:   2.77 kB
│  storybook-static/assets/property-dashboard.stories-BkkLdZko.js
│  13.74 kB │ gzip:   4.23 kB
│  storybook-static/assets/goal-detail-page.stories-Bp-smy0a.js
│  15.72 kB │ gzip:   4.55 kB
│  storybook-static/assets/goals-list-page.stories-CllSifYY.js
│  17.36 kB │ gzip:   4.82 kB
│  storybook-static/assets/staff-home.stories-BFnjMD-l.js
│  17.95 kB │ gzip:   5.40 kB
│  storybook-static/assets/sidebar-BRXdOAm4.js
│  18.24 kB │ gzip:   4.38 kB
│  storybook-static/assets/goal-create-form.stories-CQAELrZ7.js
│  20.31 kB │ gzip:   6.31 kB
│  storybook-static/assets/chunk-LITCR56V-D8BV120l.js
│  22.03 kB │ gzip:   7.32 kB
│  storybook-static/assets/lucide-react-Dka_L0JO.js
│  22.45 kB │ gzip:   8.28 kB
│  storybook-static/assets/color-picker-4iXkglDN.js
│  24.26 kB │ gzip:   7.03 kB
│  storybook-static/assets/inbox-container-DQ4Lt78a.js
│  24.69 kB │ gzip:   6.42 kB
│  storybook-static/assets/utils-2FpYvcha.js
│  27.61 kB │ gzip:   8.93 kB
│  storybook-static/vite-inject-mocker-entry.js
│  27.86 kB │ gzip:   9.66 kB
│  storybook-static/assets/matchers-JIUQ3HVY-KbDH9QY-.js
│  28.76 kB │ gzip:   9.67 kB
│  storybook-static/assets/Color-KMSTOMOX-Bc8sw5s_.js
│  30.98 kB │ gzip:  11.64 kB
│  storybook-static/assets/dist-DFuY2vXz.js
│  32.70 kB │ gzip:   9.22 kB
│  storybook-static/assets/WithTooltip-7X4HQR7L-DvksyPdL.js
│  32.77 kB │ gzip:  11.49 kB
│  storybook-static/assets/people-page.stories-CVBIvrQg.js
│  36.57 kB │ gzip:   8.93 kB
│  storybook-static/assets/app-top-bar.stories-kPHL6ghY.js
│  41.46 kB │ gzip:  14.55 kB
│  storybook-static/assets/portal-detail-page.stories-DnLDCKQT.js
│  43.26 kB │ gzip:  15.24 kB
│  storybook-static/assets/docs-tools-DKxu3TpW.js
│  54.16 kB │ gzip:  15.29 kB
│  storybook-static/assets/theming-spHi7Qaj.js
│  55.36 kB │ gzip:  21.39 kB
│  storybook-static/assets/link-tree-BHhBba9f.js
│  61.95 kB │ gzip:  19.89 kB
│  storybook-static/assets/esm-CUuSOKNN.js
│  64.32 kB │ gzip:  16.00 kB
│  storybook-static/assets/inbox-page.stories-DiwLDNJC.js
│  65.55 kB │ gzip:  19.31 kB
│  storybook-static/assets/v4-MkxIZn6g.js
│  68.26 kB │ gzip:  18.68 kB
│  storybook-static/assets/syntaxhighlighter-RTCFPKCB-PhKCfDGv.js
│  76.55 kB │ gzip:  27.56 kB
│  storybook-static/assets/dist-lbqPwUBV.js
│  132.90 kB │ gzip:  42.66 kB
│  storybook-static/assets/react-18-BFz1d3Fh.js
│  179.12 kB │ gzip:  56.69 kB
│  storybook-static/assets/DocsRenderer-JROSPFPF-D3-JZVBD.js
│  184.68 kB │ gzip:  58.70 kB
│  storybook-static/assets/chart-C-yGz-zW.js
│  401.65 kB │ gzip: 119.76 kB
│  storybook-static/assets/components-CDO8bd74.js
│  550.57 kB │ gzip: 175.18 kB
│  storybook-static/assets/axe-BshuUsh3.js
│  579.35 kB │ gzip: 158.45 kB
│  storybook-static/assets/iframe-CqstOLkv.js
│  1,170.37 kB │ gzip: 334.94 kB

│
▲  Vite [33m[PLUGIN_TIMINGS] [0mYour build spent significant time in plugins.
│  Here is a breakdown:
│  - storybook:project-annotations-plugin (68%)
│  - plugin-csf (10%)
│  - storybook:react-docgen-plugin (8%)
│  - storybook:mock-loader (8%)
│  - storybook:code-generator-plugin (3%)
│  See ]8;;https://rolldown.rs/reference/InputOptions.checks#plugintimingshttps://rolldown.rs/reference/InputOptions.checks#plugintimings]8;;
│  for more details.

│
▲  Vite [plugin builtin:vite-reporter]
│  (!) Some chunks are larger than 500 kB after minification. Consider:
│  - Using dynamic import() to code-split the application
│  - Use build.rolldownOptions.output.codeSplitting to improve chunking:
│  ]8;;https://rolldown.rs/reference/OutputOptions.codeSplittinghttps://rolldown.rs/reference/OutputOptions.codeSplitting]8;;
│  - Adjust chunk size limit for this warning via
│  build.chunkSizeWarningLimit.
│  Vite ✓ built in 6.79s
│
◇  Output directory:
│  /Users/bozhidardenev/kodes/projects/rep-key/storybook-static
│
└  Storybook build completed successfully


(node:56934) [DEP0205] DeprecationWarning: `module.register()` is deprecated. Use `module.registerHooks()` instead.
(Use `node --trace-deprecation ...` to show where the warning was created)
