BQC-0.5 baseline @ 718fad180 → /Users/bozhidardenev/kodes/projects/rep-key/docs/release-evidence/review/718fad1807b7422885584660bd3580f2a3a49113/local-darwin-arm64-node22.23.2/gates/evidence/baseline-2026-08-24T23-01-17
── format: running… pass (15s)
── types: running… pass (20s)
── lint: running… pass (12s)
── migrations: SKIPPED (missing DATABASE_URL)
── unit: running… pass (32s)
── integration: SKIPPED (missing DATABASE_URL)
── build-web: running… pass (6s)
── build-worker: running… pass (1s)
── build-ai-egress-gateway: running… pass (0s)
── storybook-build: running… pass (7s)
── storybook-test: running… fail (18s)
── dependency-audit: running… pass (3s)
── fallow-dead-code: running… pass (1s)
── fallow-duplication: running… pass (0s)
── fallow-health: running… pass (1s)
── seed-e2e: SKIPPED (missing E2E_TEST_EMAIL)
── e2e-critical: SKIPPED (missing E2E_TEST_EMAIL)
── e2e-full: SKIPPED (missing E2E_TEST_EMAIL)

Baseline: 12/18 pass — FAILED: storybook-test
Manifest: /Users/bozhidardenev/kodes/projects/rep-key/docs/release-evidence/review/718fad1807b7422885584660bd3580f2a3a49113/local-darwin-arm64-node22.23.2/gates/evidence/baseline-2026-08-24T23-01-17/baseline.json

